No CUDA module loaded
No Python module loaded
Creating Python virtual environment venv_finetune_llama_8b at /scratch-shared/mschaffelder/venv_finetune_llama_8b using Python 3.9.18
Activating virtual environment: /scratch-shared/mschaffelder/venv_finetune_llama_8b
Requirement already satisfied: pip in /gpfs/scratch1/shared/mschaffelder/venv_finetune_llama_8b/lib/python3.9/site-packages (21.2.3)
Collecting pip
  Using cached pip-25.1.1-py3-none-any.whl (1.8 MB)
Installing collected packages: pip
  Attempting uninstall: pip
    Found existing installation: pip 21.2.3
    Uninstalling pip-21.2.3:
      Successfully uninstalled pip-21.2.3
Successfully installed pip-25.1.1
Collecting torch>=2.0 (from -r requirements.txt (line 1))
  Using cached torch-2.7.1-cp39-cp39-manylinux_2_28_x86_64.whl.metadata (29 kB)
Collecting transformers>=4.36.0 (from -r requirements.txt (line 2))
  Using cached transformers-4.52.4-py3-none-any.whl.metadata (38 kB)
Collecting datasets>=2.14.0 (from -r requirements.txt (line 3))
  Using cached datasets-3.6.0-py3-none-any.whl.metadata (19 kB)
Collecting peft>=0.5.0 (from -r requirements.txt (line 4))
  Using cached peft-0.15.2-py3-none-any.whl.metadata (13 kB)
Collecting accelerate>=1.7.0 (from -r requirements.txt (line 5))
  Downloading accelerate-1.8.0-py3-none-any.whl.metadata (19 kB)
Collecting sentencepiece (from -r requirements.txt (line 6))
  Using cached sentencepiece-0.2.0-cp39-cp39-manylinux_2_17_x86_64.manylinux2014_x86_64.whl.metadata (7.7 kB)
Collecting huggingface_hub (from -r requirements.txt (line 7))
  Using cached huggingface_hub-0.33.0-py3-none-any.whl.metadata (14 kB)
Collecting filelock (from torch>=2.0->-r requirements.txt (line 1))
  Using cached filelock-3.18.0-py3-none-any.whl.metadata (2.9 kB)
Collecting typing-extensions>=4.10.0 (from torch>=2.0->-r requirements.txt (line 1))
  Using cached typing_extensions-4.14.0-py3-none-any.whl.metadata (3.0 kB)
Collecting sympy>=1.13.3 (from torch>=2.0->-r requirements.txt (line 1))
  Using cached sympy-1.14.0-py3-none-any.whl.metadata (12 kB)
Collecting networkx (from torch>=2.0->-r requirements.txt (line 1))
  Using cached networkx-3.2.1-py3-none-any.whl.metadata (5.2 kB)
Collecting jinja2 (from torch>=2.0->-r requirements.txt (line 1))
  Using cached jinja2-3.1.6-py3-none-any.whl.metadata (2.9 kB)
Collecting fsspec (from torch>=2.0->-r requirements.txt (line 1))
  Using cached fsspec-2025.5.1-py3-none-any.whl.metadata (11 kB)
Collecting nvidia-cuda-nvrtc-cu12==12.6.77 (from torch>=2.0->-r requirements.txt (line 1))
  Using cached nvidia_cuda_nvrtc_cu12-12.6.77-py3-none-manylinux2014_x86_64.whl.metadata (1.5 kB)
Collecting nvidia-cuda-runtime-cu12==12.6.77 (from torch>=2.0->-r requirements.txt (line 1))
  Using cached nvidia_cuda_runtime_cu12-12.6.77-py3-none-manylinux2014_x86_64.manylinux_2_17_x86_64.whl.metadata (1.5 kB)
Collecting nvidia-cuda-cupti-cu12==12.6.80 (from torch>=2.0->-r requirements.txt (line 1))
  Using cached nvidia_cuda_cupti_cu12-12.6.80-py3-none-manylinux2014_x86_64.manylinux_2_17_x86_64.whl.metadata (1.6 kB)
Collecting nvidia-cudnn-cu12==9.5.1.17 (from torch>=2.0->-r requirements.txt (line 1))
  Using cached nvidia_cudnn_cu12-9.5.1.17-py3-none-manylinux_2_28_x86_64.whl.metadata (1.6 kB)
Collecting nvidia-cublas-cu12==12.6.4.1 (from torch>=2.0->-r requirements.txt (line 1))
  Using cached nvidia_cublas_cu12-12.6.4.1-py3-none-manylinux2014_x86_64.manylinux_2_17_x86_64.whl.metadata (1.5 kB)
Collecting nvidia-cufft-cu12==11.3.0.4 (from torch>=2.0->-r requirements.txt (line 1))
  Using cached nvidia_cufft_cu12-11.3.0.4-py3-none-manylinux2014_x86_64.manylinux_2_17_x86_64.whl.metadata (1.5 kB)
Collecting nvidia-curand-cu12==10.3.7.77 (from torch>=2.0->-r requirements.txt (line 1))
  Using cached nvidia_curand_cu12-10.3.7.77-py3-none-manylinux2014_x86_64.manylinux_2_17_x86_64.whl.metadata (1.5 kB)
Collecting nvidia-cusolver-cu12==11.7.1.2 (from torch>=2.0->-r requirements.txt (line 1))
  Using cached nvidia_cusolver_cu12-11.7.1.2-py3-none-manylinux2014_x86_64.manylinux_2_17_x86_64.whl.metadata (1.6 kB)
Collecting nvidia-cusparse-cu12==12.5.4.2 (from torch>=2.0->-r requirements.txt (line 1))
  Using cached nvidia_cusparse_cu12-12.5.4.2-py3-none-manylinux2014_x86_64.manylinux_2_17_x86_64.whl.metadata (1.6 kB)
Collecting nvidia-cusparselt-cu12==0.6.3 (from torch>=2.0->-r requirements.txt (line 1))
  Using cached nvidia_cusparselt_cu12-0.6.3-py3-none-manylinux2014_x86_64.whl.metadata (6.8 kB)
Collecting nvidia-nccl-cu12==2.26.2 (from torch>=2.0->-r requirements.txt (line 1))
  Using cached nvidia_nccl_cu12-2.26.2-py3-none-manylinux2014_x86_64.manylinux_2_17_x86_64.whl.metadata (2.0 kB)
Collecting nvidia-nvtx-cu12==12.6.77 (from torch>=2.0->-r requirements.txt (line 1))
  Using cached nvidia_nvtx_cu12-12.6.77-py3-none-manylinux2014_x86_64.manylinux_2_17_x86_64.whl.metadata (1.6 kB)
Collecting nvidia-nvjitlink-cu12==12.6.85 (from torch>=2.0->-r requirements.txt (line 1))
  Using cached nvidia_nvjitlink_cu12-12.6.85-py3-none-manylinux2010_x86_64.manylinux_2_12_x86_64.whl.metadata (1.5 kB)
Collecting nvidia-cufile-cu12==1.11.1.6 (from torch>=2.0->-r requirements.txt (line 1))
  Using cached nvidia_cufile_cu12-1.11.1.6-py3-none-manylinux2014_x86_64.manylinux_2_17_x86_64.whl.metadata (1.5 kB)
Collecting triton==3.3.1 (from torch>=2.0->-r requirements.txt (line 1))
  Using cached triton-3.3.1-cp39-cp39-manylinux_2_27_x86_64.manylinux_2_28_x86_64.whl.metadata (1.5 kB)
Requirement already satisfied: setuptools>=40.8.0 in /gpfs/scratch1/shared/mschaffelder/venv_finetune_llama_8b/lib/python3.9/site-packages (from triton==3.3.1->torch>=2.0->-r requirements.txt (line 1)) (53.0.0)
Collecting numpy>=1.17 (from transformers>=4.36.0->-r requirements.txt (line 2))
  Using cached numpy-2.0.2-cp39-cp39-manylinux_2_17_x86_64.manylinux2014_x86_64.whl.metadata (60 kB)
Collecting packaging>=20.0 (from transformers>=4.36.0->-r requirements.txt (line 2))
  Using cached packaging-25.0-py3-none-any.whl.metadata (3.3 kB)
Collecting pyyaml>=5.1 (from transformers>=4.36.0->-r requirements.txt (line 2))
  Using cached PyYAML-6.0.2-cp39-cp39-manylinux_2_17_x86_64.manylinux2014_x86_64.whl.metadata (2.1 kB)
Collecting regex!=2019.12.17 (from transformers>=4.36.0->-r requirements.txt (line 2))
  Using cached regex-2024.11.6-cp39-cp39-manylinux_2_17_x86_64.manylinux2014_x86_64.whl.metadata (40 kB)
Collecting requests (from transformers>=4.36.0->-r requirements.txt (line 2))
  Using cached requests-2.32.4-py3-none-any.whl.metadata (4.9 kB)
Collecting tokenizers<0.22,>=0.21 (from transformers>=4.36.0->-r requirements.txt (line 2))
  Using cached tokenizers-0.21.1-cp39-abi3-manylinux_2_17_x86_64.manylinux2014_x86_64.whl.metadata (6.8 kB)
Collecting safetensors>=0.4.3 (from transformers>=4.36.0->-r requirements.txt (line 2))
  Using cached safetensors-0.5.3-cp38-abi3-manylinux_2_17_x86_64.manylinux2014_x86_64.whl.metadata (3.8 kB)
Collecting tqdm>=4.27 (from transformers>=4.36.0->-r requirements.txt (line 2))
  Using cached tqdm-4.67.1-py3-none-any.whl.metadata (57 kB)
Collecting hf-xet<2.0.0,>=1.1.2 (from huggingface_hub->-r requirements.txt (line 7))
  Using cached hf_xet-1.1.4-cp37-abi3-manylinux_2_17_x86_64.manylinux2014_x86_64.whl.metadata (879 bytes)
Collecting pyarrow>=15.0.0 (from datasets>=2.14.0->-r requirements.txt (line 3))
  Using cached pyarrow-20.0.0-cp39-cp39-manylinux_2_28_x86_64.whl.metadata (3.3 kB)
Collecting dill<0.3.9,>=0.3.0 (from datasets>=2.14.0->-r requirements.txt (line 3))
  Using cached dill-0.3.8-py3-none-any.whl.metadata (10 kB)
Collecting pandas (from datasets>=2.14.0->-r requirements.txt (line 3))
  Using cached pandas-2.3.0-cp39-cp39-manylinux_2_17_x86_64.manylinux2014_x86_64.whl.metadata (91 kB)
Collecting xxhash (from datasets>=2.14.0->-r requirements.txt (line 3))
  Using cached xxhash-3.5.0-cp39-cp39-manylinux_2_17_x86_64.manylinux2014_x86_64.whl.metadata (12 kB)
Collecting multiprocess<0.70.17 (from datasets>=2.14.0->-r requirements.txt (line 3))
  Using cached multiprocess-0.70.16-py39-none-any.whl.metadata (7.2 kB)
Collecting fsspec (from torch>=2.0->-r requirements.txt (line 1))
  Using cached fsspec-2025.3.0-py3-none-any.whl.metadata (11 kB)
Collecting aiohttp!=4.0.0a0,!=4.0.0a1 (from fsspec[http]<=2025.3.0,>=2023.1.0->datasets>=2.14.0->-r requirements.txt (line 3))
  Using cached aiohttp-3.12.13-cp39-cp39-manylinux_2_17_x86_64.manylinux2014_x86_64.whl.metadata (7.6 kB)
Collecting psutil (from peft>=0.5.0->-r requirements.txt (line 4))
  Using cached psutil-7.0.0-cp36-abi3-manylinux_2_12_x86_64.manylinux2010_x86_64.manylinux_2_17_x86_64.manylinux2014_x86_64.whl.metadata (22 kB)
Collecting aiohappyeyeballs>=2.5.0 (from aiohttp!=4.0.0a0,!=4.0.0a1->fsspec[http]<=2025.3.0,>=2023.1.0->datasets>=2.14.0->-r requirements.txt (line 3))
  Using cached aiohappyeyeballs-2.6.1-py3-none-any.whl.metadata (5.9 kB)
Collecting aiosignal>=1.1.2 (from aiohttp!=4.0.0a0,!=4.0.0a1->fsspec[http]<=2025.3.0,>=2023.1.0->datasets>=2.14.0->-r requirements.txt (line 3))
  Using cached aiosignal-1.3.2-py2.py3-none-any.whl.metadata (3.8 kB)
Collecting async-timeout<6.0,>=4.0 (from aiohttp!=4.0.0a0,!=4.0.0a1->fsspec[http]<=2025.3.0,>=2023.1.0->datasets>=2.14.0->-r requirements.txt (line 3))
  Using cached async_timeout-5.0.1-py3-none-any.whl.metadata (5.1 kB)
Collecting attrs>=17.3.0 (from aiohttp!=4.0.0a0,!=4.0.0a1->fsspec[http]<=2025.3.0,>=2023.1.0->datasets>=2.14.0->-r requirements.txt (line 3))
  Using cached attrs-25.3.0-py3-none-any.whl.metadata (10 kB)
Collecting frozenlist>=1.1.1 (from aiohttp!=4.0.0a0,!=4.0.0a1->fsspec[http]<=2025.3.0,>=2023.1.0->datasets>=2.14.0->-r requirements.txt (line 3))
  Using cached frozenlist-1.7.0-cp39-cp39-manylinux_2_5_x86_64.manylinux1_x86_64.manylinux_2_17_x86_64.manylinux2014_x86_64.whl.metadata (18 kB)
Collecting multidict<7.0,>=4.5 (from aiohttp!=4.0.0a0,!=4.0.0a1->fsspec[http]<=2025.3.0,>=2023.1.0->datasets>=2.14.0->-r requirements.txt (line 3))
  Using cached multidict-6.5.0-cp39-cp39-manylinux_2_17_x86_64.manylinux2014_x86_64.whl.metadata (5.3 kB)
Collecting propcache>=0.2.0 (from aiohttp!=4.0.0a0,!=4.0.0a1->fsspec[http]<=2025.3.0,>=2023.1.0->datasets>=2.14.0->-r requirements.txt (line 3))
  Using cached propcache-0.3.2-cp39-cp39-manylinux_2_17_x86_64.manylinux2014_x86_64.whl.metadata (12 kB)
Collecting yarl<2.0,>=1.17.0 (from aiohttp!=4.0.0a0,!=4.0.0a1->fsspec[http]<=2025.3.0,>=2023.1.0->datasets>=2.14.0->-r requirements.txt (line 3))
  Using cached yarl-1.20.1-cp39-cp39-manylinux_2_17_x86_64.manylinux2014_x86_64.whl.metadata (73 kB)
Collecting idna>=2.0 (from yarl<2.0,>=1.17.0->aiohttp!=4.0.0a0,!=4.0.0a1->fsspec[http]<=2025.3.0,>=2023.1.0->datasets>=2.14.0->-r requirements.txt (line 3))
  Using cached idna-3.10-py3-none-any.whl.metadata (10 kB)
Collecting charset_normalizer<4,>=2 (from requests->transformers>=4.36.0->-r requirements.txt (line 2))
  Using cached charset_normalizer-3.4.2-cp39-cp39-manylinux_2_17_x86_64.manylinux2014_x86_64.whl.metadata (35 kB)
Collecting urllib3<3,>=1.21.1 (from requests->transformers>=4.36.0->-r requirements.txt (line 2))
  Downloading urllib3-2.5.0-py3-none-any.whl.metadata (6.5 kB)
Collecting certifi>=2017.4.17 (from requests->transformers>=4.36.0->-r requirements.txt (line 2))
  Using cached certifi-2025.6.15-py3-none-any.whl.metadata (2.4 kB)
Collecting mpmath<1.4,>=1.1.0 (from sympy>=1.13.3->torch>=2.0->-r requirements.txt (line 1))
  Using cached mpmath-1.3.0-py3-none-any.whl.metadata (8.6 kB)
Collecting MarkupSafe>=2.0 (from jinja2->torch>=2.0->-r requirements.txt (line 1))
  Using cached MarkupSafe-3.0.2-cp39-cp39-manylinux_2_17_x86_64.manylinux2014_x86_64.whl.metadata (4.0 kB)
Collecting python-dateutil>=2.8.2 (from pandas->datasets>=2.14.0->-r requirements.txt (line 3))
  Using cached python_dateutil-2.9.0.post0-py2.py3-none-any.whl.metadata (8.4 kB)
Collecting pytz>=2020.1 (from pandas->datasets>=2.14.0->-r requirements.txt (line 3))
  Using cached pytz-2025.2-py2.py3-none-any.whl.metadata (22 kB)
Collecting tzdata>=2022.7 (from pandas->datasets>=2.14.0->-r requirements.txt (line 3))
  Using cached tzdata-2025.2-py2.py3-none-any.whl.metadata (1.4 kB)
Collecting six>=1.5 (from python-dateutil>=2.8.2->pandas->datasets>=2.14.0->-r requirements.txt (line 3))
  Using cached six-1.17.0-py2.py3-none-any.whl.metadata (1.7 kB)
Using cached torch-2.7.1-cp39-cp39-manylinux_2_28_x86_64.whl (821.1 MB)
Using cached nvidia_cublas_cu12-12.6.4.1-py3-none-manylinux2014_x86_64.manylinux_2_17_x86_64.whl (393.1 MB)
Using cached nvidia_cuda_cupti_cu12-12.6.80-py3-none-manylinux2014_x86_64.manylinux_2_17_x86_64.whl (8.9 MB)
Using cached nvidia_cuda_nvrtc_cu12-12.6.77-py3-none-manylinux2014_x86_64.whl (23.7 MB)
Using cached nvidia_cuda_runtime_cu12-12.6.77-py3-none-manylinux2014_x86_64.manylinux_2_17_x86_64.whl (897 kB)
Using cached nvidia_cudnn_cu12-9.5.1.17-py3-none-manylinux_2_28_x86_64.whl (571.0 MB)
Using cached nvidia_cufft_cu12-11.3.0.4-py3-none-manylinux2014_x86_64.manylinux_2_17_x86_64.whl (200.2 MB)
Using cached nvidia_cufile_cu12-1.11.1.6-py3-none-manylinux2014_x86_64.manylinux_2_17_x86_64.whl (1.1 MB)
Using cached nvidia_curand_cu12-10.3.7.77-py3-none-manylinux2014_x86_64.manylinux_2_17_x86_64.whl (56.3 MB)
Using cached nvidia_cusolver_cu12-11.7.1.2-py3-none-manylinux2014_x86_64.manylinux_2_17_x86_64.whl (158.2 MB)
Using cached nvidia_cusparse_cu12-12.5.4.2-py3-none-manylinux2014_x86_64.manylinux_2_17_x86_64.whl (216.6 MB)
Using cached nvidia_cusparselt_cu12-0.6.3-py3-none-manylinux2014_x86_64.whl (156.8 MB)
Using cached nvidia_nccl_cu12-2.26.2-py3-none-manylinux2014_x86_64.manylinux_2_17_x86_64.whl (201.3 MB)
Using cached nvidia_nvjitlink_cu12-12.6.85-py3-none-manylinux2010_x86_64.manylinux_2_12_x86_64.whl (19.7 MB)
Using cached nvidia_nvtx_cu12-12.6.77-py3-none-manylinux2014_x86_64.manylinux_2_17_x86_64.whl (89 kB)
Using cached triton-3.3.1-cp39-cp39-manylinux_2_27_x86_64.manylinux_2_28_x86_64.whl (155.6 MB)
Using cached transformers-4.52.4-py3-none-any.whl (10.5 MB)
Using cached huggingface_hub-0.33.0-py3-none-any.whl (514 kB)
Using cached hf_xet-1.1.4-cp37-abi3-manylinux_2_17_x86_64.manylinux2014_x86_64.whl (3.1 MB)
Using cached tokenizers-0.21.1-cp39-abi3-manylinux_2_17_x86_64.manylinux2014_x86_64.whl (3.0 MB)
Using cached datasets-3.6.0-py3-none-any.whl (491 kB)
Using cached dill-0.3.8-py3-none-any.whl (116 kB)
Using cached fsspec-2025.3.0-py3-none-any.whl (193 kB)
Using cached multiprocess-0.70.16-py39-none-any.whl (133 kB)
Using cached peft-0.15.2-py3-none-any.whl (411 kB)
Downloading accelerate-1.8.0-py3-none-any.whl (365 kB)
Using cached numpy-2.0.2-cp39-cp39-manylinux_2_17_x86_64.manylinux2014_x86_64.whl (19.5 MB)
Using cached sentencepiece-0.2.0-cp39-cp39-manylinux_2_17_x86_64.manylinux2014_x86_64.whl (1.3 MB)
Using cached aiohttp-3.12.13-cp39-cp39-manylinux_2_17_x86_64.manylinux2014_x86_64.whl (1.6 MB)
Using cached async_timeout-5.0.1-py3-none-any.whl (6.2 kB)
Using cached multidict-6.5.0-cp39-cp39-manylinux_2_17_x86_64.manylinux2014_x86_64.whl (224 kB)
Using cached yarl-1.20.1-cp39-cp39-manylinux_2_17_x86_64.manylinux2014_x86_64.whl (327 kB)
Using cached aiohappyeyeballs-2.6.1-py3-none-any.whl (15 kB)
Using cached aiosignal-1.3.2-py2.py3-none-any.whl (7.6 kB)
Using cached attrs-25.3.0-py3-none-any.whl (63 kB)
Using cached frozenlist-1.7.0-cp39-cp39-manylinux_2_5_x86_64.manylinux1_x86_64.manylinux_2_17_x86_64.manylinux2014_x86_64.whl (225 kB)
Using cached idna-3.10-py3-none-any.whl (70 kB)
Using cached packaging-25.0-py3-none-any.whl (66 kB)
Using cached propcache-0.3.2-cp39-cp39-manylinux_2_17_x86_64.manylinux2014_x86_64.whl (200 kB)
Using cached pyarrow-20.0.0-cp39-cp39-manylinux_2_28_x86_64.whl (42.3 MB)
Using cached PyYAML-6.0.2-cp39-cp39-manylinux_2_17_x86_64.manylinux2014_x86_64.whl (737 kB)
Using cached regex-2024.11.6-cp39-cp39-manylinux_2_17_x86_64.manylinux2014_x86_64.whl (780 kB)
Using cached requests-2.32.4-py3-none-any.whl (64 kB)
Using cached charset_normalizer-3.4.2-cp39-cp39-manylinux_2_17_x86_64.manylinux2014_x86_64.whl (149 kB)
Downloading urllib3-2.5.0-py3-none-any.whl (129 kB)
Using cached certifi-2025.6.15-py3-none-any.whl (157 kB)
Using cached safetensors-0.5.3-cp38-abi3-manylinux_2_17_x86_64.manylinux2014_x86_64.whl (471 kB)
Using cached sympy-1.14.0-py3-none-any.whl (6.3 MB)
Using cached mpmath-1.3.0-py3-none-any.whl (536 kB)
Using cached tqdm-4.67.1-py3-none-any.whl (78 kB)
Using cached typing_extensions-4.14.0-py3-none-any.whl (43 kB)
Using cached filelock-3.18.0-py3-none-any.whl (16 kB)
Using cached jinja2-3.1.6-py3-none-any.whl (134 kB)
Using cached MarkupSafe-3.0.2-cp39-cp39-manylinux_2_17_x86_64.manylinux2014_x86_64.whl (20 kB)
Using cached networkx-3.2.1-py3-none-any.whl (1.6 MB)
Using cached pandas-2.3.0-cp39-cp39-manylinux_2_17_x86_64.manylinux2014_x86_64.whl (12.4 MB)
Using cached python_dateutil-2.9.0.post0-py2.py3-none-any.whl (229 kB)
Using cached pytz-2025.2-py2.py3-none-any.whl (509 kB)
Using cached six-1.17.0-py2.py3-none-any.whl (11 kB)
Using cached tzdata-2025.2-py2.py3-none-any.whl (347 kB)
Using cached psutil-7.0.0-cp36-abi3-manylinux_2_12_x86_64.manylinux2010_x86_64.manylinux_2_17_x86_64.manylinux2014_x86_64.whl (277 kB)
Using cached xxhash-3.5.0-cp39-cp39-manylinux_2_17_x86_64.manylinux2014_x86_64.whl (193 kB)
Installing collected packages: sentencepiece, pytz, nvidia-cusparselt-cu12, mpmath, xxhash, urllib3, tzdata, typing-extensions, triton, tqdm, sympy, six, safetensors, regex, pyyaml, pyarrow, psutil, propcache, packaging, nvidia-nvtx-cu12, nvidia-nvjitlink-cu12, nvidia-nccl-cu12, nvidia-curand-cu12, nvidia-cufile-cu12, nvidia-cuda-runtime-cu12, nvidia-cuda-nvrtc-cu12, nvidia-cuda-cupti-cu12, nvidia-cublas-cu12, numpy, networkx, MarkupSafe, idna, hf-xet, fsspec, frozenlist, filelock, dill, charset_normalizer, certifi, attrs, async-timeout, aiohappyeyeballs, requests, python-dateutil, nvidia-cusparse-cu12, nvidia-cufft-cu12, nvidia-cudnn-cu12, multiprocess, multidict, jinja2, aiosignal, yarl, pandas, nvidia-cusolver-cu12, huggingface_hub, torch, tokenizers, aiohttp, transformers, accelerate, peft, datasets

Successfully installed MarkupSafe-3.0.2 accelerate-1.8.0 aiohappyeyeballs-2.6.1 aiohttp-3.12.13 aiosignal-1.3.2 async-timeout-5.0.1 attrs-25.3.0 certifi-2025.6.15 charset_normalizer-3.4.2 datasets-3.6.0 dill-0.3.8 filelock-3.18.0 frozenlist-1.7.0 fsspec-2025.3.0 hf-xet-1.1.4 huggingface_hub-0.33.0 idna-3.10 jinja2-3.1.6 mpmath-1.3.0 multidict-6.5.0 multiprocess-0.70.16 networkx-3.2.1 numpy-2.0.2 nvidia-cublas-cu12-12.6.4.1 nvidia-cuda-cupti-cu12-12.6.80 nvidia-cuda-nvrtc-cu12-12.6.77 nvidia-cuda-runtime-cu12-12.6.77 nvidia-cudnn-cu12-9.5.1.17 nvidia-cufft-cu12-11.3.0.4 nvidia-cufile-cu12-1.11.1.6 nvidia-curand-cu12-10.3.7.77 nvidia-cusolver-cu12-11.7.1.2 nvidia-cusparse-cu12-12.5.4.2 nvidia-cusparselt-cu12-0.6.3 nvidia-nccl-cu12-2.26.2 nvidia-nvjitlink-cu12-12.6.85 nvidia-nvtx-cu12-12.6.77 packaging-25.0 pandas-2.3.0 peft-0.15.2 propcache-0.3.2 psutil-7.0.0 pyarrow-20.0.0 python-dateutil-2.9.0.post0 pytz-2025.2 pyyaml-6.0.2 regex-2024.11.6 requests-2.32.4 safetensors-0.5.3 sentencepiece-0.2.0 six-1.17.0 sympy-1.14.0 tokenizers-0.21.1 torch-2.7.1 tqdm-4.67.1 transformers-4.52.4 triton-3.3.1 typing-extensions-4.14.0 tzdata-2025.2 urllib3-2.5.0 xxhash-3.5.0 yarl-1.20.1
CUDA_VISIBLE_DEVICES: 0,1
Available GPUs: GPU 0: NVIDIA H100 (UUID: GPU-3dd3a234-7b31-5551-1f25-054ab5afb491)
GPU 1: NVIDIA H100 (UUID: GPU-a3ab8edf-c745-8ec1-305d-16eb290e8f52)
Using existing Hugging Face token from cache...
Traceback (most recent call last):
  File "/scratch-shared/mschaffelder/venv_finetune_llama_8b/bin/torchrun", line 5, in <module>
    from torch.distributed.run import main
  File "/scratch-shared/mschaffelder/venv_finetune_llama_8b/lib64/python3.9/site-packages/torch/distributed/run.py", line 381, in <module>
    from torch.distributed.elastic.rendezvous.utils import _parse_rendezvous_config
  File "/scratch-shared/mschaffelder/venv_finetune_llama_8b/lib64/python3.9/site-packages/torch/distributed/elastic/rendezvous/__init__.py", line 142, in <module>
    from .registry import _register_default_handlers, _register_out_of_tree_handlers
  File "/scratch-shared/mschaffelder/venv_finetune_llama_8b/lib64/python3.9/site-packages/torch/distributed/elastic/rendezvous/registry.py", line 19, in <module>
    from importlib_metadata import entry_points
ModuleNotFoundError: No module named 'importlib_metadata'

JOB STATISTICS
==============
Job ID: 12509960
Cluster: snellius
User/Group: mschaffelder/mschaffelder
State: FAILED (exit code 1)
Nodes: 1
Cores per node: 16
CPU Utilized: 00:01:19
CPU Efficiency: 3.53% of 00:37:20 core-walltime
Job Wall-clock time: 00:02:20
Memory Utilized: 206.55 MB
Memory Efficiency: 0.67% of 30.00 GB (30.00 GB/node)
