Requirement already satisfied: torch in /gpfs/scratch1/shared/mschaffelder/.venv/lib64/python3.11/site-packages (from -r requirements.txt (line 1)) (2.6.0)
Collecting torch (from -r requirements.txt (line 1))
  Downloading torch-2.7.0-cp311-cp311-manylinux_2_28_x86_64.whl.metadata (29 kB)
Requirement already satisfied: peft>=0.5.0 in /gpfs/scratch1/shared/mschaffelder/.venv/lib64/python3.11/site-packages (from -r requirements.txt (line 2)) (0.15.2)
Requirement already satisfied: transformers>=4.36.0 in /gpfs/scratch1/shared/mschaffelder/.venv/lib64/python3.11/site-packages (from -r requirements.txt (line 3)) (4.51.3)
Requirement already satisfied: datasets>=2.14.0 in /gpfs/scratch1/shared/mschaffelder/.venv/lib64/python3.11/site-packages (from -r requirements.txt (line 4)) (3.5.1)
Requirement already satisfied: sentencepiece>=0.1.99 in /gpfs/scratch1/shared/mschaffelder/.venv/lib64/python3.11/site-packages (from -r requirements.txt (line 5)) (0.2.0)
ERROR: Could not find a version that satisfies the requirement huggingface-cli>=0.1.0 (from versions: none)

[notice] A new release of pip is available: 25.1 -> 25.1.1
[notice] To update, run: pip install --upgrade pip
ERROR: No matching distribution found for huggingface-cli>=0.1.0
CUDA_VISIBLE_DEVICES: 0
Available GPUs: GPU 0: NVIDIA H100 (UUID: GPU-5c6d82e0-3206-f070-988f-5f286874a926)
The token has not been saved to the git credentials helper. Pass `add_to_git_credential=True` in this function directly or `--add-to-git-credential` if using via `huggingface-cli` if you want to set the git credential as well.
Token is valid (permission: fineGrained).
The token `MaxBook Air` has been saved to /home/mschaffelder/.cache/huggingface/stored_tokens
Your token has been saved to /home/mschaffelder/.cache/huggingface/token
Login successful.
The current active token is: `MaxBook Air`
Loading tokenizer and model...
Loading checkpoint shards:   0%|          | 0/4 [00:00<?, ?it/s]Loading checkpoint shards:  25%|██▌       | 1/4 [00:01<00:04,  1.56s/it]Loading checkpoint shards:  50%|█████     | 2/4 [00:03<00:03,  1.62s/it]Loading checkpoint shards:  75%|███████▌  | 3/4 [00:04<00:01,  1.57s/it]Loading checkpoint shards: 100%|██████████| 4/4 [00:05<00:00,  1.09s/it]Loading checkpoint shards: 100%|██████████| 4/4 [00:05<00:00,  1.27s/it]
LoRA modules added. 
Traceback (most recent call last):
  File "/gpfs/scratch1/shared/mschaffelder/code/finetuning/finetuning_local.py", line 103, in <module>
    training_args = TrainingArguments(
                    ^^^^^^^^^^^^^^^^^^
TypeError: TrainingArguments.__init__() got an unexpected keyword argument 'evaluation_strategy'

JOB STATISTICS
==============
Job ID: 11561873
Cluster: snellius
User/Group: mschaffelder/mschaffelder
State: FAILED (exit code 1)
Nodes: 1
Cores per node: 16
CPU Utilized: 00:00:13
CPU Efficiency: 2.80% of 00:07:44 core-walltime
Job Wall-clock time: 00:00:29
Memory Utilized: 1.60 MB
Memory Efficiency: 0.00% of 90.00 GB (90.00 GB/node)
