Requirement already satisfied: torch in /gpfs/scratch1/shared/mschaffelder/.venv/lib64/python3.11/site-packages (from -r requirements.txt (line 1)) (2.6.0)
Requirement already satisfied: peft>=0.5.0 in /gpfs/scratch1/shared/mschaffelder/.venv/lib64/python3.11/site-packages (from -r requirements.txt (line 2)) (0.15.2)
Requirement already satisfied: transformers>=4.33.0 in /gpfs/scratch1/shared/mschaffelder/.venv/lib64/python3.11/site-packages (from -r requirements.txt (line 3)) (4.51.3)
Requirement already satisfied: datasets>=2.14.0 in /gpfs/scratch1/shared/mschaffelder/.venv/lib64/python3.11/site-packages (from -r requirements.txt (line 4)) (3.5.1)
Requirement already satisfied: sentencepiece>=0.1.99 in /gpfs/scratch1/shared/mschaffelder/.venv/lib64/python3.11/site-packages (from -r requirements.txt (line 5)) (0.2.0)
ERROR: Could not find a version that satisfies the requirement huggingface-cli>=0.1.0 (from versions: none)

[notice] A new release of pip is available: 25.1 -> 25.1.1
[notice] To update, run: pip install --upgrade pip
ERROR: No matching distribution found for huggingface-cli>=0.1.0
CUDA_VISIBLE_DEVICES: 0
Available GPUs: GPU 0: NVIDIA H100 (UUID: GPU-5c6d82e0-3206-f070-988f-5f286874a926)
slurmstepd: error: *** JOB 11561335 ON gcn95 CANCELLED AT 2025-05-04T17:18:40 ***

JOB STATISTICS
==============
Job ID: 11561335
Cluster: snellius
User/Group: mschaffelder/mschaffelder
State: CANCELLED (exit code 0)
Nodes: 1
Cores per node: 16
CPU Utilized: 00:00:01
CPU Efficiency: 0.42% of 00:04:00 core-walltime
Job Wall-clock time: 00:00:15
Memory Utilized: 1.62 MB
Memory Efficiency: 0.00% of 90.00 GB (90.00 GB/node)
