Requirement already satisfied: torch in /gpfs/scratch1/shared/mschaffelder/.venv/lib64/python3.11/site-packages (from -r requirements.txt (line 1)) (2.6.0)
Requirement already satisfied: peft>=0.5.0 in /gpfs/scratch1/shared/mschaffelder/.venv/lib64/python3.11/site-packages (from -r requirements.txt (line 2)) (0.15.2)
Requirement already satisfied: transformers>=4.33.0 in /gpfs/scratch1/shared/mschaffelder/.venv/lib64/python3.11/site-packages (from -r requirements.txt (line 3)) (4.51.3)
Requirement already satisfied: datasets>=2.14.0 in /gpfs/scratch1/shared/mschaffelder/.venv/lib64/python3.11/site-packages (from -r requirements.txt (line 4)) (3.5.1)
Requirement already satisfied: sentencepiece>=0.1.99 in /gpfs/scratch1/shared/mschaffelder/.venv/lib64/python3.11/site-packages (from -r requirements.txt (line 5)) (0.2.0)
ERROR: Could not find a version that satisfies the requirement huggingface-cli>=0.1.0 (from versions: none)

[notice] A new release of pip is available: 25.1 -> 25.1.1
[notice] To update, run: pip install --upgrade pip
ERROR: No matching distribution found for huggingface-cli>=0.1.0
CUDA_VISIBLE_DEVICES: 0
Available GPUs: GPU 0: NVIDIA H100 (UUID: GPU-14780a82-1355-1ea2-37b7-18562f1005d2)
The token has not been saved to the git credentials helper. Pass `add_to_git_credential=True` in this function directly or `--add-to-git-credential` if using via `huggingface-cli` if you want to set the git credential as well.
Token is valid (permission: fineGrained).
The token `MaxBook Air` has been saved to /home/mschaffelder/.cache/huggingface/stored_tokens
Your token has been saved to /home/mschaffelder/.cache/huggingface/token
Login successful.
The current active token is: `MaxBook Air`
Loading tokenizer and model...
Loading checkpoint shards:   0%|          | 0/4 [00:00<?, ?it/s]Loading checkpoint shards:  25%|██▌       | 1/4 [00:04<00:12,  4.21s/it]Loading checkpoint shards:  50%|█████     | 2/4 [00:08<00:08,  4.13s/it]Loading checkpoint shards:  75%|███████▌  | 3/4 [00:12<00:03,  4.00s/it]Loading checkpoint shards: 100%|██████████| 4/4 [00:13<00:00,  2.77s/it]Loading checkpoint shards: 100%|██████████| 4/4 [00:13<00:00,  3.25s/it]
Traceback (most recent call last):
  File "/gpfs/scratch1/shared/mschaffelder/.venv/lib64/python3.11/site-packages/peft/peft_model.py", line 793, in __getattr__
    return super().__getattr__(name)  # defer to nn.Module's logic
           ^^^^^^^^^^^^^^^^^^^^^^^^^
  File "/gpfs/scratch1/shared/mschaffelder/.venv/lib64/python3.11/site-packages/torch/nn/modules/module.py", line 1928, in __getattr__
    raise AttributeError(
AttributeError: 'PeftModelForCausalLM' object has no attribute 'get_trainable_params'

During handling of the above exception, another exception occurred:

Traceback (most recent call last):
  File "/gpfs/scratch1/shared/mschaffelder/.venv/lib64/python3.11/site-packages/peft/tuners/lora/model.py", line 359, in __getattr__
    return super().__getattr__(name)  # defer to nn.Module's logic
           ^^^^^^^^^^^^^^^^^^^^^^^^^
  File "/gpfs/scratch1/shared/mschaffelder/.venv/lib64/python3.11/site-packages/torch/nn/modules/module.py", line 1928, in __getattr__
    raise AttributeError(
AttributeError: 'LoraModel' object has no attribute 'get_trainable_params'

During handling of the above exception, another exception occurred:

Traceback (most recent call last):
  File "/gpfs/scratch1/shared/mschaffelder/code/finetuning/finetuning_local.py", line 57, in <module>
    print("LoRA modules added. Trainable params: ", model.get_trainable_params())
                                                    ^^^^^^^^^^^^^^^^^^^^^^^^^^
  File "/gpfs/scratch1/shared/mschaffelder/.venv/lib64/python3.11/site-packages/peft/peft_model.py", line 797, in __getattr__
    return getattr(self.base_model, name)
           ^^^^^^^^^^^^^^^^^^^^^^^^^^^^^^
  File "/gpfs/scratch1/shared/mschaffelder/.venv/lib64/python3.11/site-packages/peft/tuners/lora/model.py", line 363, in __getattr__
    return getattr(self.model, name)
           ^^^^^^^^^^^^^^^^^^^^^^^^^
  File "/gpfs/scratch1/shared/mschaffelder/.venv/lib64/python3.11/site-packages/torch/nn/modules/module.py", line 1928, in __getattr__
    raise AttributeError(
AttributeError: 'LlamaForCausalLM' object has no attribute 'get_trainable_params'

JOB STATISTICS
==============
Job ID: 11549469
Cluster: snellius
User/Group: mschaffelder/mschaffelder
State: FAILED (exit code 1)
Nodes: 1
Cores per node: 16
CPU Utilized: 00:00:21
CPU Efficiency: 1.09% of 00:32:00 core-walltime
Job Wall-clock time: 00:02:00
Memory Utilized: 509.26 MB
Memory Efficiency: 0.55% of 90.00 GB (90.00 GB/node)
