Requirement already satisfied: numpy>=1.22.0 in /gpfs/scratch1/shared/mschaffelder/venv/lib/python3.12/site-packages (from -r requirements.txt (line 2)) (2.2.5)
Requirement already satisfied: pandas>=1.4.0 in /gpfs/scratch1/shared/mschaffelder/venv/lib/python3.12/site-packages (from -r requirements.txt (line 3)) (2.2.3)
Requirement already satisfied: matplotlib>=3.5.0 in /gpfs/scratch1/shared/mschaffelder/venv/lib/python3.12/site-packages (from -r requirements.txt (line 4)) (3.10.1)
Requirement already satisfied: seaborn>=0.11.0 in /gpfs/scratch1/shared/mschaffelder/venv/lib/python3.12/site-packages (from -r requirements.txt (line 5)) (0.13.2)
Requirement already satisfied: scikit-learn>=1.0.0 in /gpfs/scratch1/shared/mschaffelder/venv/lib/python3.12/site-packages (from -r requirements.txt (line 6)) (1.6.1)
Requirement already satisfied: torch>=2.0.0 in /gpfs/scratch1/shared/mschaffelder/venv/lib/python3.12/site-packages (from -r requirements.txt (line 7)) (2.7.0)
Requirement already satisfied: tqdm>=4.64.0 in /gpfs/scratch1/shared/mschaffelder/venv/lib/python3.12/site-packages (from -r requirements.txt (line 8)) (4.67.1)
Requirement already satisfied: transformers>=4.30.0 in /gpfs/scratch1/shared/mschaffelder/venv/lib/python3.12/site-packages (from -r requirements.txt (line 9)) (4.51.3)
Requirement already satisfied: accelerate>=0.20.0 in /gpfs/scratch1/shared/mschaffelder/venv/lib/python3.12/site-packages (from -r requirements.txt (line 10)) (1.6.0)
Requirement already satisfied: sentence-transformers>=2.2.0 in /gpfs/scratch1/shared/mschaffelder/venv/lib/python3.12/site-packages (from -r requirements.txt (line 11)) (4.1.0)
Requirement already satisfied: python-dateutil>=2.8.2 in /gpfs/scratch1/shared/mschaffelder/venv/lib/python3.12/site-packages (from pandas>=1.4.0->-r requirements.txt (line 3)) (2.9.0.post0)
Requirement already satisfied: pytz>=2020.1 in /gpfs/scratch1/shared/mschaffelder/venv/lib/python3.12/site-packages (from pandas>=1.4.0->-r requirements.txt (line 3)) (2025.2)
Requirement already satisfied: tzdata>=2022.7 in /gpfs/scratch1/shared/mschaffelder/venv/lib/python3.12/site-packages (from pandas>=1.4.0->-r requirements.txt (line 3)) (2025.2)
Requirement already satisfied: contourpy>=1.0.1 in /gpfs/scratch1/shared/mschaffelder/venv/lib/python3.12/site-packages (from matplotlib>=3.5.0->-r requirements.txt (line 4)) (1.3.2)
Requirement already satisfied: cycler>=0.10 in /gpfs/scratch1/shared/mschaffelder/venv/lib/python3.12/site-packages (from matplotlib>=3.5.0->-r requirements.txt (line 4)) (0.12.1)
Requirement already satisfied: fonttools>=4.22.0 in /gpfs/scratch1/shared/mschaffelder/venv/lib/python3.12/site-packages (from matplotlib>=3.5.0->-r requirements.txt (line 4)) (4.57.0)
Requirement already satisfied: kiwisolver>=1.3.1 in /gpfs/scratch1/shared/mschaffelder/venv/lib/python3.12/site-packages (from matplotlib>=3.5.0->-r requirements.txt (line 4)) (1.4.8)
Requirement already satisfied: packaging>=20.0 in /gpfs/scratch1/shared/mschaffelder/venv/lib/python3.12/site-packages (from matplotlib>=3.5.0->-r requirements.txt (line 4)) (25.0)
Requirement already satisfied: pillow>=8 in /gpfs/scratch1/shared/mschaffelder/venv/lib/python3.12/site-packages (from matplotlib>=3.5.0->-r requirements.txt (line 4)) (11.2.1)
Requirement already satisfied: pyparsing>=2.3.1 in /gpfs/scratch1/shared/mschaffelder/venv/lib/python3.12/site-packages (from matplotlib>=3.5.0->-r requirements.txt (line 4)) (3.2.3)
Requirement already satisfied: scipy>=1.6.0 in /gpfs/scratch1/shared/mschaffelder/venv/lib/python3.12/site-packages (from scikit-learn>=1.0.0->-r requirements.txt (line 6)) (1.15.2)
Requirement already satisfied: joblib>=1.2.0 in /gpfs/scratch1/shared/mschaffelder/venv/lib/python3.12/site-packages (from scikit-learn>=1.0.0->-r requirements.txt (line 6)) (1.4.2)
Requirement already satisfied: threadpoolctl>=3.1.0 in /gpfs/scratch1/shared/mschaffelder/venv/lib/python3.12/site-packages (from scikit-learn>=1.0.0->-r requirements.txt (line 6)) (3.6.0)
Requirement already satisfied: filelock in /gpfs/scratch1/shared/mschaffelder/venv/lib/python3.12/site-packages (from torch>=2.0.0->-r requirements.txt (line 7)) (3.18.0)
Requirement already satisfied: typing-extensions>=4.10.0 in /gpfs/scratch1/shared/mschaffelder/venv/lib/python3.12/site-packages (from torch>=2.0.0->-r requirements.txt (line 7)) (4.13.2)
Requirement already satisfied: setuptools in /gpfs/scratch1/shared/mschaffelder/venv/lib/python3.12/site-packages (from torch>=2.0.0->-r requirements.txt (line 7)) (80.1.0)
Requirement already satisfied: sympy>=1.13.3 in /gpfs/scratch1/shared/mschaffelder/venv/lib/python3.12/site-packages (from torch>=2.0.0->-r requirements.txt (line 7)) (1.14.0)
Requirement already satisfied: networkx in /gpfs/scratch1/shared/mschaffelder/venv/lib/python3.12/site-packages (from torch>=2.0.0->-r requirements.txt (line 7)) (3.4.2)
Requirement already satisfied: jinja2 in /gpfs/scratch1/shared/mschaffelder/venv/lib/python3.12/site-packages (from torch>=2.0.0->-r requirements.txt (line 7)) (3.1.6)
Requirement already satisfied: fsspec in /gpfs/scratch1/shared/mschaffelder/venv/lib/python3.12/site-packages (from torch>=2.0.0->-r requirements.txt (line 7)) (2025.3.0)
Requirement already satisfied: nvidia-cuda-nvrtc-cu12==12.6.77 in /gpfs/scratch1/shared/mschaffelder/venv/lib/python3.12/site-packages (from torch>=2.0.0->-r requirements.txt (line 7)) (12.6.77)
Requirement already satisfied: nvidia-cuda-runtime-cu12==12.6.77 in /gpfs/scratch1/shared/mschaffelder/venv/lib/python3.12/site-packages (from torch>=2.0.0->-r requirements.txt (line 7)) (12.6.77)
Requirement already satisfied: nvidia-cuda-cupti-cu12==12.6.80 in /gpfs/scratch1/shared/mschaffelder/venv/lib/python3.12/site-packages (from torch>=2.0.0->-r requirements.txt (line 7)) (12.6.80)
Requirement already satisfied: nvidia-cudnn-cu12==9.5.1.17 in /gpfs/scratch1/shared/mschaffelder/venv/lib/python3.12/site-packages (from torch>=2.0.0->-r requirements.txt (line 7)) (9.5.1.17)
Requirement already satisfied: nvidia-cublas-cu12==12.6.4.1 in /gpfs/scratch1/shared/mschaffelder/venv/lib/python3.12/site-packages (from torch>=2.0.0->-r requirements.txt (line 7)) (12.6.4.1)
Requirement already satisfied: nvidia-cufft-cu12==11.3.0.4 in /gpfs/scratch1/shared/mschaffelder/venv/lib/python3.12/site-packages (from torch>=2.0.0->-r requirements.txt (line 7)) (11.3.0.4)
Requirement already satisfied: nvidia-curand-cu12==10.3.7.77 in /gpfs/scratch1/shared/mschaffelder/venv/lib/python3.12/site-packages (from torch>=2.0.0->-r requirements.txt (line 7)) (10.3.7.77)
Requirement already satisfied: nvidia-cusolver-cu12==11.7.1.2 in /gpfs/scratch1/shared/mschaffelder/venv/lib/python3.12/site-packages (from torch>=2.0.0->-r requirements.txt (line 7)) (11.7.1.2)
Requirement already satisfied: nvidia-cusparse-cu12==12.5.4.2 in /gpfs/scratch1/shared/mschaffelder/venv/lib/python3.12/site-packages (from torch>=2.0.0->-r requirements.txt (line 7)) (12.5.4.2)
Requirement already satisfied: nvidia-cusparselt-cu12==0.6.3 in /gpfs/scratch1/shared/mschaffelder/venv/lib/python3.12/site-packages (from torch>=2.0.0->-r requirements.txt (line 7)) (0.6.3)
Requirement already satisfied: nvidia-nccl-cu12==2.26.2 in /gpfs/scratch1/shared/mschaffelder/venv/lib/python3.12/site-packages (from torch>=2.0.0->-r requirements.txt (line 7)) (2.26.2)
Requirement already satisfied: nvidia-nvtx-cu12==12.6.77 in /gpfs/scratch1/shared/mschaffelder/venv/lib/python3.12/site-packages (from torch>=2.0.0->-r requirements.txt (line 7)) (12.6.77)
Requirement already satisfied: nvidia-nvjitlink-cu12==12.6.85 in /gpfs/scratch1/shared/mschaffelder/venv/lib/python3.12/site-packages (from torch>=2.0.0->-r requirements.txt (line 7)) (12.6.85)
Requirement already satisfied: nvidia-cufile-cu12==1.11.1.6 in /gpfs/scratch1/shared/mschaffelder/venv/lib/python3.12/site-packages (from torch>=2.0.0->-r requirements.txt (line 7)) (1.11.1.6)
Requirement already satisfied: triton==3.3.0 in /gpfs/scratch1/shared/mschaffelder/venv/lib/python3.12/site-packages (from torch>=2.0.0->-r requirements.txt (line 7)) (3.3.0)
Requirement already satisfied: huggingface-hub<1.0,>=0.30.0 in /gpfs/scratch1/shared/mschaffelder/venv/lib/python3.12/site-packages (from transformers>=4.30.0->-r requirements.txt (line 9)) (0.30.2)
Requirement already satisfied: pyyaml>=5.1 in /gpfs/scratch1/shared/mschaffelder/venv/lib/python3.12/site-packages (from transformers>=4.30.0->-r requirements.txt (line 9)) (6.0.2)
Requirement already satisfied: regex!=2019.12.17 in /gpfs/scratch1/shared/mschaffelder/venv/lib/python3.12/site-packages (from transformers>=4.30.0->-r requirements.txt (line 9)) (2024.11.6)
Requirement already satisfied: requests in /gpfs/scratch1/shared/mschaffelder/venv/lib/python3.12/site-packages (from transformers>=4.30.0->-r requirements.txt (line 9)) (2.32.3)
Requirement already satisfied: tokenizers<0.22,>=0.21 in /gpfs/scratch1/shared/mschaffelder/venv/lib/python3.12/site-packages (from transformers>=4.30.0->-r requirements.txt (line 9)) (0.21.1)
Requirement already satisfied: safetensors>=0.4.3 in /gpfs/scratch1/shared/mschaffelder/venv/lib/python3.12/site-packages (from transformers>=4.30.0->-r requirements.txt (line 9)) (0.5.3)
Requirement already satisfied: psutil in /gpfs/scratch1/shared/mschaffelder/venv/lib/python3.12/site-packages (from accelerate>=0.20.0->-r requirements.txt (line 10)) (7.0.0)
Requirement already satisfied: six>=1.5 in /gpfs/scratch1/shared/mschaffelder/venv/lib/python3.12/site-packages (from python-dateutil>=2.8.2->pandas>=1.4.0->-r requirements.txt (line 3)) (1.17.0)
Requirement already satisfied: mpmath<1.4,>=1.1.0 in /gpfs/scratch1/shared/mschaffelder/venv/lib/python3.12/site-packages (from sympy>=1.13.3->torch>=2.0.0->-r requirements.txt (line 7)) (1.3.0)
Requirement already satisfied: MarkupSafe>=2.0 in /gpfs/scratch1/shared/mschaffelder/venv/lib/python3.12/site-packages (from jinja2->torch>=2.0.0->-r requirements.txt (line 7)) (3.0.2)
Requirement already satisfied: charset-normalizer<4,>=2 in /gpfs/scratch1/shared/mschaffelder/venv/lib/python3.12/site-packages (from requests->transformers>=4.30.0->-r requirements.txt (line 9)) (3.4.2)
Requirement already satisfied: idna<4,>=2.5 in /gpfs/scratch1/shared/mschaffelder/venv/lib/python3.12/site-packages (from requests->transformers>=4.30.0->-r requirements.txt (line 9)) (3.10)
Requirement already satisfied: urllib3<3,>=1.21.1 in /gpfs/scratch1/shared/mschaffelder/venv/lib/python3.12/site-packages (from requests->transformers>=4.30.0->-r requirements.txt (line 9)) (2.4.0)
Requirement already satisfied: certifi>=2017.4.17 in /gpfs/scratch1/shared/mschaffelder/venv/lib/python3.12/site-packages (from requests->transformers>=4.30.0->-r requirements.txt (line 9)) (2025.4.26)
CUDA_VISIBLE_DEVICES: 0
Available GPUs: GPU 0: NVIDIA H100 (UUID: GPU-c26b74d9-cc2e-6a49-ceb8-6094df0a4205)
The token has not been saved to the git credentials helper. Pass `add_to_git_credential=True` in this function directly or `--add-to-git-credential` if using via `huggingface-cli` if you want to set the git credential as well.
Token is valid (permission: fineGrained).
The token `MaxBook Air` has been saved to /home/mschaffelder/.cache/huggingface/stored_tokens
Your token has been saved to /home/mschaffelder/.cache/huggingface/token
Login successful.
The current active token is: `MaxBook Air`
python: can't open file '/gpfs/scratch1/shared/mschaffelder/code/finetuning_dr.py': [Errno 2] No such file or directory

JOB STATISTICS
==============
Job ID: 11663651
Cluster: snellius
User/Group: mschaffelder/mschaffelder
State: RUNNING
Nodes: 1
Cores per node: 16
CPU Utilized: 00:00:00
CPU Efficiency: 0.00% of 00:46:40 core-walltime
Job Wall-clock time: 00:02:55
Memory Utilized: 0.00 MB
Memory Efficiency: 0.00% of 30.00 GB (30.00 GB/node)
WARNING: Efficiency statistics can only be obtained after the job has ended as seff tool is based on the accounting database data.
