Requirement already satisfied: numpy>=1.22.0 in /gpfs/scratch1/shared/mschaffelder/venv/lib/python3.12/site-packages (from -r requirements.txt (line 2)) (2.2.5)
Collecting pandas>=1.4.0 (from -r requirements.txt (line 3))
  Using cached pandas-2.2.3-cp312-cp312-manylinux_2_17_x86_64.manylinux2014_x86_64.whl.metadata (89 kB)
Collecting matplotlib>=3.5.0 (from -r requirements.txt (line 4))
  Using cached matplotlib-3.10.1-cp312-cp312-manylinux_2_17_x86_64.manylinux2014_x86_64.whl.metadata (11 kB)
Collecting seaborn>=0.11.0 (from -r requirements.txt (line 5))
  Using cached seaborn-0.13.2-py3-none-any.whl.metadata (5.4 kB)
Collecting scikit-learn>=1.0.0 (from -r requirements.txt (line 6))
  Using cached scikit_learn-1.6.1-cp312-cp312-manylinux_2_17_x86_64.manylinux2014_x86_64.whl.metadata (18 kB)
Requirement already satisfied: torch>=2.0.0 in /gpfs/scratch1/shared/mschaffelder/venv/lib/python3.12/site-packages (from -r requirements.txt (line 7)) (2.7.0)
Collecting tqdm>=4.64.0 (from -r requirements.txt (line 8))
  Using cached tqdm-4.67.1-py3-none-any.whl.metadata (57 kB)
Collecting transformers>=4.30.0 (from -r requirements.txt (line 9))
  Using cached transformers-4.51.3-py3-none-any.whl.metadata (38 kB)
Collecting accelerate>=0.20.0 (from -r requirements.txt (line 10))
  Using cached accelerate-1.6.0-py3-none-any.whl.metadata (19 kB)
Collecting sentence-transformers>=2.2.0 (from -r requirements.txt (line 11))
  Using cached sentence_transformers-4.1.0-py3-none-any.whl.metadata (13 kB)
Collecting python-dateutil>=2.8.2 (from pandas>=1.4.0->-r requirements.txt (line 3))
  Using cached python_dateutil-2.9.0.post0-py2.py3-none-any.whl.metadata (8.4 kB)
Collecting pytz>=2020.1 (from pandas>=1.4.0->-r requirements.txt (line 3))
  Using cached pytz-2025.2-py2.py3-none-any.whl.metadata (22 kB)
Collecting tzdata>=2022.7 (from pandas>=1.4.0->-r requirements.txt (line 3))
  Using cached tzdata-2025.2-py2.py3-none-any.whl.metadata (1.4 kB)
Collecting contourpy>=1.0.1 (from matplotlib>=3.5.0->-r requirements.txt (line 4))
  Using cached contourpy-1.3.2-cp312-cp312-manylinux_2_17_x86_64.manylinux2014_x86_64.whl.metadata (5.5 kB)
Collecting cycler>=0.10 (from matplotlib>=3.5.0->-r requirements.txt (line 4))
  Using cached cycler-0.12.1-py3-none-any.whl.metadata (3.8 kB)
Collecting fonttools>=4.22.0 (from matplotlib>=3.5.0->-r requirements.txt (line 4))
  Using cached fonttools-4.57.0-cp312-cp312-manylinux_2_5_x86_64.manylinux1_x86_64.manylinux_2_17_x86_64.manylinux2014_x86_64.whl.metadata (102 kB)
Collecting kiwisolver>=1.3.1 (from matplotlib>=3.5.0->-r requirements.txt (line 4))
  Using cached kiwisolver-1.4.8-cp312-cp312-manylinux_2_17_x86_64.manylinux2014_x86_64.whl.metadata (6.2 kB)
Requirement already satisfied: packaging>=20.0 in /gpfs/scratch1/shared/mschaffelder/venv/lib/python3.12/site-packages (from matplotlib>=3.5.0->-r requirements.txt (line 4)) (25.0)
Collecting pillow>=8 (from matplotlib>=3.5.0->-r requirements.txt (line 4))
  Using cached pillow-11.2.1-cp312-cp312-manylinux_2_28_x86_64.whl.metadata (8.9 kB)
Collecting pyparsing>=2.3.1 (from matplotlib>=3.5.0->-r requirements.txt (line 4))
  Using cached pyparsing-3.2.3-py3-none-any.whl.metadata (5.0 kB)
Collecting scipy>=1.6.0 (from scikit-learn>=1.0.0->-r requirements.txt (line 6))
  Using cached scipy-1.15.2-cp312-cp312-manylinux_2_17_x86_64.manylinux2014_x86_64.whl.metadata (61 kB)
Collecting joblib>=1.2.0 (from scikit-learn>=1.0.0->-r requirements.txt (line 6))
  Using cached joblib-1.4.2-py3-none-any.whl.metadata (5.4 kB)
Collecting threadpoolctl>=3.1.0 (from scikit-learn>=1.0.0->-r requirements.txt (line 6))
  Using cached threadpoolctl-3.6.0-py3-none-any.whl.metadata (13 kB)
Requirement already satisfied: filelock in /gpfs/scratch1/shared/mschaffelder/venv/lib/python3.12/site-packages (from torch>=2.0.0->-r requirements.txt (line 7)) (3.18.0)
Requirement already satisfied: typing-extensions>=4.10.0 in /gpfs/scratch1/shared/mschaffelder/venv/lib/python3.12/site-packages (from torch>=2.0.0->-r requirements.txt (line 7)) (4.13.2)
Requirement already satisfied: setuptools in /gpfs/scratch1/shared/mschaffelder/venv/lib/python3.12/site-packages (from torch>=2.0.0->-r requirements.txt (line 7)) (80.1.0)
Requirement already satisfied: sympy>=1.13.3 in /gpfs/scratch1/shared/mschaffelder/venv/lib/python3.12/site-packages (from torch>=2.0.0->-r requirements.txt (line 7)) (1.14.0)
Requirement already satisfied: networkx in /gpfs/scratch1/shared/mschaffelder/venv/lib/python3.12/site-packages (from torch>=2.0.0->-r requirements.txt (line 7)) (3.4.2)
Requirement already satisfied: jinja2 in /gpfs/scratch1/shared/mschaffelder/venv/lib/python3.12/site-packages (from torch>=2.0.0->-r requirements.txt (line 7)) (3.1.6)
Requirement already satisfied: fsspec in /gpfs/scratch1/shared/mschaffelder/venv/lib/python3.12/site-packages (from torch>=2.0.0->-r requirements.txt (line 7)) (2025.3.2)
Requirement already satisfied: nvidia-cuda-nvrtc-cu12==12.6.77 in /gpfs/scratch1/shared/mschaffelder/venv/lib/python3.12/site-packages (from torch>=2.0.0->-r requirements.txt (line 7)) (12.6.77)
Requirement already satisfied: nvidia-cuda-runtime-cu12==12.6.77 in /gpfs/scratch1/shared/mschaffelder/venv/lib/python3.12/site-packages (from torch>=2.0.0->-r requirements.txt (line 7)) (12.6.77)
Requirement already satisfied: nvidia-cuda-cupti-cu12==12.6.80 in /gpfs/scratch1/shared/mschaffelder/venv/lib/python3.12/site-packages (from torch>=2.0.0->-r requirements.txt (line 7)) (12.6.80)
Requirement already satisfied: nvidia-cudnn-cu12==9.5.1.17 in /gpfs/scratch1/shared/mschaffelder/venv/lib/python3.12/site-packages (from torch>=2.0.0->-r requirements.txt (line 7)) (9.5.1.17)
Requirement already satisfied: nvidia-cublas-cu12==12.6.4.1 in /gpfs/scratch1/shared/mschaffelder/venv/lib/python3.12/site-packages (from torch>=2.0.0->-r requirements.txt (line 7)) (12.6.4.1)
Requirement already satisfied: nvidia-cufft-cu12==11.3.0.4 in /gpfs/scratch1/shared/mschaffelder/venv/lib/python3.12/site-packages (from torch>=2.0.0->-r requirements.txt (line 7)) (11.3.0.4)
Requirement already satisfied: nvidia-curand-cu12==10.3.7.77 in /gpfs/scratch1/shared/mschaffelder/venv/lib/python3.12/site-packages (from torch>=2.0.0->-r requirements.txt (line 7)) (10.3.7.77)
Requirement already satisfied: nvidia-cusolver-cu12==11.7.1.2 in /gpfs/scratch1/shared/mschaffelder/venv/lib/python3.12/site-packages (from torch>=2.0.0->-r requirements.txt (line 7)) (11.7.1.2)
Requirement already satisfied: nvidia-cusparse-cu12==12.5.4.2 in /gpfs/scratch1/shared/mschaffelder/venv/lib/python3.12/site-packages (from torch>=2.0.0->-r requirements.txt (line 7)) (12.5.4.2)
Requirement already satisfied: nvidia-cusparselt-cu12==0.6.3 in /gpfs/scratch1/shared/mschaffelder/venv/lib/python3.12/site-packages (from torch>=2.0.0->-r requirements.txt (line 7)) (0.6.3)
Requirement already satisfied: nvidia-nccl-cu12==2.26.2 in /gpfs/scratch1/shared/mschaffelder/venv/lib/python3.12/site-packages (from torch>=2.0.0->-r requirements.txt (line 7)) (2.26.2)
Requirement already satisfied: nvidia-nvtx-cu12==12.6.77 in /gpfs/scratch1/shared/mschaffelder/venv/lib/python3.12/site-packages (from torch>=2.0.0->-r requirements.txt (line 7)) (12.6.77)
Requirement already satisfied: nvidia-nvjitlink-cu12==12.6.85 in /gpfs/scratch1/shared/mschaffelder/venv/lib/python3.12/site-packages (from torch>=2.0.0->-r requirements.txt (line 7)) (12.6.85)
Requirement already satisfied: nvidia-cufile-cu12==1.11.1.6 in /gpfs/scratch1/shared/mschaffelder/venv/lib/python3.12/site-packages (from torch>=2.0.0->-r requirements.txt (line 7)) (1.11.1.6)
Requirement already satisfied: triton==3.3.0 in /gpfs/scratch1/shared/mschaffelder/venv/lib/python3.12/site-packages (from torch>=2.0.0->-r requirements.txt (line 7)) (3.3.0)
Collecting huggingface-hub<1.0,>=0.30.0 (from transformers>=4.30.0->-r requirements.txt (line 9))
  Using cached huggingface_hub-0.30.2-py3-none-any.whl.metadata (13 kB)
Collecting pyyaml>=5.1 (from transformers>=4.30.0->-r requirements.txt (line 9))
  Using cached PyYAML-6.0.2-cp312-cp312-manylinux_2_17_x86_64.manylinux2014_x86_64.whl.metadata (2.1 kB)
Collecting regex!=2019.12.17 (from transformers>=4.30.0->-r requirements.txt (line 9))
  Using cached regex-2024.11.6-cp312-cp312-manylinux_2_17_x86_64.manylinux2014_x86_64.whl.metadata (40 kB)
Collecting requests (from transformers>=4.30.0->-r requirements.txt (line 9))
  Using cached requests-2.32.3-py3-none-any.whl.metadata (4.6 kB)
Collecting tokenizers<0.22,>=0.21 (from transformers>=4.30.0->-r requirements.txt (line 9))
  Using cached tokenizers-0.21.1-cp39-abi3-manylinux_2_17_x86_64.manylinux2014_x86_64.whl.metadata (6.8 kB)
Collecting safetensors>=0.4.3 (from transformers>=4.30.0->-r requirements.txt (line 9))
  Using cached safetensors-0.5.3-cp38-abi3-manylinux_2_17_x86_64.manylinux2014_x86_64.whl.metadata (3.8 kB)
Collecting psutil (from accelerate>=0.20.0->-r requirements.txt (line 10))
  Using cached psutil-7.0.0-cp36-abi3-manylinux_2_12_x86_64.manylinux2010_x86_64.manylinux_2_17_x86_64.manylinux2014_x86_64.whl.metadata (22 kB)
Collecting six>=1.5 (from python-dateutil>=2.8.2->pandas>=1.4.0->-r requirements.txt (line 3))
  Using cached six-1.17.0-py2.py3-none-any.whl.metadata (1.7 kB)
Requirement already satisfied: mpmath<1.4,>=1.1.0 in /gpfs/scratch1/shared/mschaffelder/venv/lib/python3.12/site-packages (from sympy>=1.13.3->torch>=2.0.0->-r requirements.txt (line 7)) (1.3.0)
Requirement already satisfied: MarkupSafe>=2.0 in /gpfs/scratch1/shared/mschaffelder/venv/lib/python3.12/site-packages (from jinja2->torch>=2.0.0->-r requirements.txt (line 7)) (3.0.2)
Collecting charset-normalizer<4,>=2 (from requests->transformers>=4.30.0->-r requirements.txt (line 9))
  Downloading charset_normalizer-3.4.2-cp312-cp312-manylinux_2_17_x86_64.manylinux2014_x86_64.whl.metadata (35 kB)
Collecting idna<4,>=2.5 (from requests->transformers>=4.30.0->-r requirements.txt (line 9))
  Using cached idna-3.10-py3-none-any.whl.metadata (10 kB)
Collecting urllib3<3,>=1.21.1 (from requests->transformers>=4.30.0->-r requirements.txt (line 9))
  Using cached urllib3-2.4.0-py3-none-any.whl.metadata (6.5 kB)
Collecting certifi>=2017.4.17 (from requests->transformers>=4.30.0->-r requirements.txt (line 9))
  Using cached certifi-2025.4.26-py3-none-any.whl.metadata (2.5 kB)
Using cached pandas-2.2.3-cp312-cp312-manylinux_2_17_x86_64.manylinux2014_x86_64.whl (12.7 MB)
Using cached matplotlib-3.10.1-cp312-cp312-manylinux_2_17_x86_64.manylinux2014_x86_64.whl (8.6 MB)
Using cached seaborn-0.13.2-py3-none-any.whl (294 kB)
Using cached scikit_learn-1.6.1-cp312-cp312-manylinux_2_17_x86_64.manylinux2014_x86_64.whl (13.1 MB)
Using cached tqdm-4.67.1-py3-none-any.whl (78 kB)
Using cached transformers-4.51.3-py3-none-any.whl (10.4 MB)
Using cached accelerate-1.6.0-py3-none-any.whl (354 kB)
Using cached sentence_transformers-4.1.0-py3-none-any.whl (345 kB)
Using cached contourpy-1.3.2-cp312-cp312-manylinux_2_17_x86_64.manylinux2014_x86_64.whl (323 kB)
Using cached cycler-0.12.1-py3-none-any.whl (8.3 kB)
Using cached fonttools-4.57.0-cp312-cp312-manylinux_2_5_x86_64.manylinux1_x86_64.manylinux_2_17_x86_64.manylinux2014_x86_64.whl (4.9 MB)
Using cached huggingface_hub-0.30.2-py3-none-any.whl (481 kB)
Using cached joblib-1.4.2-py3-none-any.whl (301 kB)
Using cached kiwisolver-1.4.8-cp312-cp312-manylinux_2_17_x86_64.manylinux2014_x86_64.whl (1.5 MB)
Using cached pillow-11.2.1-cp312-cp312-manylinux_2_28_x86_64.whl (4.6 MB)
Using cached pyparsing-3.2.3-py3-none-any.whl (111 kB)
Using cached python_dateutil-2.9.0.post0-py2.py3-none-any.whl (229 kB)
Using cached pytz-2025.2-py2.py3-none-any.whl (509 kB)
Using cached PyYAML-6.0.2-cp312-cp312-manylinux_2_17_x86_64.manylinux2014_x86_64.whl (767 kB)
Using cached regex-2024.11.6-cp312-cp312-manylinux_2_17_x86_64.manylinux2014_x86_64.whl (796 kB)
Using cached safetensors-0.5.3-cp38-abi3-manylinux_2_17_x86_64.manylinux2014_x86_64.whl (471 kB)
Using cached scipy-1.15.2-cp312-cp312-manylinux_2_17_x86_64.manylinux2014_x86_64.whl (37.3 MB)
Using cached threadpoolctl-3.6.0-py3-none-any.whl (18 kB)
Using cached tokenizers-0.21.1-cp39-abi3-manylinux_2_17_x86_64.manylinux2014_x86_64.whl (3.0 MB)
Using cached tzdata-2025.2-py2.py3-none-any.whl (347 kB)
Using cached psutil-7.0.0-cp36-abi3-manylinux_2_12_x86_64.manylinux2010_x86_64.manylinux_2_17_x86_64.manylinux2014_x86_64.whl (277 kB)
Using cached requests-2.32.3-py3-none-any.whl (64 kB)
Using cached certifi-2025.4.26-py3-none-any.whl (159 kB)
Downloading charset_normalizer-3.4.2-cp312-cp312-manylinux_2_17_x86_64.manylinux2014_x86_64.whl (148 kB)
   ━━━━━━━━━━━━━━━━━━━━━━━━━━━━━━━━━━━━━━━━ 148.6/148.6 kB 13.1 MB/s eta 0:00:00
Using cached idna-3.10-py3-none-any.whl (70 kB)
Using cached six-1.17.0-py2.py3-none-any.whl (11 kB)
Using cached urllib3-2.4.0-py3-none-any.whl (128 kB)
Installing collected packages: pytz, urllib3, tzdata, tqdm, threadpoolctl, six, scipy, safetensors, regex, pyyaml, pyparsing, psutil, pillow, kiwisolver, joblib, idna, fonttools, cycler, contourpy, charset-normalizer, certifi, scikit-learn, requests, python-dateutil, pandas, matplotlib, huggingface-hub, tokenizers, seaborn, accelerate, transformers, sentence-transformers
Successfully installed accelerate-1.6.0 certifi-2025.4.26 charset-normalizer-3.4.2 contourpy-1.3.2 cycler-0.12.1 fonttools-4.57.0 huggingface-hub-0.30.2 idna-3.10 joblib-1.4.2 kiwisolver-1.4.8 matplotlib-3.10.1 pandas-2.2.3 pillow-11.2.1 psutil-7.0.0 pyparsing-3.2.3 python-dateutil-2.9.0.post0 pytz-2025.2 pyyaml-6.0.2 regex-2024.11.6 requests-2.32.3 safetensors-0.5.3 scikit-learn-1.6.1 scipy-1.15.2 seaborn-0.13.2 sentence-transformers-4.1.0 six-1.17.0 threadpoolctl-3.6.0 tokenizers-0.21.1 tqdm-4.67.1 transformers-4.51.3 tzdata-2025.2 urllib3-2.4.0

[notice] A new release of pip is available: 24.0 -> 25.1.1
[notice] To update, run: pip install --upgrade pip
CUDA_VISIBLE_DEVICES: 0,1
Available GPUs: GPU 0: NVIDIA H100 (UUID: GPU-01a7a563-582a-f3c1-c716-6048da94050e)
GPU 1: NVIDIA H100 (UUID: GPU-6eacc3b8-8fa4-a675-e50d-1ee10f81457c)
Number of available GPUs: 2
Loading model with multi-GPU parallelism...
Traceback (most recent call last):
  File "/gpfs/scratch1/shared/mschaffelder/code/data_analysis/perplexity.py", line 305, in <module>
    main()
  File "/gpfs/scratch1/shared/mschaffelder/code/data_analysis/perplexity.py", line 261, in main
    model = AutoModelForCausalLM.from_pretrained(
            ^^^^^^^^^^^^^^^^^^^^^^^^^^^^^^^^^^^^^
  File "/gpfs/scratch1/shared/mschaffelder/venv/lib/python3.12/site-packages/transformers/models/auto/auto_factory.py", line 571, in from_pretrained
    return model_class.from_pretrained(
           ^^^^^^^^^^^^^^^^^^^^^^^^^^^^
  File "/gpfs/scratch1/shared/mschaffelder/venv/lib/python3.12/site-packages/transformers/modeling_utils.py", line 279, in _wrapper
    return func(*args, **kwargs)
           ^^^^^^^^^^^^^^^^^^^^^
  File "/gpfs/scratch1/shared/mschaffelder/venv/lib/python3.12/site-packages/transformers/modeling_utils.py", line 4336, in from_pretrained
    config = cls._autoset_attn_implementation(
             ^^^^^^^^^^^^^^^^^^^^^^^^^^^^^^^^^
  File "/gpfs/scratch1/shared/mschaffelder/venv/lib/python3.12/site-packages/transformers/modeling_utils.py", line 2109, in _autoset_attn_implementation
    cls._check_and_enable_flash_attn_2(
  File "/gpfs/scratch1/shared/mschaffelder/venv/lib/python3.12/site-packages/transformers/modeling_utils.py", line 2252, in _check_and_enable_flash_attn_2
    raise ImportError(f"{preface} the package flash_attn seems to be not installed. {install_message}")
ImportError: FlashAttention2 has been toggled on, but it cannot be used due to the following error: the package flash_attn seems to be not installed. Please refer to the documentation of https://huggingface.co/docs/transformers/perf_infer_gpu_one#flashattention-2 to install Flash Attention 2.

JOB STATISTICS
==============
Job ID: 11544869
Cluster: snellius
User/Group: mschaffelder/mschaffelder
State: FAILED (exit code 1)
Nodes: 1
Cores per node: 16
CPU Utilized: 00:00:33
CPU Efficiency: 0.84% of 01:05:36 core-walltime
Job Wall-clock time: 00:04:06
Memory Utilized: 720.37 MB
Memory Efficiency: 0.55% of 128.00 GB (128.00 GB/node)
