Requirement already satisfied: torch in /gpfs/scratch1/shared/mschaffelder/venv/lib/python3.12/site-packages (from -r requirements.txt (line 1)) (2.7.0)
Requirement already satisfied: peft>=0.5.0 in /gpfs/scratch1/shared/mschaffelder/venv/lib/python3.12/site-packages (from -r requirements.txt (line 2)) (0.15.2)
Requirement already satisfied: transformers>=4.36.0 in /gpfs/scratch1/shared/mschaffelder/venv/lib/python3.12/site-packages (from -r requirements.txt (line 3)) (4.51.3)
Requirement already satisfied: datasets>=2.14.0 in /gpfs/scratch1/shared/mschaffelder/venv/lib/python3.12/site-packages (from -r requirements.txt (line 4)) (3.5.1)
Requirement already satisfied: sentencepiece>=0.1.99 in /gpfs/scratch1/shared/mschaffelder/venv/lib/python3.12/site-packages (from -r requirements.txt (line 5)) (0.2.0)
Requirement already satisfied: huggingface_hub>=0.17.0 in /gpfs/scratch1/shared/mschaffelder/venv/lib/python3.12/site-packages (from -r requirements.txt (line 6)) (0.30.2)
Requirement already satisfied: bitsandbytes in /gpfs/scratch1/shared/mschaffelder/venv/lib/python3.12/site-packages (from -r requirements.txt (line 7)) (0.45.5)
Requirement already satisfied: tensorboard in /gpfs/scratch1/shared/mschaffelder/venv/lib/python3.12/site-packages (from -r requirements.txt (line 8)) (2.19.0)
Requirement already satisfied: filelock in /gpfs/scratch1/shared/mschaffelder/venv/lib/python3.12/site-packages (from torch->-r requirements.txt (line 1)) (3.18.0)
Requirement already satisfied: typing-extensions>=4.10.0 in /gpfs/scratch1/shared/mschaffelder/venv/lib/python3.12/site-packages (from torch->-r requirements.txt (line 1)) (4.13.2)
Requirement already satisfied: setuptools in /gpfs/scratch1/shared/mschaffelder/venv/lib/python3.12/site-packages (from torch->-r requirements.txt (line 1)) (80.1.0)
Requirement already satisfied: sympy>=1.13.3 in /gpfs/scratch1/shared/mschaffelder/venv/lib/python3.12/site-packages (from torch->-r requirements.txt (line 1)) (1.14.0)
Requirement already satisfied: networkx in /gpfs/scratch1/shared/mschaffelder/venv/lib/python3.12/site-packages (from torch->-r requirements.txt (line 1)) (3.4.2)
Requirement already satisfied: jinja2 in /gpfs/scratch1/shared/mschaffelder/venv/lib/python3.12/site-packages (from torch->-r requirements.txt (line 1)) (3.1.6)
Requirement already satisfied: fsspec in /gpfs/scratch1/shared/mschaffelder/venv/lib/python3.12/site-packages (from torch->-r requirements.txt (line 1)) (2025.3.0)
Requirement already satisfied: nvidia-cuda-nvrtc-cu12==12.6.77 in /gpfs/scratch1/shared/mschaffelder/venv/lib/python3.12/site-packages (from torch->-r requirements.txt (line 1)) (12.6.77)
Requirement already satisfied: nvidia-cuda-runtime-cu12==12.6.77 in /gpfs/scratch1/shared/mschaffelder/venv/lib/python3.12/site-packages (from torch->-r requirements.txt (line 1)) (12.6.77)
Requirement already satisfied: nvidia-cuda-cupti-cu12==12.6.80 in /gpfs/scratch1/shared/mschaffelder/venv/lib/python3.12/site-packages (from torch->-r requirements.txt (line 1)) (12.6.80)
Requirement already satisfied: nvidia-cudnn-cu12==9.5.1.17 in /gpfs/scratch1/shared/mschaffelder/venv/lib/python3.12/site-packages (from torch->-r requirements.txt (line 1)) (9.5.1.17)
Requirement already satisfied: nvidia-cublas-cu12==12.6.4.1 in /gpfs/scratch1/shared/mschaffelder/venv/lib/python3.12/site-packages (from torch->-r requirements.txt (line 1)) (12.6.4.1)
Requirement already satisfied: nvidia-cufft-cu12==11.3.0.4 in /gpfs/scratch1/shared/mschaffelder/venv/lib/python3.12/site-packages (from torch->-r requirements.txt (line 1)) (11.3.0.4)
Requirement already satisfied: nvidia-curand-cu12==10.3.7.77 in /gpfs/scratch1/shared/mschaffelder/venv/lib/python3.12/site-packages (from torch->-r requirements.txt (line 1)) (10.3.7.77)
Requirement already satisfied: nvidia-cusolver-cu12==11.7.1.2 in /gpfs/scratch1/shared/mschaffelder/venv/lib/python3.12/site-packages (from torch->-r requirements.txt (line 1)) (11.7.1.2)
Requirement already satisfied: nvidia-cusparse-cu12==12.5.4.2 in /gpfs/scratch1/shared/mschaffelder/venv/lib/python3.12/site-packages (from torch->-r requirements.txt (line 1)) (12.5.4.2)
Requirement already satisfied: nvidia-cusparselt-cu12==0.6.3 in /gpfs/scratch1/shared/mschaffelder/venv/lib/python3.12/site-packages (from torch->-r requirements.txt (line 1)) (0.6.3)
Requirement already satisfied: nvidia-nccl-cu12==2.26.2 in /gpfs/scratch1/shared/mschaffelder/venv/lib/python3.12/site-packages (from torch->-r requirements.txt (line 1)) (2.26.2)
Requirement already satisfied: nvidia-nvtx-cu12==12.6.77 in /gpfs/scratch1/shared/mschaffelder/venv/lib/python3.12/site-packages (from torch->-r requirements.txt (line 1)) (12.6.77)
Requirement already satisfied: nvidia-nvjitlink-cu12==12.6.85 in /gpfs/scratch1/shared/mschaffelder/venv/lib/python3.12/site-packages (from torch->-r requirements.txt (line 1)) (12.6.85)
Requirement already satisfied: nvidia-cufile-cu12==1.11.1.6 in /gpfs/scratch1/shared/mschaffelder/venv/lib/python3.12/site-packages (from torch->-r requirements.txt (line 1)) (1.11.1.6)
Requirement already satisfied: triton==3.3.0 in /gpfs/scratch1/shared/mschaffelder/venv/lib/python3.12/site-packages (from torch->-r requirements.txt (line 1)) (3.3.0)
Requirement already satisfied: numpy>=1.17 in /gpfs/scratch1/shared/mschaffelder/venv/lib/python3.12/site-packages (from peft>=0.5.0->-r requirements.txt (line 2)) (2.2.5)
Requirement already satisfied: packaging>=20.0 in /gpfs/scratch1/shared/mschaffelder/venv/lib/python3.12/site-packages (from peft>=0.5.0->-r requirements.txt (line 2)) (25.0)
Requirement already satisfied: psutil in /gpfs/scratch1/shared/mschaffelder/venv/lib/python3.12/site-packages (from peft>=0.5.0->-r requirements.txt (line 2)) (7.0.0)
Requirement already satisfied: pyyaml in /gpfs/scratch1/shared/mschaffelder/venv/lib/python3.12/site-packages (from peft>=0.5.0->-r requirements.txt (line 2)) (6.0.2)
Requirement already satisfied: tqdm in /gpfs/scratch1/shared/mschaffelder/venv/lib/python3.12/site-packages (from peft>=0.5.0->-r requirements.txt (line 2)) (4.67.1)
Requirement already satisfied: accelerate>=0.21.0 in /gpfs/scratch1/shared/mschaffelder/venv/lib/python3.12/site-packages (from peft>=0.5.0->-r requirements.txt (line 2)) (1.6.0)
Requirement already satisfied: safetensors in /gpfs/scratch1/shared/mschaffelder/venv/lib/python3.12/site-packages (from peft>=0.5.0->-r requirements.txt (line 2)) (0.5.3)
Requirement already satisfied: regex!=2019.12.17 in /gpfs/scratch1/shared/mschaffelder/venv/lib/python3.12/site-packages (from transformers>=4.36.0->-r requirements.txt (line 3)) (2024.11.6)
Requirement already satisfied: requests in /gpfs/scratch1/shared/mschaffelder/venv/lib/python3.12/site-packages (from transformers>=4.36.0->-r requirements.txt (line 3)) (2.32.3)
Requirement already satisfied: tokenizers<0.22,>=0.21 in /gpfs/scratch1/shared/mschaffelder/venv/lib/python3.12/site-packages (from transformers>=4.36.0->-r requirements.txt (line 3)) (0.21.1)
Requirement already satisfied: pyarrow>=15.0.0 in /gpfs/scratch1/shared/mschaffelder/venv/lib/python3.12/site-packages (from datasets>=2.14.0->-r requirements.txt (line 4)) (20.0.0)
Requirement already satisfied: dill<0.3.9,>=0.3.0 in /gpfs/scratch1/shared/mschaffelder/venv/lib/python3.12/site-packages (from datasets>=2.14.0->-r requirements.txt (line 4)) (0.3.8)
Requirement already satisfied: pandas in /gpfs/scratch1/shared/mschaffelder/venv/lib/python3.12/site-packages (from datasets>=2.14.0->-r requirements.txt (line 4)) (2.2.3)
Requirement already satisfied: xxhash in /gpfs/scratch1/shared/mschaffelder/venv/lib/python3.12/site-packages (from datasets>=2.14.0->-r requirements.txt (line 4)) (3.5.0)
Requirement already satisfied: multiprocess<0.70.17 in /gpfs/scratch1/shared/mschaffelder/venv/lib/python3.12/site-packages (from datasets>=2.14.0->-r requirements.txt (line 4)) (0.70.16)
Requirement already satisfied: aiohttp in /gpfs/scratch1/shared/mschaffelder/venv/lib/python3.12/site-packages (from datasets>=2.14.0->-r requirements.txt (line 4)) (3.11.18)
Requirement already satisfied: absl-py>=0.4 in /gpfs/scratch1/shared/mschaffelder/venv/lib/python3.12/site-packages (from tensorboard->-r requirements.txt (line 8)) (2.2.2)
Requirement already satisfied: grpcio>=1.48.2 in /gpfs/scratch1/shared/mschaffelder/venv/lib/python3.12/site-packages (from tensorboard->-r requirements.txt (line 8)) (1.71.0)
Requirement already satisfied: markdown>=2.6.8 in /gpfs/scratch1/shared/mschaffelder/venv/lib/python3.12/site-packages (from tensorboard->-r requirements.txt (line 8)) (3.8)
Requirement already satisfied: protobuf!=4.24.0,>=3.19.6 in /gpfs/scratch1/shared/mschaffelder/venv/lib/python3.12/site-packages (from tensorboard->-r requirements.txt (line 8)) (6.30.2)
Requirement already satisfied: six>1.9 in /gpfs/scratch1/shared/mschaffelder/venv/lib/python3.12/site-packages (from tensorboard->-r requirements.txt (line 8)) (1.17.0)
Requirement already satisfied: tensorboard-data-server<0.8.0,>=0.7.0 in /gpfs/scratch1/shared/mschaffelder/venv/lib/python3.12/site-packages (from tensorboard->-r requirements.txt (line 8)) (0.7.2)
Requirement already satisfied: werkzeug>=1.0.1 in /gpfs/scratch1/shared/mschaffelder/venv/lib/python3.12/site-packages (from tensorboard->-r requirements.txt (line 8)) (3.1.3)
Requirement already satisfied: aiohappyeyeballs>=2.3.0 in /gpfs/scratch1/shared/mschaffelder/venv/lib/python3.12/site-packages (from aiohttp->datasets>=2.14.0->-r requirements.txt (line 4)) (2.6.1)
Requirement already satisfied: aiosignal>=1.1.2 in /gpfs/scratch1/shared/mschaffelder/venv/lib/python3.12/site-packages (from aiohttp->datasets>=2.14.0->-r requirements.txt (line 4)) (1.3.2)
Requirement already satisfied: attrs>=17.3.0 in /gpfs/scratch1/shared/mschaffelder/venv/lib/python3.12/site-packages (from aiohttp->datasets>=2.14.0->-r requirements.txt (line 4)) (25.3.0)
Requirement already satisfied: frozenlist>=1.1.1 in /gpfs/scratch1/shared/mschaffelder/venv/lib/python3.12/site-packages (from aiohttp->datasets>=2.14.0->-r requirements.txt (line 4)) (1.6.0)
Requirement already satisfied: multidict<7.0,>=4.5 in /gpfs/scratch1/shared/mschaffelder/venv/lib/python3.12/site-packages (from aiohttp->datasets>=2.14.0->-r requirements.txt (line 4)) (6.4.3)
Requirement already satisfied: propcache>=0.2.0 in /gpfs/scratch1/shared/mschaffelder/venv/lib/python3.12/site-packages (from aiohttp->datasets>=2.14.0->-r requirements.txt (line 4)) (0.3.1)
Requirement already satisfied: yarl<2.0,>=1.17.0 in /gpfs/scratch1/shared/mschaffelder/venv/lib/python3.12/site-packages (from aiohttp->datasets>=2.14.0->-r requirements.txt (line 4)) (1.20.0)
Requirement already satisfied: idna>=2.0 in /gpfs/scratch1/shared/mschaffelder/venv/lib/python3.12/site-packages (from yarl<2.0,>=1.17.0->aiohttp->datasets>=2.14.0->-r requirements.txt (line 4)) (3.10)
Requirement already satisfied: charset-normalizer<4,>=2 in /gpfs/scratch1/shared/mschaffelder/venv/lib/python3.12/site-packages (from requests->transformers>=4.36.0->-r requirements.txt (line 3)) (3.4.2)
Requirement already satisfied: urllib3<3,>=1.21.1 in /gpfs/scratch1/shared/mschaffelder/venv/lib/python3.12/site-packages (from requests->transformers>=4.36.0->-r requirements.txt (line 3)) (2.4.0)
Requirement already satisfied: certifi>=2017.4.17 in /gpfs/scratch1/shared/mschaffelder/venv/lib/python3.12/site-packages (from requests->transformers>=4.36.0->-r requirements.txt (line 3)) (2025.4.26)
Requirement already satisfied: mpmath<1.4,>=1.1.0 in /gpfs/scratch1/shared/mschaffelder/venv/lib/python3.12/site-packages (from sympy>=1.13.3->torch->-r requirements.txt (line 1)) (1.3.0)
Requirement already satisfied: MarkupSafe>=2.1.1 in /gpfs/scratch1/shared/mschaffelder/venv/lib/python3.12/site-packages (from werkzeug>=1.0.1->tensorboard->-r requirements.txt (line 8)) (3.0.2)
Requirement already satisfied: python-dateutil>=2.8.2 in /gpfs/scratch1/shared/mschaffelder/venv/lib/python3.12/site-packages (from pandas->datasets>=2.14.0->-r requirements.txt (line 4)) (2.9.0.post0)
Requirement already satisfied: pytz>=2020.1 in /gpfs/scratch1/shared/mschaffelder/venv/lib/python3.12/site-packages (from pandas->datasets>=2.14.0->-r requirements.txt (line 4)) (2025.2)
Requirement already satisfied: tzdata>=2022.7 in /gpfs/scratch1/shared/mschaffelder/venv/lib/python3.12/site-packages (from pandas->datasets>=2.14.0->-r requirements.txt (line 4)) (2025.2)
CUDA_VISIBLE_DEVICES: 0,1
Available GPUs: GPU 0: NVIDIA H100 (UUID: GPU-409a2f9c-0d42-42dc-6bce-323947ac1186)
GPU 1: NVIDIA H100 (UUID: GPU-acb6ec67-3aea-9df2-a302-bf4b375137c7)
importing libraries
importing libraries
done importing libraries
done importing librariesloading tokenizer

loading tokenizer
loading model
loading model
Loading checkpoint shards:   0%|          | 0/4 [00:00<?, ?it/s]Loading checkpoint shards:  25%|██▌       | 1/4 [00:05<00:17,  5.89s/it]Loading checkpoint shards:  50%|█████     | 2/4 [00:09<00:08,  4.47s/it]Loading checkpoint shards:  75%|███████▌  | 3/4 [00:12<00:03,  3.89s/it]Loading checkpoint shards: 100%|██████████| 4/4 [00:14<00:00,  3.11s/it]Loading checkpoint shards: 100%|██████████| 4/4 [00:14<00:00,  3.62s/it]
The new embeddings will be initialized from a multivariate normal distribution that has old embeddings' mean and covariance. As described in this article: https://nlp.stanford.edu/~johnhew/vocab-expansion.html. To disable this, use `mean_resizing=False`
The new embeddings will be initialized from a multivariate normal distribution that has old embeddings' mean and covariance. As described in this article: https://nlp.stanford.edu/~johnhew/vocab-expansion.html. To disable this, use `mean_resizing=False`
The new lm_head weights will be initialized from a multivariate normal distribution that has old embeddings' mean and covariance. As described in this article: https://nlp.stanford.edu/~johnhew/vocab-expansion.html. To disable this, use `mean_resizing=False`
The new lm_head weights will be initialized from a multivariate normal distribution that has old embeddings' mean and covariance. As described in this article: https://nlp.stanford.edu/~johnhew/vocab-expansion.html. To disable this, use `mean_resizing=False`
done loading tokenizer and model
getting peft model
done getting peft model
trainable params: 83,886,080 || all params: 8,114,155,520 || trainable%: 1.0338
loading datasets
done loading datasets
train dataset:  Dataset({
    features: ['instruction', 'response_human', 'response_model', 'model_name', 'category', 'index'],
    num_rows: 13509
})
val dataset:  Dataset({
    features: ['instruction', 'response_human', 'response_model', 'model_name', 'category', 'index'],
    num_rows: 1502
})
filtering long examples
done filtering long examples
tokenizing and formatting train dataset
No label_names provided for model class `PeftModelForCausalLM`. Since `PeftModel` hides base models input arguments, if label_names is not given, label_names can't be set automatically within `Trainer`. Note that empty label_names list will be used instead.
No label_names provided for model class `PeftModelForCausalLM`. Since `PeftModel` hides base models input arguments, if label_names is not given, label_names can't be set automatically within `Trainer`. Note that empty label_names list will be used instead.
starting training
[rank0]: Traceback (most recent call last):
[rank0]:   File "/gpfs/scratch1/shared/mschaffelder/code/finetuning/finetuning_dr.py", line 155, in <module>
[rank0]:     trainer.train()
[rank0]:   File "/gpfs/scratch1/shared/mschaffelder/venv/lib/python3.12/site-packages/transformers/trainer.py", line 2245, in train
[rank0]:     return inner_training_loop(
[rank0]:            ^^^^^^^^^^^^^^^^^^^^
[rank0]:   File "/gpfs/scratch1/shared/mschaffelder/venv/lib/python3.12/site-packages/transformers/trainer.py", line 2374, in _inner_training_loop
[rank0]:     model, self.optimizer = self.accelerator.prepare(self.model, self.optimizer)
[rank0]:                             ^^^^^^^^^^^^^^^^^^^^^^^^^^^^^^^^^^^^^^^^^^^^^^^^^^^^
[rank0]:   File "/gpfs/scratch1/shared/mschaffelder/venv/lib/python3.12/site-packages/accelerate/accelerator.py", line 1446, in prepare
[rank0]:     result = tuple(
[rank0]:              ^^^^^^
[rank0]:   File "/gpfs/scratch1/shared/mschaffelder/venv/lib/python3.12/site-packages/accelerate/accelerator.py", line 1447, in <genexpr>
[rank0]:     self._prepare_one(obj, first_pass=True, device_placement=d) for obj, d in zip(args, device_placement)
[rank0]:     ^^^^^^^^^^^^^^^^^^^^^^^^^^^^^^^^^^^^^^^^^^^^^^^^^^^^^^^^^^^
[rank0]:   File "/gpfs/scratch1/shared/mschaffelder/venv/lib/python3.12/site-packages/accelerate/accelerator.py", line 1289, in _prepare_one
[rank0]:     return self.prepare_model(obj, device_placement=device_placement)
[rank0]:            ^^^^^^^^^^^^^^^^^^^^^^^^^^^^^^^^^^^^^^^^^^^^^^^^^^^^^^^^^^
[rank0]:   File "/gpfs/scratch1/shared/mschaffelder/venv/lib/python3.12/site-packages/accelerate/accelerator.py", line 1595, in prepare_model
[rank0]:     model = torch.nn.parallel.DistributedDataParallel(
[rank0]:             ^^^^^^^^^^^^^^^^^^^^^^^^^^^^^^^^^^^^^^^^^^
[rank0]:   File "/gpfs/scratch1/shared/mschaffelder/venv/lib/python3.12/site-packages/torch/nn/parallel/distributed.py", line 837, in __init__
[rank0]:     _sync_module_states(
[rank0]:   File "/gpfs/scratch1/shared/mschaffelder/venv/lib/python3.12/site-packages/torch/distributed/utils.py", line 311, in _sync_module_states
[rank0]:     _sync_params_and_buffers(process_group, module_states, broadcast_bucket_size, src)
[rank0]:   File "/gpfs/scratch1/shared/mschaffelder/venv/lib/python3.12/site-packages/torch/distributed/utils.py", line 322, in _sync_params_and_buffers
[rank0]:     dist._broadcast_coalesced(
[rank0]:   File "/gpfs/scratch1/shared/mschaffelder/venv/lib/python3.12/site-packages/torch/_compile.py", line 51, in inner
[rank0]:     return disable_fn(*args, **kwargs)
[rank0]:            ^^^^^^^^^^^^^^^^^^^^^^^^^^^
[rank0]:   File "/gpfs/scratch1/shared/mschaffelder/venv/lib/python3.12/site-packages/torch/_dynamo/eval_frame.py", line 838, in _fn
[rank0]:     return fn(*args, **kwargs)
[rank0]:            ^^^^^^^^^^^^^^^^^^^
[rank0]:   File "/gpfs/scratch1/shared/mschaffelder/venv/lib/python3.12/site-packages/torch/distributed/tensor/_api.py", line 344, in __torch_dispatch__
[rank0]:     return DTensor._op_dispatcher.dispatch(
[rank0]:            ^^^^^^^^^^^^^^^^^^^^^^^^^^^^^^^^
[rank0]:   File "/gpfs/scratch1/shared/mschaffelder/venv/lib/python3.12/site-packages/torch/distributed/tensor/_dispatch.py", line 167, in dispatch
[rank0]:     op_info = self.unwrap_to_op_info(op_call, args, kwargs)
[rank0]:               ^^^^^^^^^^^^^^^^^^^^^^^^^^^^^^^^^^^^^^^^^^^^^
[rank0]:   File "/gpfs/scratch1/shared/mschaffelder/venv/lib/python3.12/site-packages/torch/distributed/tensor/_dispatch.py", line 393, in unwrap_to_op_info
[rank0]:     assert compute_mesh is not None, (
[rank0]:            ^^^^^^^^^^^^^^^^^^^^^^^^
[rank0]: AssertionError: found no DeviceMesh from dtensor args for c10d.broadcast_.default!
[rank0]:[W512 21:55:32.677372622 ProcessGroupNCCL.cpp:1476] Warning: WARNING: destroy_process_group() was not called before program exit, which can leak resources. For more info, please see https://pytorch.org/docs/stable/distributed.html#shutdown (function operator())
W0512 21:56:13.928000 267938 torch/distributed/elastic/multiprocessing/api.py:900] Sending process 270341 closing signal SIGTERM
E0512 21:56:14.093000 267938 torch/distributed/elastic/multiprocessing/api.py:874] failed (exitcode: 1) local_rank: 1 (pid: 270342) of binary: /gpfs/scratch1/shared/mschaffelder/venv/bin/python
Traceback (most recent call last):
  File "/gpfs/scratch1/shared/mschaffelder/venv/bin/torchrun", line 8, in <module>
    sys.exit(main())
             ^^^^^^
  File "/gpfs/scratch1/shared/mschaffelder/venv/lib/python3.12/site-packages/torch/distributed/elastic/multiprocessing/errors/__init__.py", line 355, in wrapper
    return f(*args, **kwargs)
           ^^^^^^^^^^^^^^^^^^
  File "/gpfs/scratch1/shared/mschaffelder/venv/lib/python3.12/site-packages/torch/distributed/run.py", line 892, in main
    run(args)
  File "/gpfs/scratch1/shared/mschaffelder/venv/lib/python3.12/site-packages/torch/distributed/run.py", line 883, in run
    elastic_launch(
  File "/gpfs/scratch1/shared/mschaffelder/venv/lib/python3.12/site-packages/torch/distributed/launcher/api.py", line 139, in __call__
    return launch_agent(self._config, self._entrypoint, list(args))
           ^^^^^^^^^^^^^^^^^^^^^^^^^^^^^^^^^^^^^^^^^^^^^^^^^^^^^^^^
  File "/gpfs/scratch1/shared/mschaffelder/venv/lib/python3.12/site-packages/torch/distributed/launcher/api.py", line 270, in launch_agent
    raise ChildFailedError(
torch.distributed.elastic.multiprocessing.errors.ChildFailedError: 
============================================================
finetuning_dr.py FAILED
------------------------------------------------------------
Failures:
  <NO_OTHER_FAILURES>
------------------------------------------------------------
Root Cause (first observed failure):
[0]:
  time      : 2025-05-12_21:56:13
  host      : gcn104.local.snellius.surf.nl
  rank      : 1 (local_rank: 1)
  exitcode  : 1 (pid: 270342)
  error_file: <N/A>
  traceback : To enable traceback see: https://pytorch.org/docs/stable/elastic/errors.html
============================================================

JOB STATISTICS
==============
Job ID: 11790715
Cluster: snellius
User/Group: mschaffelder/mschaffelder
State: FAILED (exit code 1)
Nodes: 1
Cores per node: 16
CPU Utilized: 00:01:18
CPU Efficiency: 0.54% of 03:58:40 core-walltime
Job Wall-clock time: 00:14:55
Memory Utilized: 3.14 GB
Memory Efficiency: 1.96% of 160.00 GB (160.00 GB/node)
