Requirement already satisfied: torch in /gpfs/scratch1/shared/mschaffelder/.venv/lib64/python3.11/site-packages (from -r requirements.txt (line 1)) (2.6.0)
Requirement already satisfied: peft>=0.5.0 in /gpfs/scratch1/shared/mschaffelder/.venv/lib64/python3.11/site-packages (from -r requirements.txt (line 2)) (0.15.2)
Requirement already satisfied: transformers>=4.36.0 in /gpfs/scratch1/shared/mschaffelder/.venv/lib64/python3.11/site-packages (from -r requirements.txt (line 3)) (4.51.3)
Requirement already satisfied: datasets>=2.14.0 in /gpfs/scratch1/shared/mschaffelder/.venv/lib64/python3.11/site-packages (from -r requirements.txt (line 4)) (3.5.1)
Requirement already satisfied: sentencepiece>=0.1.99 in /gpfs/scratch1/shared/mschaffelder/.venv/lib64/python3.11/site-packages (from -r requirements.txt (line 5)) (0.2.0)
Requirement already satisfied: huggingface_hub>=0.17.0 in /gpfs/scratch1/shared/mschaffelder/.venv/lib64/python3.11/site-packages (from -r requirements.txt (line 6)) (0.30.2)
Requirement already satisfied: filelock in /gpfs/scratch1/shared/mschaffelder/.venv/lib64/python3.11/site-packages (from torch->-r requirements.txt (line 1)) (3.18.0)
Requirement already satisfied: typing-extensions>=4.10.0 in /gpfs/scratch1/shared/mschaffelder/.venv/lib64/python3.11/site-packages (from torch->-r requirements.txt (line 1)) (4.13.2)
Requirement already satisfied: networkx in /gpfs/scratch1/shared/mschaffelder/.venv/lib64/python3.11/site-packages (from torch->-r requirements.txt (line 1)) (3.4.2)
Requirement already satisfied: jinja2 in /gpfs/scratch1/shared/mschaffelder/.venv/lib64/python3.11/site-packages (from torch->-r requirements.txt (line 1)) (3.1.6)
Requirement already satisfied: fsspec in /gpfs/scratch1/shared/mschaffelder/.venv/lib64/python3.11/site-packages (from torch->-r requirements.txt (line 1)) (2025.3.0)
Requirement already satisfied: nvidia-cuda-nvrtc-cu12==12.4.127 in /gpfs/scratch1/shared/mschaffelder/.venv/lib64/python3.11/site-packages (from torch->-r requirements.txt (line 1)) (12.4.127)
Requirement already satisfied: nvidia-cuda-runtime-cu12==12.4.127 in /gpfs/scratch1/shared/mschaffelder/.venv/lib64/python3.11/site-packages (from torch->-r requirements.txt (line 1)) (12.4.127)
Requirement already satisfied: nvidia-cuda-cupti-cu12==12.4.127 in /gpfs/scratch1/shared/mschaffelder/.venv/lib64/python3.11/site-packages (from torch->-r requirements.txt (line 1)) (12.4.127)
Requirement already satisfied: nvidia-cudnn-cu12==9.1.0.70 in /gpfs/scratch1/shared/mschaffelder/.venv/lib64/python3.11/site-packages (from torch->-r requirements.txt (line 1)) (9.1.0.70)
Requirement already satisfied: nvidia-cublas-cu12==12.4.5.8 in /gpfs/scratch1/shared/mschaffelder/.venv/lib64/python3.11/site-packages (from torch->-r requirements.txt (line 1)) (12.4.5.8)
Requirement already satisfied: nvidia-cufft-cu12==11.2.1.3 in /gpfs/scratch1/shared/mschaffelder/.venv/lib64/python3.11/site-packages (from torch->-r requirements.txt (line 1)) (11.2.1.3)
Requirement already satisfied: nvidia-curand-cu12==10.3.5.147 in /gpfs/scratch1/shared/mschaffelder/.venv/lib64/python3.11/site-packages (from torch->-r requirements.txt (line 1)) (10.3.5.147)
Requirement already satisfied: nvidia-cusolver-cu12==11.6.1.9 in /gpfs/scratch1/shared/mschaffelder/.venv/lib64/python3.11/site-packages (from torch->-r requirements.txt (line 1)) (11.6.1.9)
Requirement already satisfied: nvidia-cusparse-cu12==12.3.1.170 in /gpfs/scratch1/shared/mschaffelder/.venv/lib64/python3.11/site-packages (from torch->-r requirements.txt (line 1)) (12.3.1.170)
Requirement already satisfied: nvidia-cusparselt-cu12==0.6.2 in /gpfs/scratch1/shared/mschaffelder/.venv/lib64/python3.11/site-packages (from torch->-r requirements.txt (line 1)) (0.6.2)
Requirement already satisfied: nvidia-nccl-cu12==2.21.5 in /gpfs/scratch1/shared/mschaffelder/.venv/lib64/python3.11/site-packages (from torch->-r requirements.txt (line 1)) (2.21.5)
Requirement already satisfied: nvidia-nvtx-cu12==12.4.127 in /gpfs/scratch1/shared/mschaffelder/.venv/lib64/python3.11/site-packages (from torch->-r requirements.txt (line 1)) (12.4.127)
Requirement already satisfied: nvidia-nvjitlink-cu12==12.4.127 in /gpfs/scratch1/shared/mschaffelder/.venv/lib64/python3.11/site-packages (from torch->-r requirements.txt (line 1)) (12.4.127)
Requirement already satisfied: triton==3.2.0 in /gpfs/scratch1/shared/mschaffelder/.venv/lib64/python3.11/site-packages (from torch->-r requirements.txt (line 1)) (3.2.0)
Requirement already satisfied: sympy==1.13.1 in /gpfs/scratch1/shared/mschaffelder/.venv/lib64/python3.11/site-packages (from torch->-r requirements.txt (line 1)) (1.13.1)
Requirement already satisfied: mpmath<1.4,>=1.1.0 in /gpfs/scratch1/shared/mschaffelder/.venv/lib64/python3.11/site-packages (from sympy==1.13.1->torch->-r requirements.txt (line 1)) (1.3.0)
Requirement already satisfied: numpy>=1.17 in /gpfs/scratch1/shared/mschaffelder/.venv/lib64/python3.11/site-packages (from peft>=0.5.0->-r requirements.txt (line 2)) (2.2.5)
Requirement already satisfied: packaging>=20.0 in /gpfs/scratch1/shared/mschaffelder/.venv/lib64/python3.11/site-packages (from peft>=0.5.0->-r requirements.txt (line 2)) (25.0)
Requirement already satisfied: psutil in /gpfs/scratch1/shared/mschaffelder/.venv/lib64/python3.11/site-packages (from peft>=0.5.0->-r requirements.txt (line 2)) (7.0.0)
Requirement already satisfied: pyyaml in /gpfs/scratch1/shared/mschaffelder/.venv/lib64/python3.11/site-packages (from peft>=0.5.0->-r requirements.txt (line 2)) (6.0.2)
Requirement already satisfied: tqdm in /gpfs/scratch1/shared/mschaffelder/.venv/lib64/python3.11/site-packages (from peft>=0.5.0->-r requirements.txt (line 2)) (4.67.1)
Requirement already satisfied: accelerate>=0.21.0 in /gpfs/scratch1/shared/mschaffelder/.venv/lib64/python3.11/site-packages (from peft>=0.5.0->-r requirements.txt (line 2)) (1.6.0)
Requirement already satisfied: safetensors in /gpfs/scratch1/shared/mschaffelder/.venv/lib64/python3.11/site-packages (from peft>=0.5.0->-r requirements.txt (line 2)) (0.5.3)
Requirement already satisfied: regex!=2019.12.17 in /gpfs/scratch1/shared/mschaffelder/.venv/lib64/python3.11/site-packages (from transformers>=4.36.0->-r requirements.txt (line 3)) (2024.11.6)
Requirement already satisfied: requests in /gpfs/scratch1/shared/mschaffelder/.venv/lib64/python3.11/site-packages (from transformers>=4.36.0->-r requirements.txt (line 3)) (2.32.3)
Requirement already satisfied: tokenizers<0.22,>=0.21 in /gpfs/scratch1/shared/mschaffelder/.venv/lib64/python3.11/site-packages (from transformers>=4.36.0->-r requirements.txt (line 3)) (0.21.1)
Requirement already satisfied: pyarrow>=15.0.0 in /gpfs/scratch1/shared/mschaffelder/.venv/lib64/python3.11/site-packages (from datasets>=2.14.0->-r requirements.txt (line 4)) (20.0.0)
Requirement already satisfied: dill<0.3.9,>=0.3.0 in /gpfs/scratch1/shared/mschaffelder/.venv/lib64/python3.11/site-packages (from datasets>=2.14.0->-r requirements.txt (line 4)) (0.3.8)
Requirement already satisfied: pandas in /gpfs/scratch1/shared/mschaffelder/.venv/lib64/python3.11/site-packages (from datasets>=2.14.0->-r requirements.txt (line 4)) (2.2.3)
Requirement already satisfied: xxhash in /gpfs/scratch1/shared/mschaffelder/.venv/lib64/python3.11/site-packages (from datasets>=2.14.0->-r requirements.txt (line 4)) (3.5.0)
Requirement already satisfied: multiprocess<0.70.17 in /gpfs/scratch1/shared/mschaffelder/.venv/lib64/python3.11/site-packages (from datasets>=2.14.0->-r requirements.txt (line 4)) (0.70.16)
Requirement already satisfied: aiohttp in /gpfs/scratch1/shared/mschaffelder/.venv/lib64/python3.11/site-packages (from datasets>=2.14.0->-r requirements.txt (line 4)) (3.11.18)
Requirement already satisfied: aiohappyeyeballs>=2.3.0 in /gpfs/scratch1/shared/mschaffelder/.venv/lib64/python3.11/site-packages (from aiohttp->datasets>=2.14.0->-r requirements.txt (line 4)) (2.6.1)
Requirement already satisfied: aiosignal>=1.1.2 in /gpfs/scratch1/shared/mschaffelder/.venv/lib64/python3.11/site-packages (from aiohttp->datasets>=2.14.0->-r requirements.txt (line 4)) (1.3.2)
Requirement already satisfied: attrs>=17.3.0 in /gpfs/scratch1/shared/mschaffelder/.venv/lib64/python3.11/site-packages (from aiohttp->datasets>=2.14.0->-r requirements.txt (line 4)) (25.3.0)
Requirement already satisfied: frozenlist>=1.1.1 in /gpfs/scratch1/shared/mschaffelder/.venv/lib64/python3.11/site-packages (from aiohttp->datasets>=2.14.0->-r requirements.txt (line 4)) (1.6.0)
Requirement already satisfied: multidict<7.0,>=4.5 in /gpfs/scratch1/shared/mschaffelder/.venv/lib64/python3.11/site-packages (from aiohttp->datasets>=2.14.0->-r requirements.txt (line 4)) (6.4.3)
Requirement already satisfied: propcache>=0.2.0 in /gpfs/scratch1/shared/mschaffelder/.venv/lib64/python3.11/site-packages (from aiohttp->datasets>=2.14.0->-r requirements.txt (line 4)) (0.3.1)
Requirement already satisfied: yarl<2.0,>=1.17.0 in /gpfs/scratch1/shared/mschaffelder/.venv/lib64/python3.11/site-packages (from aiohttp->datasets>=2.14.0->-r requirements.txt (line 4)) (1.20.0)
Requirement already satisfied: idna>=2.0 in /gpfs/scratch1/shared/mschaffelder/.venv/lib64/python3.11/site-packages (from yarl<2.0,>=1.17.0->aiohttp->datasets>=2.14.0->-r requirements.txt (line 4)) (3.10)
Requirement already satisfied: charset-normalizer<4,>=2 in /gpfs/scratch1/shared/mschaffelder/.venv/lib64/python3.11/site-packages (from requests->transformers>=4.36.0->-r requirements.txt (line 3)) (3.4.1)
Requirement already satisfied: urllib3<3,>=1.21.1 in /gpfs/scratch1/shared/mschaffelder/.venv/lib64/python3.11/site-packages (from requests->transformers>=4.36.0->-r requirements.txt (line 3)) (2.4.0)
Requirement already satisfied: certifi>=2017.4.17 in /gpfs/scratch1/shared/mschaffelder/.venv/lib64/python3.11/site-packages (from requests->transformers>=4.36.0->-r requirements.txt (line 3)) (2025.1.31)
Requirement already satisfied: MarkupSafe>=2.0 in /gpfs/scratch1/shared/mschaffelder/.venv/lib64/python3.11/site-packages (from jinja2->torch->-r requirements.txt (line 1)) (3.0.2)
Requirement already satisfied: python-dateutil>=2.8.2 in /gpfs/scratch1/shared/mschaffelder/.venv/lib64/python3.11/site-packages (from pandas->datasets>=2.14.0->-r requirements.txt (line 4)) (2.9.0.post0)
Requirement already satisfied: pytz>=2020.1 in /gpfs/scratch1/shared/mschaffelder/.venv/lib64/python3.11/site-packages (from pandas->datasets>=2.14.0->-r requirements.txt (line 4)) (2025.2)
Requirement already satisfied: tzdata>=2022.7 in /gpfs/scratch1/shared/mschaffelder/.venv/lib64/python3.11/site-packages (from pandas->datasets>=2.14.0->-r requirements.txt (line 4)) (2025.2)
Requirement already satisfied: six>=1.5 in /gpfs/scratch1/shared/mschaffelder/.venv/lib64/python3.11/site-packages (from python-dateutil>=2.8.2->pandas->datasets>=2.14.0->-r requirements.txt (line 4)) (1.17.0)

[notice] A new release of pip is available: 25.1 -> 25.1.1
[notice] To update, run: pip install --upgrade pip
CUDA_VISIBLE_DEVICES: 0
Available GPUs: GPU 0: NVIDIA H100 (UUID: GPU-b4d9cbd3-1120-30b8-a7db-45b8f21999fa)
The token has not been saved to the git credentials helper. Pass `add_to_git_credential=True` in this function directly or `--add-to-git-credential` if using via `huggingface-cli` if you want to set the git credential as well.
Token is valid (permission: fineGrained).
The token `MaxBook Air` has been saved to /home/mschaffelder/.cache/huggingface/stored_tokens
Your token has been saved to /home/mschaffelder/.cache/huggingface/token
Login successful.
The current active token is: `MaxBook Air`
Loading tokenizer and model...
Loading checkpoint shards:   0%|          | 0/4 [00:00<?, ?it/s]Loading checkpoint shards:  25%|██▌       | 1/4 [00:04<00:12,  4.22s/it]Loading checkpoint shards:  50%|█████     | 2/4 [00:08<00:08,  4.11s/it]Loading checkpoint shards:  75%|███████▌  | 3/4 [00:12<00:03,  3.97s/it]Loading checkpoint shards: 100%|██████████| 4/4 [00:12<00:00,  2.76s/it]Loading checkpoint shards: 100%|██████████| 4/4 [00:12<00:00,  3.24s/it]
/scratch-local/mschaffelder.11600827/tmplx4963ku/main.c:5:10: fatal error: Python.h: No such file or directory
    5 | #include <Python.h>
      |          ^~~~~~~~~~
compilation terminated.
Traceback (most recent call last):
  File "/gpfs/scratch1/shared/mschaffelder/code/finetuning/finetuning_local_8b.py", line 68, in <module>
    model = get_peft_model(model, lora_config)
            ^^^^^^^^^^^^^^^^^^^^^^^^^^^^^^^^^^
  File "/gpfs/scratch1/shared/mschaffelder/.venv/lib64/python3.11/site-packages/peft/mapping_func.py", line 123, in get_peft_model
    return MODEL_TYPE_TO_PEFT_MODEL_MAPPING[peft_config.task_type](
           ^^^^^^^^^^^^^^^^^^^^^^^^^^^^^^^^^^^^^^^^^^^^^^^^^^^^^^^^
  File "/gpfs/scratch1/shared/mschaffelder/.venv/lib64/python3.11/site-packages/peft/peft_model.py", line 1722, in __init__
    super().__init__(model, peft_config, adapter_name, **kwargs)
  File "/gpfs/scratch1/shared/mschaffelder/.venv/lib64/python3.11/site-packages/peft/peft_model.py", line 132, in __init__
    self.base_model = cls(model, {adapter_name: peft_config}, adapter_name)
                      ^^^^^^^^^^^^^^^^^^^^^^^^^^^^^^^^^^^^^^^^^^^^^^^^^^^^^
  File "/gpfs/scratch1/shared/mschaffelder/.venv/lib64/python3.11/site-packages/peft/tuners/lora/model.py", line 142, in __init__
    super().__init__(model, config, adapter_name, low_cpu_mem_usage=low_cpu_mem_usage)
  File "/gpfs/scratch1/shared/mschaffelder/.venv/lib64/python3.11/site-packages/peft/tuners/tuners_utils.py", line 180, in __init__
    self.inject_adapter(self.model, adapter_name, low_cpu_mem_usage=low_cpu_mem_usage)
  File "/gpfs/scratch1/shared/mschaffelder/.venv/lib64/python3.11/site-packages/peft/tuners/tuners_utils.py", line 508, in inject_adapter
    self._create_and_replace(peft_config, adapter_name, target, target_name, parent, current_key=key)
  File "/gpfs/scratch1/shared/mschaffelder/.venv/lib64/python3.11/site-packages/peft/tuners/lora/model.py", line 237, in _create_and_replace
    new_module = self._create_new_module(lora_config, adapter_name, target, device_map=device_map, **kwargs)
                 ^^^^^^^^^^^^^^^^^^^^^^^^^^^^^^^^^^^^^^^^^^^^^^^^^^^^^^^^^^^^^^^^^^^^^^^^^^^^^^^^^^^^^^^^^^^
  File "/gpfs/scratch1/shared/mschaffelder/.venv/lib64/python3.11/site-packages/peft/tuners/lora/model.py", line 318, in _create_new_module
    from .bnb import dispatch_bnb_8bit
  File "/gpfs/scratch1/shared/mschaffelder/.venv/lib64/python3.11/site-packages/peft/tuners/lora/bnb.py", line 19, in <module>
    import bitsandbytes as bnb
  File "/gpfs/scratch1/shared/mschaffelder/.venv/lib64/python3.11/site-packages/bitsandbytes/__init__.py", line 15, in <module>
    from .nn import modules
  File "/gpfs/scratch1/shared/mschaffelder/.venv/lib64/python3.11/site-packages/bitsandbytes/nn/__init__.py", line 21, in <module>
    from .triton_based_modules import (
  File "/gpfs/scratch1/shared/mschaffelder/.venv/lib64/python3.11/site-packages/bitsandbytes/nn/triton_based_modules.py", line 6, in <module>
    from bitsandbytes.triton.dequantize_rowwise import dequantize_rowwise
  File "/gpfs/scratch1/shared/mschaffelder/.venv/lib64/python3.11/site-packages/bitsandbytes/triton/dequantize_rowwise.py", line 18, in <module>
    @triton.autotune(
     ^^^^^^^^^^^^^^^^
  File "/gpfs/scratch1/shared/mschaffelder/.venv/lib64/python3.11/site-packages/triton/runtime/autotuner.py", line 368, in decorator
    return Autotuner(fn, fn.arg_names, configs, key, reset_to_zero, restore_value, pre_hook=pre_hook,
           ^^^^^^^^^^^^^^^^^^^^^^^^^^^^^^^^^^^^^^^^^^^^^^^^^^^^^^^^^^^^^^^^^^^^^^^^^^^^^^^^^^^^^^^^^^
  File "/gpfs/scratch1/shared/mschaffelder/.venv/lib64/python3.11/site-packages/triton/runtime/autotuner.py", line 130, in __init__
    self.do_bench = driver.active.get_benchmarker()
                    ^^^^^^^^^^^^^^^^^^^^^^^^^^^^^
  File "/gpfs/scratch1/shared/mschaffelder/.venv/lib64/python3.11/site-packages/triton/runtime/driver.py", line 23, in __getattr__
    self._initialize_obj()
  File "/gpfs/scratch1/shared/mschaffelder/.venv/lib64/python3.11/site-packages/triton/runtime/driver.py", line 20, in _initialize_obj
    self._obj = self._init_fn()
                ^^^^^^^^^^^^^^^
  File "/gpfs/scratch1/shared/mschaffelder/.venv/lib64/python3.11/site-packages/triton/runtime/driver.py", line 9, in _create_driver
    return actives[0]()
           ^^^^^^^^^^^^
  File "/gpfs/scratch1/shared/mschaffelder/.venv/lib64/python3.11/site-packages/triton/backends/nvidia/driver.py", line 450, in __init__
    self.utils = CudaUtils()  # TODO: make static
                 ^^^^^^^^^^^
  File "/gpfs/scratch1/shared/mschaffelder/.venv/lib64/python3.11/site-packages/triton/backends/nvidia/driver.py", line 80, in __init__
    mod = compile_module_from_src(Path(os.path.join(dirname, "driver.c")).read_text(), "cuda_utils")
          ^^^^^^^^^^^^^^^^^^^^^^^^^^^^^^^^^^^^^^^^^^^^^^^^^^^^^^^^^^^^^^^^^^^^^^^^^^^^^^^^^^^^^^^^^^
  File "/gpfs/scratch1/shared/mschaffelder/.venv/lib64/python3.11/site-packages/triton/backends/nvidia/driver.py", line 57, in compile_module_from_src
    so = _build(name, src_path, tmpdir, library_dirs(), include_dir, libraries)
         ^^^^^^^^^^^^^^^^^^^^^^^^^^^^^^^^^^^^^^^^^^^^^^^^^^^^^^^^^^^^^^^^^^^^^^
  File "/gpfs/scratch1/shared/mschaffelder/.venv/lib64/python3.11/site-packages/triton/runtime/build.py", line 50, in _build
    ret = subprocess.check_call(cc_cmd)
          ^^^^^^^^^^^^^^^^^^^^^^^^^^^^^
  File "/usr/lib64/python3.11/subprocess.py", line 413, in check_call
    raise CalledProcessError(retcode, cmd)
subprocess.CalledProcessError: Command '['/usr/bin/gcc', '/scratch-local/mschaffelder.11600827/tmplx4963ku/main.c', '-O3', '-shared', '-fPIC', '-Wno-psabi', '-o', '/scratch-local/mschaffelder.11600827/tmplx4963ku/cuda_utils.cpython-311-x86_64-linux-gnu.so', '-lcuda', '-L/gpfs/scratch1/shared/mschaffelder/.venv/lib/python3.11/site-packages/triton/backends/nvidia/lib', '-L/lib64', '-I/gpfs/scratch1/shared/mschaffelder/.venv/lib/python3.11/site-packages/triton/backends/nvidia/include', '-I/scratch-local/mschaffelder.11600827/tmplx4963ku', '-I/usr/include/python3.11']' returned non-zero exit status 1.

JOB STATISTICS
==============
Job ID: 11600827
Cluster: snellius
User/Group: mschaffelder/mschaffelder
State: RUNNING
Nodes: 1
Cores per node: 16
CPU Utilized: 00:00:00
CPU Efficiency: 0.00% of 01:55:44 core-walltime
Job Wall-clock time: 00:07:14
Memory Utilized: 0.00 MB
Memory Efficiency: 0.00% of 30.00 GB (30.00 GB/node)
WARNING: Efficiency statistics can only be obtained after the job has ended as seff tool is based on the accounting database data.
