Activating virtual environment from /scratch-shared/mschaffelder/venv_finetune_1
Installing packages from requirements.txt
Requirement already satisfied: torch in /scratch-shared/mschaffelder/venv_finetune_1/lib/python3.12/site-packages (from -r requirements.txt (line 1)) (2.7.0)
Requirement already satisfied: peft>=0.5.0 in /scratch-shared/mschaffelder/venv_finetune_1/lib/python3.12/site-packages (from -r requirements.txt (line 2)) (0.15.2)
Requirement already satisfied: transformers>=4.36.0 in /scratch-shared/mschaffelder/venv_finetune_1/lib/python3.12/site-packages (from -r requirements.txt (line 3)) (4.52.3)
Requirement already satisfied: datasets>=2.14.0 in /scratch-shared/mschaffelder/venv_finetune_1/lib/python3.12/site-packages (from -r requirements.txt (line 4)) (3.6.0)
Requirement already satisfied: sentencepiece>=0.1.99 in /scratch-shared/mschaffelder/venv_finetune_1/lib/python3.12/site-packages (from -r requirements.txt (line 5)) (0.2.0)
Requirement already satisfied: huggingface_hub>=0.17.0 in /scratch-shared/mschaffelder/venv_finetune_1/lib/python3.12/site-packages (from -r requirements.txt (line 6)) (0.32.0)
Requirement already satisfied: bitsandbytes in /scratch-shared/mschaffelder/venv_finetune_1/lib/python3.12/site-packages (from -r requirements.txt (line 7)) (0.45.5)
Requirement already satisfied: tensorboard in /scratch-shared/mschaffelder/venv_finetune_1/lib/python3.12/site-packages (from -r requirements.txt (line 8)) (2.19.0)
Requirement already satisfied: accelerate>=0.21.0 in /scratch-shared/mschaffelder/venv_finetune_1/lib/python3.12/site-packages (from -r requirements.txt (line 9)) (1.7.0)
Requirement already satisfied: typing_extensions in /scratch-shared/mschaffelder/venv_finetune_1/lib/python3.12/site-packages (from -r requirements.txt (line 10)) (4.13.2)
Collecting deepspeed>=0.10.0 (from -r requirements.txt (line 11))
  Downloading deepspeed-0.16.9.tar.gz (1.5 MB)
     ━━━━━━━━━━━━━━━━━━━━━━━━━━━━━━━━━━━━━━━━ 1.5/1.5 MB 45.7 MB/s eta 0:00:00
  Installing build dependencies: started
  Installing build dependencies: finished with status 'done'
  Getting requirements to build wheel: started
  Getting requirements to build wheel: finished with status 'done'
  Preparing metadata (pyproject.toml): started
  Preparing metadata (pyproject.toml): finished with status 'done'
Requirement already satisfied: filelock in /scratch-shared/mschaffelder/venv_finetune_1/lib/python3.12/site-packages (from torch->-r requirements.txt (line 1)) (3.18.0)
Requirement already satisfied: setuptools in /scratch-shared/mschaffelder/venv_finetune_1/lib/python3.12/site-packages (from torch->-r requirements.txt (line 1)) (80.8.0)
Requirement already satisfied: sympy>=1.13.3 in /scratch-shared/mschaffelder/venv_finetune_1/lib/python3.12/site-packages (from torch->-r requirements.txt (line 1)) (1.14.0)
Requirement already satisfied: networkx in /scratch-shared/mschaffelder/venv_finetune_1/lib/python3.12/site-packages (from torch->-r requirements.txt (line 1)) (3.4.2)
Requirement already satisfied: jinja2 in /scratch-shared/mschaffelder/venv_finetune_1/lib/python3.12/site-packages (from torch->-r requirements.txt (line 1)) (3.1.6)
Requirement already satisfied: fsspec in /scratch-shared/mschaffelder/venv_finetune_1/lib/python3.12/site-packages (from torch->-r requirements.txt (line 1)) (2025.3.0)
Requirement already satisfied: nvidia-cuda-nvrtc-cu12==12.6.77 in /scratch-shared/mschaffelder/venv_finetune_1/lib/python3.12/site-packages (from torch->-r requirements.txt (line 1)) (12.6.77)
Requirement already satisfied: nvidia-cuda-runtime-cu12==12.6.77 in /scratch-shared/mschaffelder/venv_finetune_1/lib/python3.12/site-packages (from torch->-r requirements.txt (line 1)) (12.6.77)
Requirement already satisfied: nvidia-cuda-cupti-cu12==12.6.80 in /scratch-shared/mschaffelder/venv_finetune_1/lib/python3.12/site-packages (from torch->-r requirements.txt (line 1)) (12.6.80)
Requirement already satisfied: nvidia-cudnn-cu12==9.5.1.17 in /scratch-shared/mschaffelder/venv_finetune_1/lib/python3.12/site-packages (from torch->-r requirements.txt (line 1)) (9.5.1.17)
Requirement already satisfied: nvidia-cublas-cu12==12.6.4.1 in /scratch-shared/mschaffelder/venv_finetune_1/lib/python3.12/site-packages (from torch->-r requirements.txt (line 1)) (12.6.4.1)
Requirement already satisfied: nvidia-cufft-cu12==11.3.0.4 in /scratch-shared/mschaffelder/venv_finetune_1/lib/python3.12/site-packages (from torch->-r requirements.txt (line 1)) (11.3.0.4)
Requirement already satisfied: nvidia-curand-cu12==10.3.7.77 in /scratch-shared/mschaffelder/venv_finetune_1/lib/python3.12/site-packages (from torch->-r requirements.txt (line 1)) (10.3.7.77)
Requirement already satisfied: nvidia-cusolver-cu12==11.7.1.2 in /scratch-shared/mschaffelder/venv_finetune_1/lib/python3.12/site-packages (from torch->-r requirements.txt (line 1)) (11.7.1.2)
Requirement already satisfied: nvidia-cusparse-cu12==12.5.4.2 in /scratch-shared/mschaffelder/venv_finetune_1/lib/python3.12/site-packages (from torch->-r requirements.txt (line 1)) (12.5.4.2)
Requirement already satisfied: nvidia-cusparselt-cu12==0.6.3 in /scratch-shared/mschaffelder/venv_finetune_1/lib/python3.12/site-packages (from torch->-r requirements.txt (line 1)) (0.6.3)
Requirement already satisfied: nvidia-nccl-cu12==2.26.2 in /scratch-shared/mschaffelder/venv_finetune_1/lib/python3.12/site-packages (from torch->-r requirements.txt (line 1)) (2.26.2)
Requirement already satisfied: nvidia-nvtx-cu12==12.6.77 in /scratch-shared/mschaffelder/venv_finetune_1/lib/python3.12/site-packages (from torch->-r requirements.txt (line 1)) (12.6.77)
Requirement already satisfied: nvidia-nvjitlink-cu12==12.6.85 in /scratch-shared/mschaffelder/venv_finetune_1/lib/python3.12/site-packages (from torch->-r requirements.txt (line 1)) (12.6.85)
Requirement already satisfied: nvidia-cufile-cu12==1.11.1.6 in /scratch-shared/mschaffelder/venv_finetune_1/lib/python3.12/site-packages (from torch->-r requirements.txt (line 1)) (1.11.1.6)
Requirement already satisfied: triton==3.3.0 in /scratch-shared/mschaffelder/venv_finetune_1/lib/python3.12/site-packages (from torch->-r requirements.txt (line 1)) (3.3.0)
Requirement already satisfied: numpy>=1.17 in /scratch-shared/mschaffelder/venv_finetune_1/lib/python3.12/site-packages (from peft>=0.5.0->-r requirements.txt (line 2)) (2.2.6)
Requirement already satisfied: packaging>=20.0 in /scratch-shared/mschaffelder/venv_finetune_1/lib/python3.12/site-packages (from peft>=0.5.0->-r requirements.txt (line 2)) (25.0)
Requirement already satisfied: psutil in /scratch-shared/mschaffelder/venv_finetune_1/lib/python3.12/site-packages (from peft>=0.5.0->-r requirements.txt (line 2)) (7.0.0)
Requirement already satisfied: pyyaml in /scratch-shared/mschaffelder/venv_finetune_1/lib/python3.12/site-packages (from peft>=0.5.0->-r requirements.txt (line 2)) (6.0.2)
Requirement already satisfied: tqdm in /scratch-shared/mschaffelder/venv_finetune_1/lib/python3.12/site-packages (from peft>=0.5.0->-r requirements.txt (line 2)) (4.67.1)
Requirement already satisfied: safetensors in /scratch-shared/mschaffelder/venv_finetune_1/lib/python3.12/site-packages (from peft>=0.5.0->-r requirements.txt (line 2)) (0.5.3)
Requirement already satisfied: regex!=2019.12.17 in /scratch-shared/mschaffelder/venv_finetune_1/lib/python3.12/site-packages (from transformers>=4.36.0->-r requirements.txt (line 3)) (2024.11.6)
Requirement already satisfied: requests in /scratch-shared/mschaffelder/venv_finetune_1/lib/python3.12/site-packages (from transformers>=4.36.0->-r requirements.txt (line 3)) (2.32.3)
Requirement already satisfied: tokenizers<0.22,>=0.21 in /scratch-shared/mschaffelder/venv_finetune_1/lib/python3.12/site-packages (from transformers>=4.36.0->-r requirements.txt (line 3)) (0.21.1)
Requirement already satisfied: pyarrow>=15.0.0 in /scratch-shared/mschaffelder/venv_finetune_1/lib/python3.12/site-packages (from datasets>=2.14.0->-r requirements.txt (line 4)) (20.0.0)
Requirement already satisfied: dill<0.3.9,>=0.3.0 in /scratch-shared/mschaffelder/venv_finetune_1/lib/python3.12/site-packages (from datasets>=2.14.0->-r requirements.txt (line 4)) (0.3.8)
Requirement already satisfied: pandas in /scratch-shared/mschaffelder/venv_finetune_1/lib/python3.12/site-packages (from datasets>=2.14.0->-r requirements.txt (line 4)) (2.2.3)
Requirement already satisfied: xxhash in /scratch-shared/mschaffelder/venv_finetune_1/lib/python3.12/site-packages (from datasets>=2.14.0->-r requirements.txt (line 4)) (3.5.0)
Requirement already satisfied: multiprocess<0.70.17 in /scratch-shared/mschaffelder/venv_finetune_1/lib/python3.12/site-packages (from datasets>=2.14.0->-r requirements.txt (line 4)) (0.70.16)
Requirement already satisfied: hf-xet<2.0.0,>=1.1.2 in /scratch-shared/mschaffelder/venv_finetune_1/lib/python3.12/site-packages (from huggingface_hub>=0.17.0->-r requirements.txt (line 6)) (1.1.2)
Requirement already satisfied: absl-py>=0.4 in /scratch-shared/mschaffelder/venv_finetune_1/lib/python3.12/site-packages (from tensorboard->-r requirements.txt (line 8)) (2.2.2)
Requirement already satisfied: grpcio>=1.48.2 in /scratch-shared/mschaffelder/venv_finetune_1/lib/python3.12/site-packages (from tensorboard->-r requirements.txt (line 8)) (1.71.0)
Requirement already satisfied: markdown>=2.6.8 in /scratch-shared/mschaffelder/venv_finetune_1/lib/python3.12/site-packages (from tensorboard->-r requirements.txt (line 8)) (3.8)
Requirement already satisfied: protobuf!=4.24.0,>=3.19.6 in /scratch-shared/mschaffelder/venv_finetune_1/lib/python3.12/site-packages (from tensorboard->-r requirements.txt (line 8)) (6.31.0)
Requirement already satisfied: six>1.9 in /scratch-shared/mschaffelder/venv_finetune_1/lib/python3.12/site-packages (from tensorboard->-r requirements.txt (line 8)) (1.17.0)
Requirement already satisfied: tensorboard-data-server<0.8.0,>=0.7.0 in /scratch-shared/mschaffelder/venv_finetune_1/lib/python3.12/site-packages (from tensorboard->-r requirements.txt (line 8)) (0.7.2)
Requirement already satisfied: werkzeug>=1.0.1 in /scratch-shared/mschaffelder/venv_finetune_1/lib/python3.12/site-packages (from tensorboard->-r requirements.txt (line 8)) (3.1.3)
Collecting einops (from deepspeed>=0.10.0->-r requirements.txt (line 11))
  Downloading einops-0.8.1-py3-none-any.whl.metadata (13 kB)
Collecting hjson (from deepspeed>=0.10.0->-r requirements.txt (line 11))
  Downloading hjson-3.1.0-py3-none-any.whl.metadata (2.6 kB)
Collecting msgpack (from deepspeed>=0.10.0->-r requirements.txt (line 11))
  Downloading msgpack-1.1.0-cp312-cp312-manylinux_2_17_x86_64.manylinux2014_x86_64.whl.metadata (8.4 kB)
Collecting ninja (from deepspeed>=0.10.0->-r requirements.txt (line 11))
  Downloading ninja-1.11.1.4-py3-none-manylinux_2_12_x86_64.manylinux2010_x86_64.whl.metadata (5.0 kB)
Collecting py-cpuinfo (from deepspeed>=0.10.0->-r requirements.txt (line 11))
  Downloading py_cpuinfo-9.0.0-py3-none-any.whl.metadata (794 bytes)
Collecting pydantic>=2.0.0 (from deepspeed>=0.10.0->-r requirements.txt (line 11))
  Downloading pydantic-2.11.5-py3-none-any.whl.metadata (67 kB)
     ━━━━━━━━━━━━━━━━━━━━━━━━━━━━━━━━━━━━━━━━ 67.2/67.2 kB 13.4 MB/s eta 0:00:00
Requirement already satisfied: aiohttp!=4.0.0a0,!=4.0.0a1 in /scratch-shared/mschaffelder/venv_finetune_1/lib/python3.12/site-packages (from fsspec[http]<=2025.3.0,>=2023.1.0->datasets>=2.14.0->-r requirements.txt (line 4)) (3.11.18)
Collecting annotated-types>=0.6.0 (from pydantic>=2.0.0->deepspeed>=0.10.0->-r requirements.txt (line 11))
  Downloading annotated_types-0.7.0-py3-none-any.whl.metadata (15 kB)
Collecting pydantic-core==2.33.2 (from pydantic>=2.0.0->deepspeed>=0.10.0->-r requirements.txt (line 11))
  Downloading pydantic_core-2.33.2-cp312-cp312-manylinux_2_17_x86_64.manylinux2014_x86_64.whl.metadata (6.8 kB)
Collecting typing-inspection>=0.4.0 (from pydantic>=2.0.0->deepspeed>=0.10.0->-r requirements.txt (line 11))
  Downloading typing_inspection-0.4.1-py3-none-any.whl.metadata (2.6 kB)
Requirement already satisfied: charset-normalizer<4,>=2 in /scratch-shared/mschaffelder/venv_finetune_1/lib/python3.12/site-packages (from requests->transformers>=4.36.0->-r requirements.txt (line 3)) (3.4.2)
Requirement already satisfied: idna<4,>=2.5 in /scratch-shared/mschaffelder/venv_finetune_1/lib/python3.12/site-packages (from requests->transformers>=4.36.0->-r requirements.txt (line 3)) (3.10)
Requirement already satisfied: urllib3<3,>=1.21.1 in /scratch-shared/mschaffelder/venv_finetune_1/lib/python3.12/site-packages (from requests->transformers>=4.36.0->-r requirements.txt (line 3)) (2.4.0)
Requirement already satisfied: certifi>=2017.4.17 in /scratch-shared/mschaffelder/venv_finetune_1/lib/python3.12/site-packages (from requests->transformers>=4.36.0->-r requirements.txt (line 3)) (2025.4.26)
Requirement already satisfied: mpmath<1.4,>=1.1.0 in /scratch-shared/mschaffelder/venv_finetune_1/lib/python3.12/site-packages (from sympy>=1.13.3->torch->-r requirements.txt (line 1)) (1.3.0)
Requirement already satisfied: MarkupSafe>=2.1.1 in /scratch-shared/mschaffelder/venv_finetune_1/lib/python3.12/site-packages (from werkzeug>=1.0.1->tensorboard->-r requirements.txt (line 8)) (3.0.2)
Requirement already satisfied: python-dateutil>=2.8.2 in /scratch-shared/mschaffelder/venv_finetune_1/lib/python3.12/site-packages (from pandas->datasets>=2.14.0->-r requirements.txt (line 4)) (2.9.0.post0)
Requirement already satisfied: pytz>=2020.1 in /scratch-shared/mschaffelder/venv_finetune_1/lib/python3.12/site-packages (from pandas->datasets>=2.14.0->-r requirements.txt (line 4)) (2025.2)
Requirement already satisfied: tzdata>=2022.7 in /scratch-shared/mschaffelder/venv_finetune_1/lib/python3.12/site-packages (from pandas->datasets>=2.14.0->-r requirements.txt (line 4)) (2025.2)
Requirement already satisfied: aiohappyeyeballs>=2.3.0 in /scratch-shared/mschaffelder/venv_finetune_1/lib/python3.12/site-packages (from aiohttp!=4.0.0a0,!=4.0.0a1->fsspec[http]<=2025.3.0,>=2023.1.0->datasets>=2.14.0->-r requirements.txt (line 4)) (2.6.1)
Requirement already satisfied: aiosignal>=1.1.2 in /scratch-shared/mschaffelder/venv_finetune_1/lib/python3.12/site-packages (from aiohttp!=4.0.0a0,!=4.0.0a1->fsspec[http]<=2025.3.0,>=2023.1.0->datasets>=2.14.0->-r requirements.txt (line 4)) (1.3.2)
Requirement already satisfied: attrs>=17.3.0 in /scratch-shared/mschaffelder/venv_finetune_1/lib/python3.12/site-packages (from aiohttp!=4.0.0a0,!=4.0.0a1->fsspec[http]<=2025.3.0,>=2023.1.0->datasets>=2.14.0->-r requirements.txt (line 4)) (25.3.0)
Requirement already satisfied: frozenlist>=1.1.1 in /scratch-shared/mschaffelder/venv_finetune_1/lib/python3.12/site-packages (from aiohttp!=4.0.0a0,!=4.0.0a1->fsspec[http]<=2025.3.0,>=2023.1.0->datasets>=2.14.0->-r requirements.txt (line 4)) (1.6.0)
Requirement already satisfied: multidict<7.0,>=4.5 in /scratch-shared/mschaffelder/venv_finetune_1/lib/python3.12/site-packages (from aiohttp!=4.0.0a0,!=4.0.0a1->fsspec[http]<=2025.3.0,>=2023.1.0->datasets>=2.14.0->-r requirements.txt (line 4)) (6.4.4)
Requirement already satisfied: propcache>=0.2.0 in /scratch-shared/mschaffelder/venv_finetune_1/lib/python3.12/site-packages (from aiohttp!=4.0.0a0,!=4.0.0a1->fsspec[http]<=2025.3.0,>=2023.1.0->datasets>=2.14.0->-r requirements.txt (line 4)) (0.3.1)
Requirement already satisfied: yarl<2.0,>=1.17.0 in /scratch-shared/mschaffelder/venv_finetune_1/lib/python3.12/site-packages (from aiohttp!=4.0.0a0,!=4.0.0a1->fsspec[http]<=2025.3.0,>=2023.1.0->datasets>=2.14.0->-r requirements.txt (line 4)) (1.20.0)
Downloading pydantic-2.11.5-py3-none-any.whl (444 kB)
   ━━━━━━━━━━━━━━━━━━━━━━━━━━━━━━━━━━━━━━━━ 444.2/444.2 kB 43.8 MB/s eta 0:00:00
Downloading pydantic_core-2.33.2-cp312-cp312-manylinux_2_17_x86_64.manylinux2014_x86_64.whl (2.0 MB)
   ━━━━━━━━━━━━━━━━━━━━━━━━━━━━━━━━━━━━━━━━ 2.0/2.0 MB 5.2 MB/s eta 0:00:00
Downloading einops-0.8.1-py3-none-any.whl (64 kB)
   ━━━━━━━━━━━━━━━━━━━━━━━━━━━━━━━━━━━━━━━━ 64.4/64.4 kB 13.8 MB/s eta 0:00:00
Downloading hjson-3.1.0-py3-none-any.whl (54 kB)
   ━━━━━━━━━━━━━━━━━━━━━━━━━━━━━━━━━━━━━━━━ 54.0/54.0 kB 9.6 MB/s eta 0:00:00
Downloading msgpack-1.1.0-cp312-cp312-manylinux_2_17_x86_64.manylinux2014_x86_64.whl (401 kB)
   ━━━━━━━━━━━━━━━━━━━━━━━━━━━━━━━━━━━━━━━━ 401.4/401.4 kB 56.3 MB/s eta 0:00:00
Downloading ninja-1.11.1.4-py3-none-manylinux_2_12_x86_64.manylinux2010_x86_64.whl (422 kB)
   ━━━━━━━━━━━━━━━━━━━━━━━━━━━━━━━━━━━━━━━━ 422.8/422.8 kB 55.5 MB/s eta 0:00:00
Downloading py_cpuinfo-9.0.0-py3-none-any.whl (22 kB)
Downloading annotated_types-0.7.0-py3-none-any.whl (13 kB)
Downloading typing_inspection-0.4.1-py3-none-any.whl (14 kB)
Building wheels for collected packages: deepspeed
  Building wheel for deepspeed (pyproject.toml): started
  Building wheel for deepspeed (pyproject.toml): finished with status 'done'
  Created wheel for deepspeed: filename=deepspeed-0.16.9-py3-none-any.whl size=1644432 sha256=d56c2f02a348ed3a71fb0eb80a4a74cc7c69aebbc41aeb5fb817ed7702992280
  Stored in directory: /gpfs/home5/mschaffelder/.cache/pip/wheels/a1/58/a9/0a00926f88b1a588acf95c0ae74c81316f48986a43171db639
Successfully built deepspeed
Installing collected packages: py-cpuinfo, hjson, typing-inspection, pydantic-core, ninja, msgpack, einops, annotated-types, pydantic, deepspeed
Successfully installed annotated-types-0.7.0 deepspeed-0.16.9 einops-0.8.1 hjson-3.1.0 msgpack-1.1.0 ninja-1.11.1.4 py-cpuinfo-9.0.0 pydantic-2.11.5 pydantic-core-2.33.2 typing-inspection-0.4.1

[notice] A new release of pip is available: 24.0 -> 25.1.1
[notice] To update, run: pip install --upgrade pip
CUDA_VISIBLE_DEVICES: 0,1,2,3
Available GPUs: GPU 0: NVIDIA H100 (UUID: GPU-363ee2bd-d57a-1fd6-30f3-9f9851ffbc72)
GPU 1: NVIDIA H100 (UUID: GPU-58298d33-4677-3471-604a-d9370140f6dd)
GPU 2: NVIDIA H100 (UUID: GPU-1c7c9835-22de-c037-2f17-a809d27d12af)
GPU 3: NVIDIA H100 (UUID: GPU-b9a99e30-1105-a9d4-9df4-f1050f263536)
The token has not been saved to the git credentials helper. Pass `add_to_git_credential=True` in this function directly or `--add-to-git-credential` if using via `huggingface-cli` if you want to set the git credential as well.
Token is valid (permission: fineGrained).
The token `MaxBook Air` has been saved to /home/mschaffelder/.cache/huggingface/stored_tokens
Your token has been saved to /home/mschaffelder/.cache/huggingface/token
Login successful.
The current active token is: `MaxBook Air`
[2025-05-24 19:09:34,287] [INFO] [real_accelerator.py:254:get_accelerator] Setting ds_accelerator to cuda (auto detect)
df: /home/mschaffelder/.triton/autotune: No such file or directory
[2025-05-24 19:12:17,685] [WARNING] [runner.py:215:fetch_hostfile] Unable to find hostfile, will proceed with training with local resources only.
Detected VISIBLE_DEVICES=0,1,2,3 but ignoring it because one or several of --include/--exclude/--num_gpus/--num_nodes cl args were used. If you want to use CUDA_VISIBLE_DEVICES don't pass any of these arguments to deepspeed.
[2025-05-24 19:12:17,801] [INFO] [runner.py:605:main] cmd = /scratch-shared/mschaffelder/venv_finetune_1/bin/python -u -m deepspeed.launcher.launch --world_info=eyJsb2NhbGhvc3QiOiBbMCwgMSwgMiwgM119 --master_addr=127.0.0.1 --master_port=29500 --enable_each_rank_log=None finetuning_70b.py
[2025-05-24 19:12:24,294] [INFO] [real_accelerator.py:254:get_accelerator] Setting ds_accelerator to cuda (auto detect)
[2025-05-24 19:12:37,739] [INFO] [launch.py:139:main] 0 NCCL_P2P_DISABLE=0
[2025-05-24 19:12:37,741] [INFO] [launch.py:139:main] 0 NCCL_DEBUG=INFO
[2025-05-24 19:12:37,741] [INFO] [launch.py:139:main] 0 NCCL_IB_DISABLE=0
[2025-05-24 19:12:37,741] [INFO] [launch.py:146:main] WORLD INFO DICT: {'localhost': [0, 1, 2, 3]}
[2025-05-24 19:12:37,741] [INFO] [launch.py:152:main] nnodes=1, num_local_procs=4, node_rank=0
[2025-05-24 19:12:37,782] [INFO] [launch.py:163:main] global_rank_mapping=defaultdict(<class 'list'>, {'localhost': [0, 1, 2, 3]})
[2025-05-24 19:12:37,782] [INFO] [launch.py:164:main] dist_world_size=4
[2025-05-24 19:12:37,783] [INFO] [launch.py:168:main] Setting CUDA_VISIBLE_DEVICES=0,1,2,3
[2025-05-24 19:12:37,783] [INFO] [launch.py:256:main] process 2821985 spawned with command: ['/scratch-shared/mschaffelder/venv_finetune_1/bin/python', '-u', 'finetuning_70b.py', '--local_rank=0']
[2025-05-24 19:12:37,784] [INFO] [launch.py:256:main] process 2821986 spawned with command: ['/scratch-shared/mschaffelder/venv_finetune_1/bin/python', '-u', 'finetuning_70b.py', '--local_rank=1']
[2025-05-24 19:12:37,785] [INFO] [launch.py:256:main] process 2821987 spawned with command: ['/scratch-shared/mschaffelder/venv_finetune_1/bin/python', '-u', 'finetuning_70b.py', '--local_rank=2']
[2025-05-24 19:12:37,785] [INFO] [launch.py:256:main] process 2821988 spawned with command: ['/scratch-shared/mschaffelder/venv_finetune_1/bin/python', '-u', 'finetuning_70b.py', '--local_rank=3']
importing librariesimporting libraries
importing librariesimporting libraries


done importing librariesdone importing libraries
done importing libraries
Attempting to load tokenizer from local path: /scratch-shared/mschaffelder/hf_cache/meta-llama_Llama-3.1-70B-Instructdone importing libraries

Attempting to load tokenizer from local path: /scratch-shared/mschaffelder/hf_cache/meta-llama_Llama-3.1-70B-Instruct

Attempting to load tokenizer from local path: /scratch-shared/mschaffelder/hf_cache/meta-llama_Llama-3.1-70B-Instruct
Attempting to load tokenizer from local path: /scratch-shared/mschaffelder/hf_cache/meta-llama_Llama-3.1-70B-Instruct
Attempting to load model from local path: /scratch-shared/mschaffelder/hf_cache/meta-llama_Llama-3.1-70B-Instruct
Attempting to load model from local path: /scratch-shared/mschaffelder/hf_cache/meta-llama_Llama-3.1-70B-InstructAttempting to load model from local path: /scratch-shared/mschaffelder/hf_cache/meta-llama_Llama-3.1-70B-Instruct
Attempting to load model from local path: /scratch-shared/mschaffelder/hf_cache/meta-llama_Llama-3.1-70B-Instruct

Loading checkpoint shards:   0%|          | 0/30 [00:00<?, ?it/s]Loading checkpoint shards:   0%|          | 0/30 [00:00<?, ?it/s]Loading checkpoint shards:   0%|          | 0/30 [00:00<?, ?it/s]Loading checkpoint shards:   0%|          | 0/30 [00:00<?, ?it/s]Traceback (most recent call last):
  File "/gpfs/scratch1/shared/mschaffelder/code/finetuning/finetuning_70b.py", line 43, in <module>
Traceback (most recent call last):
Traceback (most recent call last):
Traceback (most recent call last):
  File "/gpfs/scratch1/shared/mschaffelder/code/finetuning/finetuning_70b.py", line 43, in <module>
  File "/gpfs/scratch1/shared/mschaffelder/code/finetuning/finetuning_70b.py", line 43, in <module>
  File "/gpfs/scratch1/shared/mschaffelder/code/finetuning/finetuning_70b.py", line 43, in <module>
    model = AutoModelForCausalLM.from_pretrained(
            ^^^^^^^^^^^^^^^^^^^^^^    ^model = AutoModelForCausalLM.from_pretrained(^
^^     ^model = AutoModelForCausalLM.from_pretrained( ^
 ^ ^  ^  ^  ^  ^  ^      ^model = AutoModelForCausalLM.from_pretrained(  ^
  
 ^  ^  File "/scratch-shared/mschaffelder/venv_finetune_1/lib/python3.12/site-packages/transformers/models/auto/auto_factory.py", line 571, in from_pretrained
  ^  ^ ^^ ^^ ^^ ^^ ^^ ^^ ^^ ^^ ^    ^^^return model_class.from_pretrained(^^^
^^^^ ^^^ ^^^ ^^^ ^^^ ^^^ ^^^ ^^^ ^^^ ^^^ ^^^ ^^^^^^^^^^^^^^^^^^^^^^^^^^^^^^^^^^^^^^^^^^^^^^
^^^^^^  File "/scratch-shared/mschaffelder/venv_finetune_1/lib/python3.12/site-packages/transformers/models/auto/auto_factory.py", line 571, in from_pretrained
^^^^^
^^^^  File "/scratch-shared/mschaffelder/venv_finetune_1/lib/python3.12/site-packages/transformers/models/auto/auto_factory.py", line 571, in from_pretrained
^^^^^^^^^^^^^
^^^  File "/scratch-shared/mschaffelder/venv_finetune_1/lib/python3.12/site-packages/transformers/models/auto/auto_factory.py", line 571, in from_pretrained
^
    return model_class.from_pretrained(
  File "/scratch-shared/mschaffelder/venv_finetune_1/lib/python3.12/site-packages/transformers/modeling_utils.py", line 309, in _wrapper
      return model_class.from_pretrained(     
return model_class.from_pretrained( 
                    ^  ^  ^  ^  ^^ ^^^^^^^^^^^^^^^^^^^^^^^^^^^^^^^^^^^^^^^^^^^^^^^^^^^^^^^^^^^^^^^^^^^^^
^^^^  File "/scratch-shared/mschaffelder/venv_finetune_1/lib/python3.12/site-packages/transformers/modeling_utils.py", line 309, in _wrapper
^^^^
^
  File "/scratch-shared/mschaffelder/venv_finetune_1/lib/python3.12/site-packages/transformers/modeling_utils.py", line 309, in _wrapper
  File "/scratch-shared/mschaffelder/venv_finetune_1/lib/python3.12/site-packages/transformers/modeling_utils.py", line 309, in _wrapper
    return func(*args, **kwargs)    
return func(*args, **kwargs)    
return func(*args, **kwargs)    
return func(*args, **kwargs) 
                                  ^   ^ ^ ^ ^ ^^^ ^^^ ^^^^^^^^^^^^^^^^^^^^^^^^^^^^^^^^^^^^^^^^^^^^^^^^^^^^^^^^^^^^^^^^
^^^^
^  File "/scratch-shared/mschaffelder/venv_finetune_1/lib/python3.12/site-packages/transformers/modeling_utils.py", line 4573, in from_pretrained
^^
^  File "/scratch-shared/mschaffelder/venv_finetune_1/lib/python3.12/site-packages/transformers/modeling_utils.py", line 4573, in from_pretrained
^
  File "/scratch-shared/mschaffelder/venv_finetune_1/lib/python3.12/site-packages/transformers/modeling_utils.py", line 4573, in from_pretrained
  File "/scratch-shared/mschaffelder/venv_finetune_1/lib/python3.12/site-packages/transformers/modeling_utils.py", line 4573, in from_pretrained
    ) = cls._load_pretrained_model(
            ^) = cls._load_pretrained_model(^
    ^) = cls._load_pretrained_model(^
 ^ ^      ^ ) = cls._load_pretrained_model( ^ 
 ^  ^   ^   ^ ^ ^ ^ ^^^ ^^^ ^^^ ^^^ ^^^^^^^^^^^^^^^^^^^^^^^^^^^^^^^^^^^^^^^^
^^^^^^  File "/scratch-shared/mschaffelder/venv_finetune_1/lib/python3.12/site-packages/transformers/modeling_utils.py", line 4990, in _load_pretrained_model
^^^^^^^^^^^^^^^^^^^^^^^^^^^^
^^^  File "/scratch-shared/mschaffelder/venv_finetune_1/lib/python3.12/site-packages/transformers/modeling_utils.py", line 4990, in _load_pretrained_model

^^  File "/scratch-shared/mschaffelder/venv_finetune_1/lib/python3.12/site-packages/transformers/modeling_utils.py", line 4990, in _load_pretrained_model
^^
  File "/scratch-shared/mschaffelder/venv_finetune_1/lib/python3.12/site-packages/transformers/modeling_utils.py", line 4990, in _load_pretrained_model
    caching_allocator_warmup(model_to_load, expanded_device_map, hf_quantizer)
  File "/scratch-shared/mschaffelder/venv_finetune_1/lib/python3.12/site-packages/transformers/modeling_utils.py", line 6063, in caching_allocator_warmup
    caching_allocator_warmup(model_to_load, expanded_device_map, hf_quantizer)
    caching_allocator_warmup(model_to_load, expanded_device_map, hf_quantizer)
  File "/scratch-shared/mschaffelder/venv_finetune_1/lib/python3.12/site-packages/transformers/modeling_utils.py", line 6063, in caching_allocator_warmup
      File "/scratch-shared/mschaffelder/venv_finetune_1/lib/python3.12/site-packages/transformers/modeling_utils.py", line 6063, in caching_allocator_warmup
caching_allocator_warmup(model_to_load, expanded_device_map, hf_quantizer)
  File "/scratch-shared/mschaffelder/venv_finetune_1/lib/python3.12/site-packages/transformers/modeling_utils.py", line 6063, in caching_allocator_warmup
    _ = torch.empty(byte_count // factor, dtype=torch.float16, device=device, requires_grad=False)
        ^^^^^^^^^^^^^^^^^^^^^^^^^^^^^^^^^^^^^^^^^^^^^^^^^^^^^^^^    ^_ = torch.empty(byte_count // factor, dtype=torch.float16, device=device, requires_grad=False)^
^    ^_ = torch.empty(byte_count // factor, dtype=torch.float16, device=device, requires_grad=False)^
^^ ^ ^ ^      ^_ = torch.empty(byte_count // factor, dtype=torch.float16, device=device, requires_grad=False)  ^
  ^  ^  ^^  ^^  ^^  ^^^ ^^^ ^^^ ^^^ ^^^ ^^^^^^^^^^^^^^^^^^^^^^^^^^^^^^^^^^^^^^^^^^^^^^^^
^^^^^^^torch^^^.^^^OutOfMemoryError^^^: ^^^CUDA out of memory. Tried to allocate 44.93 GiB. GPU 0 has a total capacity of 93.11 GiB of which 76.59 GiB is free. Including non-PyTorch memory, this process has 518.00 MiB memory in use. Process 2821985 has 518.00 MiB memory in use. Process 2821988 has 518.00 MiB memory in use. Process 2821986 has 14.80 GiB memory in use. Of the allocated memory 0 bytes is allocated by PyTorch, and 0 bytes is reserved by PyTorch but unallocated. If reserved but unallocated memory is large try setting PYTORCH_CUDA_ALLOC_CONF=expandable_segments:True to avoid fragmentation.  See documentation for Memory Management  (https://pytorch.org/docs/stable/notes/cuda.html#environment-variables)
^^^^^^^^^^^^^^^^^^^^^^^^^^^^^^^^^^^^^^^^^^^^^^^^^^^^^^^^^^^^^^^^^^^^^^^^^^^^^^^^^^^^^^^^^^^^^^^^^^^^^^^^^^^^^^^^^^^^^^^^^^^^^^^^^^^^^^^^^^^^^^^^^^^^^^^^^^^^^^^^^^^^^^^^^^^^^^^^^^^^^^^^^^^^^^^^^^
^
^torch^.^torchOutOfMemoryError^.: ^OutOfMemoryErrorCUDA out of memory. Tried to allocate 44.93 GiB. GPU 0 has a total capacity of 93.11 GiB of which 91.06 GiB is free. Process 2821987 has 518.00 MiB memory in use. Process 2821985 has 518.00 MiB memory in use. Process 2821988 has 518.00 MiB memory in use. Including non-PyTorch memory, this process has 518.00 MiB memory in use. Of the allocated memory 0 bytes is allocated by PyTorch, and 0 bytes is reserved by PyTorch but unallocated. If reserved but unallocated memory is large try setting PYTORCH_CUDA_ALLOC_CONF=expandable_segments:True to avoid fragmentation.  See documentation for Memory Management  (https://pytorch.org/docs/stable/notes/cuda.html#environment-variables)^: 
^CUDA out of memory. Tried to allocate 44.93 GiB. GPU 0 has a total capacity of 93.11 GiB of which 51.72 GiB is free. Process 2821987 has 8.69 GiB memory in use. Including non-PyTorch memory, this process has 518.00 MiB memory in use. Process 2821988 has 4.96 GiB memory in use. Process 2821986 has 21.56 GiB memory in use. Of the allocated memory 0 bytes is allocated by PyTorch, and 0 bytes is reserved by PyTorch but unallocated. If reserved but unallocated memory is large try setting PYTORCH_CUDA_ALLOC_CONF=expandable_segments:True to avoid fragmentation.  See documentation for Memory Management  (https://pytorch.org/docs/stable/notes/cuda.html#environment-variables)

torch.OutOfMemoryError: CUDA out of memory. Tried to allocate 44.93 GiB. GPU 0 has a total capacity of 93.11 GiB of which 71.86 GiB is free. Process 2821987 has 2.65 GiB memory in use. Process 2821985 has 518.00 MiB memory in use. Including non-PyTorch memory, this process has 518.00 MiB memory in use. Process 2821986 has 17.13 GiB memory in use. Of the allocated memory 0 bytes is allocated by PyTorch, and 0 bytes is reserved by PyTorch but unallocated. If reserved but unallocated memory is large try setting PYTORCH_CUDA_ALLOC_CONF=expandable_segments:True to avoid fragmentation.  See documentation for Memory Management  (https://pytorch.org/docs/stable/notes/cuda.html#environment-variables)
Loading checkpoint shards:   0%|          | 0/30 [00:04<?, ?it/s]
Loading checkpoint shards:   0%|          | 0/30 [00:04<?, ?it/s]
Loading checkpoint shards:   0%|          | 0/30 [00:04<?, ?it/s]
Loading checkpoint shards:   0%|          | 0/30 [00:04<?, ?it/s]
[2025-05-24 19:14:18,794] [INFO] [launch.py:319:sigkill_handler] Killing subprocess 2821985
[2025-05-24 19:14:18,804] [INFO] [launch.py:319:sigkill_handler] Killing subprocess 2821986
[2025-05-24 19:14:18,871] [INFO] [launch.py:319:sigkill_handler] Killing subprocess 2821987
[2025-05-24 19:14:18,936] [INFO] [launch.py:319:sigkill_handler] Killing subprocess 2821988
[2025-05-24 19:14:18,949] [ERROR] [launch.py:325:sigkill_handler] ['/scratch-shared/mschaffelder/venv_finetune_1/bin/python', '-u', 'finetuning_70b.py', '--local_rank=3'] exits with return code = 1

JOB STATISTICS
==============
Job ID: 12013992
Cluster: snellius
User/Group: mschaffelder/mschaffelder
State: FAILED (exit code 1)
Nodes: 1
Cores per node: 64
CPU Utilized: 00:01:20
CPU Efficiency: 0.26% of 08:36:16 core-walltime
Job Wall-clock time: 00:08:04
Memory Utilized: 3.34 GB
Memory Efficiency: 3.34% of 100.00 GB (100.00 GB/node)
