Requirement already satisfied: torch in /gpfs/scratch1/shared/mschaffelder/venv/lib/python3.12/site-packages (from -r requirements.txt (line 1)) (2.7.0)
Requirement already satisfied: peft>=0.5.0 in /gpfs/scratch1/shared/mschaffelder/venv/lib/python3.12/site-packages (from -r requirements.txt (line 2)) (0.15.2)
Requirement already satisfied: transformers>=4.36.0 in /gpfs/scratch1/shared/mschaffelder/venv/lib/python3.12/site-packages (from -r requirements.txt (line 3)) (4.51.3)
Requirement already satisfied: datasets>=2.14.0 in /gpfs/scratch1/shared/mschaffelder/venv/lib/python3.12/site-packages (from -r requirements.txt (line 4)) (3.5.1)
Requirement already satisfied: sentencepiece>=0.1.99 in /gpfs/scratch1/shared/mschaffelder/venv/lib/python3.12/site-packages (from -r requirements.txt (line 5)) (0.2.0)
Requirement already satisfied: huggingface_hub>=0.17.0 in /gpfs/scratch1/shared/mschaffelder/venv/lib/python3.12/site-packages (from -r requirements.txt (line 6)) (0.30.2)
Requirement already satisfied: bitsandbytes in /gpfs/scratch1/shared/mschaffelder/venv/lib/python3.12/site-packages (from -r requirements.txt (line 7)) (0.45.5)
Requirement already satisfied: tensorboard in /gpfs/scratch1/shared/mschaffelder/venv/lib/python3.12/site-packages (from -r requirements.txt (line 8)) (2.19.0)
Requirement already satisfied: filelock in /gpfs/scratch1/shared/mschaffelder/venv/lib/python3.12/site-packages (from torch->-r requirements.txt (line 1)) (3.18.0)
Requirement already satisfied: typing-extensions>=4.10.0 in /gpfs/scratch1/shared/mschaffelder/venv/lib/python3.12/site-packages (from torch->-r requirements.txt (line 1)) (4.13.2)
Requirement already satisfied: setuptools in /gpfs/scratch1/shared/mschaffelder/venv/lib/python3.12/site-packages (from torch->-r requirements.txt (line 1)) (80.1.0)
Requirement already satisfied: sympy>=1.13.3 in /gpfs/scratch1/shared/mschaffelder/venv/lib/python3.12/site-packages (from torch->-r requirements.txt (line 1)) (1.14.0)
Requirement already satisfied: networkx in /gpfs/scratch1/shared/mschaffelder/venv/lib/python3.12/site-packages (from torch->-r requirements.txt (line 1)) (3.4.2)
Requirement already satisfied: jinja2 in /gpfs/scratch1/shared/mschaffelder/venv/lib/python3.12/site-packages (from torch->-r requirements.txt (line 1)) (3.1.6)
Requirement already satisfied: fsspec in /gpfs/scratch1/shared/mschaffelder/venv/lib/python3.12/site-packages (from torch->-r requirements.txt (line 1)) (2025.3.0)
Requirement already satisfied: nvidia-cuda-nvrtc-cu12==12.6.77 in /gpfs/scratch1/shared/mschaffelder/venv/lib/python3.12/site-packages (from torch->-r requirements.txt (line 1)) (12.6.77)
Requirement already satisfied: nvidia-cuda-runtime-cu12==12.6.77 in /gpfs/scratch1/shared/mschaffelder/venv/lib/python3.12/site-packages (from torch->-r requirements.txt (line 1)) (12.6.77)
Requirement already satisfied: nvidia-cuda-cupti-cu12==12.6.80 in /gpfs/scratch1/shared/mschaffelder/venv/lib/python3.12/site-packages (from torch->-r requirements.txt (line 1)) (12.6.80)
Requirement already satisfied: nvidia-cudnn-cu12==9.5.1.17 in /gpfs/scratch1/shared/mschaffelder/venv/lib/python3.12/site-packages (from torch->-r requirements.txt (line 1)) (9.5.1.17)
Requirement already satisfied: nvidia-cublas-cu12==12.6.4.1 in /gpfs/scratch1/shared/mschaffelder/venv/lib/python3.12/site-packages (from torch->-r requirements.txt (line 1)) (12.6.4.1)
Requirement already satisfied: nvidia-cufft-cu12==11.3.0.4 in /gpfs/scratch1/shared/mschaffelder/venv/lib/python3.12/site-packages (from torch->-r requirements.txt (line 1)) (11.3.0.4)
Requirement already satisfied: nvidia-curand-cu12==10.3.7.77 in /gpfs/scratch1/shared/mschaffelder/venv/lib/python3.12/site-packages (from torch->-r requirements.txt (line 1)) (10.3.7.77)
Requirement already satisfied: nvidia-cusolver-cu12==11.7.1.2 in /gpfs/scratch1/shared/mschaffelder/venv/lib/python3.12/site-packages (from torch->-r requirements.txt (line 1)) (11.7.1.2)
Requirement already satisfied: nvidia-cusparse-cu12==12.5.4.2 in /gpfs/scratch1/shared/mschaffelder/venv/lib/python3.12/site-packages (from torch->-r requirements.txt (line 1)) (12.5.4.2)
Requirement already satisfied: nvidia-cusparselt-cu12==0.6.3 in /gpfs/scratch1/shared/mschaffelder/venv/lib/python3.12/site-packages (from torch->-r requirements.txt (line 1)) (0.6.3)
Requirement already satisfied: nvidia-nccl-cu12==2.26.2 in /gpfs/scratch1/shared/mschaffelder/venv/lib/python3.12/site-packages (from torch->-r requirements.txt (line 1)) (2.26.2)
Requirement already satisfied: nvidia-nvtx-cu12==12.6.77 in /gpfs/scratch1/shared/mschaffelder/venv/lib/python3.12/site-packages (from torch->-r requirements.txt (line 1)) (12.6.77)
Requirement already satisfied: nvidia-nvjitlink-cu12==12.6.85 in /gpfs/scratch1/shared/mschaffelder/venv/lib/python3.12/site-packages (from torch->-r requirements.txt (line 1)) (12.6.85)
Requirement already satisfied: nvidia-cufile-cu12==1.11.1.6 in /gpfs/scratch1/shared/mschaffelder/venv/lib/python3.12/site-packages (from torch->-r requirements.txt (line 1)) (1.11.1.6)
Requirement already satisfied: triton==3.3.0 in /gpfs/scratch1/shared/mschaffelder/venv/lib/python3.12/site-packages (from torch->-r requirements.txt (line 1)) (3.3.0)
Requirement already satisfied: numpy>=1.17 in /gpfs/scratch1/shared/mschaffelder/venv/lib/python3.12/site-packages (from peft>=0.5.0->-r requirements.txt (line 2)) (2.2.5)
Requirement already satisfied: packaging>=20.0 in /gpfs/scratch1/shared/mschaffelder/venv/lib/python3.12/site-packages (from peft>=0.5.0->-r requirements.txt (line 2)) (25.0)
Requirement already satisfied: psutil in /gpfs/scratch1/shared/mschaffelder/venv/lib/python3.12/site-packages (from peft>=0.5.0->-r requirements.txt (line 2)) (7.0.0)
Requirement already satisfied: pyyaml in /gpfs/scratch1/shared/mschaffelder/venv/lib/python3.12/site-packages (from peft>=0.5.0->-r requirements.txt (line 2)) (6.0.2)
Requirement already satisfied: tqdm in /gpfs/scratch1/shared/mschaffelder/venv/lib/python3.12/site-packages (from peft>=0.5.0->-r requirements.txt (line 2)) (4.67.1)
Requirement already satisfied: accelerate>=0.21.0 in /gpfs/scratch1/shared/mschaffelder/venv/lib/python3.12/site-packages (from peft>=0.5.0->-r requirements.txt (line 2)) (1.6.0)
Requirement already satisfied: safetensors in /gpfs/scratch1/shared/mschaffelder/venv/lib/python3.12/site-packages (from peft>=0.5.0->-r requirements.txt (line 2)) (0.5.3)
Requirement already satisfied: regex!=2019.12.17 in /gpfs/scratch1/shared/mschaffelder/venv/lib/python3.12/site-packages (from transformers>=4.36.0->-r requirements.txt (line 3)) (2024.11.6)
Requirement already satisfied: requests in /gpfs/scratch1/shared/mschaffelder/venv/lib/python3.12/site-packages (from transformers>=4.36.0->-r requirements.txt (line 3)) (2.32.3)
Requirement already satisfied: tokenizers<0.22,>=0.21 in /gpfs/scratch1/shared/mschaffelder/venv/lib/python3.12/site-packages (from transformers>=4.36.0->-r requirements.txt (line 3)) (0.21.1)
Requirement already satisfied: pyarrow>=15.0.0 in /gpfs/scratch1/shared/mschaffelder/venv/lib/python3.12/site-packages (from datasets>=2.14.0->-r requirements.txt (line 4)) (20.0.0)
Requirement already satisfied: dill<0.3.9,>=0.3.0 in /gpfs/scratch1/shared/mschaffelder/venv/lib/python3.12/site-packages (from datasets>=2.14.0->-r requirements.txt (line 4)) (0.3.8)
Requirement already satisfied: pandas in /gpfs/scratch1/shared/mschaffelder/venv/lib/python3.12/site-packages (from datasets>=2.14.0->-r requirements.txt (line 4)) (2.2.3)
Requirement already satisfied: xxhash in /gpfs/scratch1/shared/mschaffelder/venv/lib/python3.12/site-packages (from datasets>=2.14.0->-r requirements.txt (line 4)) (3.5.0)
Requirement already satisfied: multiprocess<0.70.17 in /gpfs/scratch1/shared/mschaffelder/venv/lib/python3.12/site-packages (from datasets>=2.14.0->-r requirements.txt (line 4)) (0.70.16)
Requirement already satisfied: aiohttp in /gpfs/scratch1/shared/mschaffelder/venv/lib/python3.12/site-packages (from datasets>=2.14.0->-r requirements.txt (line 4)) (3.11.18)
Requirement already satisfied: absl-py>=0.4 in /gpfs/scratch1/shared/mschaffelder/venv/lib/python3.12/site-packages (from tensorboard->-r requirements.txt (line 8)) (2.2.2)
Requirement already satisfied: grpcio>=1.48.2 in /gpfs/scratch1/shared/mschaffelder/venv/lib/python3.12/site-packages (from tensorboard->-r requirements.txt (line 8)) (1.71.0)
Requirement already satisfied: markdown>=2.6.8 in /gpfs/scratch1/shared/mschaffelder/venv/lib/python3.12/site-packages (from tensorboard->-r requirements.txt (line 8)) (3.8)
Requirement already satisfied: protobuf!=4.24.0,>=3.19.6 in /gpfs/scratch1/shared/mschaffelder/venv/lib/python3.12/site-packages (from tensorboard->-r requirements.txt (line 8)) (6.30.2)
Requirement already satisfied: six>1.9 in /gpfs/scratch1/shared/mschaffelder/venv/lib/python3.12/site-packages (from tensorboard->-r requirements.txt (line 8)) (1.17.0)
Requirement already satisfied: tensorboard-data-server<0.8.0,>=0.7.0 in /gpfs/scratch1/shared/mschaffelder/venv/lib/python3.12/site-packages (from tensorboard->-r requirements.txt (line 8)) (0.7.2)
Requirement already satisfied: werkzeug>=1.0.1 in /gpfs/scratch1/shared/mschaffelder/venv/lib/python3.12/site-packages (from tensorboard->-r requirements.txt (line 8)) (3.1.3)
Requirement already satisfied: aiohappyeyeballs>=2.3.0 in /gpfs/scratch1/shared/mschaffelder/venv/lib/python3.12/site-packages (from aiohttp->datasets>=2.14.0->-r requirements.txt (line 4)) (2.6.1)
Requirement already satisfied: aiosignal>=1.1.2 in /gpfs/scratch1/shared/mschaffelder/venv/lib/python3.12/site-packages (from aiohttp->datasets>=2.14.0->-r requirements.txt (line 4)) (1.3.2)
Requirement already satisfied: attrs>=17.3.0 in /gpfs/scratch1/shared/mschaffelder/venv/lib/python3.12/site-packages (from aiohttp->datasets>=2.14.0->-r requirements.txt (line 4)) (25.3.0)
Requirement already satisfied: frozenlist>=1.1.1 in /gpfs/scratch1/shared/mschaffelder/venv/lib/python3.12/site-packages (from aiohttp->datasets>=2.14.0->-r requirements.txt (line 4)) (1.6.0)
Requirement already satisfied: multidict<7.0,>=4.5 in /gpfs/scratch1/shared/mschaffelder/venv/lib/python3.12/site-packages (from aiohttp->datasets>=2.14.0->-r requirements.txt (line 4)) (6.4.3)
Requirement already satisfied: propcache>=0.2.0 in /gpfs/scratch1/shared/mschaffelder/venv/lib/python3.12/site-packages (from aiohttp->datasets>=2.14.0->-r requirements.txt (line 4)) (0.3.1)
Requirement already satisfied: yarl<2.0,>=1.17.0 in /gpfs/scratch1/shared/mschaffelder/venv/lib/python3.12/site-packages (from aiohttp->datasets>=2.14.0->-r requirements.txt (line 4)) (1.20.0)
Requirement already satisfied: idna>=2.0 in /gpfs/scratch1/shared/mschaffelder/venv/lib/python3.12/site-packages (from yarl<2.0,>=1.17.0->aiohttp->datasets>=2.14.0->-r requirements.txt (line 4)) (3.10)
Requirement already satisfied: charset-normalizer<4,>=2 in /gpfs/scratch1/shared/mschaffelder/venv/lib/python3.12/site-packages (from requests->transformers>=4.36.0->-r requirements.txt (line 3)) (3.4.2)
Requirement already satisfied: urllib3<3,>=1.21.1 in /gpfs/scratch1/shared/mschaffelder/venv/lib/python3.12/site-packages (from requests->transformers>=4.36.0->-r requirements.txt (line 3)) (2.4.0)
Requirement already satisfied: certifi>=2017.4.17 in /gpfs/scratch1/shared/mschaffelder/venv/lib/python3.12/site-packages (from requests->transformers>=4.36.0->-r requirements.txt (line 3)) (2025.4.26)
Requirement already satisfied: mpmath<1.4,>=1.1.0 in /gpfs/scratch1/shared/mschaffelder/venv/lib/python3.12/site-packages (from sympy>=1.13.3->torch->-r requirements.txt (line 1)) (1.3.0)
Requirement already satisfied: MarkupSafe>=2.1.1 in /gpfs/scratch1/shared/mschaffelder/venv/lib/python3.12/site-packages (from werkzeug>=1.0.1->tensorboard->-r requirements.txt (line 8)) (3.0.2)
Requirement already satisfied: python-dateutil>=2.8.2 in /gpfs/scratch1/shared/mschaffelder/venv/lib/python3.12/site-packages (from pandas->datasets>=2.14.0->-r requirements.txt (line 4)) (2.9.0.post0)
Requirement already satisfied: pytz>=2020.1 in /gpfs/scratch1/shared/mschaffelder/venv/lib/python3.12/site-packages (from pandas->datasets>=2.14.0->-r requirements.txt (line 4)) (2025.2)
Requirement already satisfied: tzdata>=2022.7 in /gpfs/scratch1/shared/mschaffelder/venv/lib/python3.12/site-packages (from pandas->datasets>=2.14.0->-r requirements.txt (line 4)) (2025.2)
CUDA_VISIBLE_DEVICES: 0
Available GPUs: GPU 0: NVIDIA H100 (UUID: GPU-b8b735d8-74be-1cc7-e936-3926b58d0c4f)
The token has not been saved to the git credentials helper. Pass `add_to_git_credential=True` in this function directly or `--add-to-git-credential` if using via `huggingface-cli` if you want to set the git credential as well.
Token is valid (permission: fineGrained).
The token `MaxBook Air` has been saved to /home/mschaffelder/.cache/huggingface/stored_tokens
Your token has been saved to /home/mschaffelder/.cache/huggingface/token
Login successful.
The current active token is: `MaxBook Air`
Entered finetuning_local_8b_v2.py
Imported modules
Loading tokenizer and model...
Loading checkpoint shards:   0%|          | 0/4 [00:00<?, ?it/s]Loading checkpoint shards:  25%|██▌       | 1/4 [00:07<00:22,  7.65s/it]Loading checkpoint shards:  50%|█████     | 2/4 [00:13<00:13,  6.60s/it]Loading checkpoint shards:  75%|███████▌  | 3/4 [00:17<00:05,  5.49s/it]Loading checkpoint shards: 100%|██████████| 4/4 [00:18<00:00,  3.68s/it]Loading checkpoint shards: 100%|██████████| 4/4 [00:18<00:00,  4.65s/it]
LoRA modules added.
Map:   0%|          | 0/1502 [00:00<?, ? examples/s]Map:  67%|██████▋   | 1000/1502 [00:00<00:00, 1897.34 examples/s]Map: 100%|██████████| 1502/1502 [00:00<00:00, 1913.43 examples/s]Map: 100%|██████████| 1502/1502 [00:00<00:00, 1609.42 examples/s]
/gpfs/scratch1/shared/mschaffelder/code/finetuning/finetuning_local_8b_v2.py:167: FutureWarning: `tokenizer` is deprecated and will be removed in version 5.0.0 for `Trainer.__init__`. Use `processing_class` instead.
  trainer = Trainer(
No label_names provided for model class `PeftModelForCausalLM`. Since `PeftModel` hides base models input arguments, if label_names is not given, label_names can't be set automatically within `Trainer`. Note that empty label_names list will be used instead.
Starting training...
Traceback (most recent call last):
  File "/gpfs/scratch1/shared/mschaffelder/code/finetuning/finetuning_local_8b_v2.py", line 178, in <module>
    trainer.train()
  File "/gpfs/scratch1/shared/mschaffelder/venv/lib/python3.12/site-packages/transformers/trainer.py", line 2245, in train
    return inner_training_loop(
           ^^^^^^^^^^^^^^^^^^^^
  File "/gpfs/scratch1/shared/mschaffelder/venv/lib/python3.12/site-packages/transformers/trainer.py", line 2274, in _inner_training_loop
    train_dataloader = self.get_train_dataloader()
                       ^^^^^^^^^^^^^^^^^^^^^^^^^^^
  File "/gpfs/scratch1/shared/mschaffelder/venv/lib/python3.12/site-packages/transformers/trainer.py", line 1013, in get_train_dataloader
    train_dataset = self._remove_unused_columns(train_dataset, description="training")
                    ^^^^^^^^^^^^^^^^^^^^^^^^^^^^^^^^^^^^^^^^^^^^^^^^^^^^^^^^^^^^^^^^^^
  File "/gpfs/scratch1/shared/mschaffelder/venv/lib/python3.12/site-packages/transformers/trainer.py", line 939, in _remove_unused_columns
    raise ValueError(
ValueError: No columns in the dataset match the model's forward method signature. The following columns have been ignored: [instruction, index, response_llama-3.1-8b-instant, category, response_human]. Please check the dataset and model. You may need to set `remove_unused_columns=False` in `TrainingArguments`.

JOB STATISTICS
==============
Job ID: 11623023
Cluster: snellius
User/Group: mschaffelder/mschaffelder
State: FAILED (exit code 1)
Nodes: 1
Cores per node: 16
CPU Utilized: 00:00:25
CPU Efficiency: 0.19% of 03:42:08 core-walltime
Job Wall-clock time: 00:13:53
Memory Utilized: 2.72 GB
Memory Efficiency: 9.07% of 30.00 GB (30.00 GB/node)
