Lmod has detected the following error: The following module(s) are unknown:
"Python/3.10.4-GCCcore-11.3.0"

Please check the spelling or version number. Also try "module spider ..."
It is also possible your cache file is out-of-date; it may help to try:
  $ module --ignore_cache load "Python/3.10.4-GCCcore-11.3.0"

Also make sure that all modulefiles written in TCL start with the string
#%Module



Virtual environment venv_exp_2 already exists at /scratch-shared/mschaffelder/venv_exp_2.
Activating virtual environment: /scratch-shared/mschaffelder/venv_exp_2
Requirement already satisfied: pip in /gpfs/scratch1/shared/mschaffelder/venv_exp_2/lib/python3.9/site-packages (25.1.1)
Requirement already satisfied: torch>=2.0.0 in /gpfs/scratch1/shared/mschaffelder/venv_exp_2/lib/python3.9/site-packages (from -r requirements_exp_2.txt (line 2)) (2.7.0)
Requirement already satisfied: transformers>=4.35.0 in /gpfs/scratch1/shared/mschaffelder/venv_exp_2/lib/python3.9/site-packages (from -r requirements_exp_2.txt (line 3)) (4.52.4)
Requirement already satisfied: datasets>=2.14.0 in /gpfs/scratch1/shared/mschaffelder/venv_exp_2/lib/python3.9/site-packages (from -r requirements_exp_2.txt (line 4)) (3.6.0)
Requirement already satisfied: peft>=0.6.0 in /gpfs/scratch1/shared/mschaffelder/venv_exp_2/lib/python3.9/site-packages (from -r requirements_exp_2.txt (line 7)) (0.15.2)
Requirement already satisfied: numpy>=1.24.0 in /gpfs/scratch1/shared/mschaffelder/venv_exp_2/lib/python3.9/site-packages (from -r requirements_exp_2.txt (line 10)) (2.0.2)
Requirement already satisfied: pandas>=2.0.0 in /gpfs/scratch1/shared/mschaffelder/venv_exp_2/lib/python3.9/site-packages (from -r requirements_exp_2.txt (line 11)) (2.2.3)
Requirement already satisfied: tqdm>=4.65.0 in /gpfs/scratch1/shared/mschaffelder/venv_exp_2/lib/python3.9/site-packages (from -r requirements_exp_2.txt (line 14)) (4.67.1)
Requirement already satisfied: scipy>=1.10.0 in /gpfs/scratch1/shared/mschaffelder/venv_exp_2/lib/python3.9/site-packages (from -r requirements_exp_2.txt (line 15)) (1.13.1)
Requirement already satisfied: accelerate>=0.21.0 in /gpfs/scratch1/shared/mschaffelder/venv_exp_2/lib/python3.9/site-packages (from -r requirements_exp_2.txt (line 18)) (1.7.0)
Requirement already satisfied: bitsandbytes>=0.41.0 in /gpfs/scratch1/shared/mschaffelder/venv_exp_2/lib/python3.9/site-packages (from -r requirements_exp_2.txt (line 19)) (0.46.0)
Requirement already satisfied: huggingface_hub>=0.17.0 in /gpfs/scratch1/shared/mschaffelder/venv_exp_2/lib/python3.9/site-packages (from -r requirements_exp_2.txt (line 22)) (0.32.4)
Requirement already satisfied: filelock in /gpfs/scratch1/shared/mschaffelder/venv_exp_2/lib/python3.9/site-packages (from torch>=2.0.0->-r requirements_exp_2.txt (line 2)) (3.18.0)
Requirement already satisfied: typing-extensions>=4.10.0 in /gpfs/scratch1/shared/mschaffelder/venv_exp_2/lib/python3.9/site-packages (from torch>=2.0.0->-r requirements_exp_2.txt (line 2)) (4.14.0)
Requirement already satisfied: sympy>=1.13.3 in /gpfs/scratch1/shared/mschaffelder/venv_exp_2/lib/python3.9/site-packages (from torch>=2.0.0->-r requirements_exp_2.txt (line 2)) (1.14.0)
Requirement already satisfied: networkx in /gpfs/scratch1/shared/mschaffelder/venv_exp_2/lib/python3.9/site-packages (from torch>=2.0.0->-r requirements_exp_2.txt (line 2)) (3.2.1)
Requirement already satisfied: jinja2 in /gpfs/scratch1/shared/mschaffelder/venv_exp_2/lib/python3.9/site-packages (from torch>=2.0.0->-r requirements_exp_2.txt (line 2)) (3.1.6)
Requirement already satisfied: fsspec in /gpfs/scratch1/shared/mschaffelder/venv_exp_2/lib/python3.9/site-packages (from torch>=2.0.0->-r requirements_exp_2.txt (line 2)) (2025.3.0)
Requirement already satisfied: nvidia-cuda-nvrtc-cu12==12.6.77 in /gpfs/scratch1/shared/mschaffelder/venv_exp_2/lib/python3.9/site-packages (from torch>=2.0.0->-r requirements_exp_2.txt (line 2)) (12.6.77)
Requirement already satisfied: nvidia-cuda-runtime-cu12==12.6.77 in /gpfs/scratch1/shared/mschaffelder/venv_exp_2/lib/python3.9/site-packages (from torch>=2.0.0->-r requirements_exp_2.txt (line 2)) (12.6.77)
Requirement already satisfied: nvidia-cuda-cupti-cu12==12.6.80 in /gpfs/scratch1/shared/mschaffelder/venv_exp_2/lib/python3.9/site-packages (from torch>=2.0.0->-r requirements_exp_2.txt (line 2)) (12.6.80)
Requirement already satisfied: nvidia-cudnn-cu12==9.5.1.17 in /gpfs/scratch1/shared/mschaffelder/venv_exp_2/lib/python3.9/site-packages (from torch>=2.0.0->-r requirements_exp_2.txt (line 2)) (9.5.1.17)
Requirement already satisfied: nvidia-cublas-cu12==12.6.4.1 in /gpfs/scratch1/shared/mschaffelder/venv_exp_2/lib/python3.9/site-packages (from torch>=2.0.0->-r requirements_exp_2.txt (line 2)) (12.6.4.1)
Requirement already satisfied: nvidia-cufft-cu12==11.3.0.4 in /gpfs/scratch1/shared/mschaffelder/venv_exp_2/lib/python3.9/site-packages (from torch>=2.0.0->-r requirements_exp_2.txt (line 2)) (11.3.0.4)
Requirement already satisfied: nvidia-curand-cu12==10.3.7.77 in /gpfs/scratch1/shared/mschaffelder/venv_exp_2/lib/python3.9/site-packages (from torch>=2.0.0->-r requirements_exp_2.txt (line 2)) (10.3.7.77)
Requirement already satisfied: nvidia-cusolver-cu12==11.7.1.2 in /gpfs/scratch1/shared/mschaffelder/venv_exp_2/lib/python3.9/site-packages (from torch>=2.0.0->-r requirements_exp_2.txt (line 2)) (11.7.1.2)
Requirement already satisfied: nvidia-cusparse-cu12==12.5.4.2 in /gpfs/scratch1/shared/mschaffelder/venv_exp_2/lib/python3.9/site-packages (from torch>=2.0.0->-r requirements_exp_2.txt (line 2)) (12.5.4.2)
Requirement already satisfied: nvidia-cusparselt-cu12==0.6.3 in /gpfs/scratch1/shared/mschaffelder/venv_exp_2/lib/python3.9/site-packages (from torch>=2.0.0->-r requirements_exp_2.txt (line 2)) (0.6.3)
Requirement already satisfied: nvidia-nccl-cu12==2.26.2 in /gpfs/scratch1/shared/mschaffelder/venv_exp_2/lib/python3.9/site-packages (from torch>=2.0.0->-r requirements_exp_2.txt (line 2)) (2.26.2)
Requirement already satisfied: nvidia-nvtx-cu12==12.6.77 in /gpfs/scratch1/shared/mschaffelder/venv_exp_2/lib/python3.9/site-packages (from torch>=2.0.0->-r requirements_exp_2.txt (line 2)) (12.6.77)
Requirement already satisfied: nvidia-nvjitlink-cu12==12.6.85 in /gpfs/scratch1/shared/mschaffelder/venv_exp_2/lib/python3.9/site-packages (from torch>=2.0.0->-r requirements_exp_2.txt (line 2)) (12.6.85)
Requirement already satisfied: nvidia-cufile-cu12==1.11.1.6 in /gpfs/scratch1/shared/mschaffelder/venv_exp_2/lib/python3.9/site-packages (from torch>=2.0.0->-r requirements_exp_2.txt (line 2)) (1.11.1.6)
Requirement already satisfied: triton==3.3.0 in /gpfs/scratch1/shared/mschaffelder/venv_exp_2/lib/python3.9/site-packages (from torch>=2.0.0->-r requirements_exp_2.txt (line 2)) (3.3.0)
Requirement already satisfied: setuptools>=40.8.0 in /gpfs/scratch1/shared/mschaffelder/venv_exp_2/lib/python3.9/site-packages (from triton==3.3.0->torch>=2.0.0->-r requirements_exp_2.txt (line 2)) (53.0.0)
Requirement already satisfied: packaging>=20.0 in /gpfs/scratch1/shared/mschaffelder/venv_exp_2/lib/python3.9/site-packages (from transformers>=4.35.0->-r requirements_exp_2.txt (line 3)) (25.0)
Requirement already satisfied: pyyaml>=5.1 in /gpfs/scratch1/shared/mschaffelder/venv_exp_2/lib/python3.9/site-packages (from transformers>=4.35.0->-r requirements_exp_2.txt (line 3)) (6.0.2)
Requirement already satisfied: regex!=2019.12.17 in /gpfs/scratch1/shared/mschaffelder/venv_exp_2/lib/python3.9/site-packages (from transformers>=4.35.0->-r requirements_exp_2.txt (line 3)) (2024.11.6)
Requirement already satisfied: requests in /gpfs/scratch1/shared/mschaffelder/venv_exp_2/lib/python3.9/site-packages (from transformers>=4.35.0->-r requirements_exp_2.txt (line 3)) (2.32.3)
Requirement already satisfied: tokenizers<0.22,>=0.21 in /gpfs/scratch1/shared/mschaffelder/venv_exp_2/lib/python3.9/site-packages (from transformers>=4.35.0->-r requirements_exp_2.txt (line 3)) (0.21.1)
Requirement already satisfied: safetensors>=0.4.3 in /gpfs/scratch1/shared/mschaffelder/venv_exp_2/lib/python3.9/site-packages (from transformers>=4.35.0->-r requirements_exp_2.txt (line 3)) (0.5.3)
Requirement already satisfied: hf-xet<2.0.0,>=1.1.2 in /gpfs/scratch1/shared/mschaffelder/venv_exp_2/lib/python3.9/site-packages (from huggingface_hub>=0.17.0->-r requirements_exp_2.txt (line 22)) (1.1.2)
Requirement already satisfied: pyarrow>=15.0.0 in /gpfs/scratch1/shared/mschaffelder/venv_exp_2/lib/python3.9/site-packages (from datasets>=2.14.0->-r requirements_exp_2.txt (line 4)) (20.0.0)
Requirement already satisfied: dill<0.3.9,>=0.3.0 in /gpfs/scratch1/shared/mschaffelder/venv_exp_2/lib/python3.9/site-packages (from datasets>=2.14.0->-r requirements_exp_2.txt (line 4)) (0.3.8)
Requirement already satisfied: xxhash in /gpfs/scratch1/shared/mschaffelder/venv_exp_2/lib/python3.9/site-packages (from datasets>=2.14.0->-r requirements_exp_2.txt (line 4)) (3.5.0)
Requirement already satisfied: multiprocess<0.70.17 in /gpfs/scratch1/shared/mschaffelder/venv_exp_2/lib/python3.9/site-packages (from datasets>=2.14.0->-r requirements_exp_2.txt (line 4)) (0.70.16)
Requirement already satisfied: aiohttp!=4.0.0a0,!=4.0.0a1 in /gpfs/scratch1/shared/mschaffelder/venv_exp_2/lib/python3.9/site-packages (from fsspec[http]<=2025.3.0,>=2023.1.0->datasets>=2.14.0->-r requirements_exp_2.txt (line 4)) (3.12.7)
Requirement already satisfied: psutil in /gpfs/scratch1/shared/mschaffelder/venv_exp_2/lib/python3.9/site-packages (from peft>=0.6.0->-r requirements_exp_2.txt (line 7)) (7.0.0)
Requirement already satisfied: python-dateutil>=2.8.2 in /gpfs/scratch1/shared/mschaffelder/venv_exp_2/lib/python3.9/site-packages (from pandas>=2.0.0->-r requirements_exp_2.txt (line 11)) (2.9.0.post0)
Requirement already satisfied: pytz>=2020.1 in /gpfs/scratch1/shared/mschaffelder/venv_exp_2/lib/python3.9/site-packages (from pandas>=2.0.0->-r requirements_exp_2.txt (line 11)) (2025.2)
Requirement already satisfied: tzdata>=2022.7 in /gpfs/scratch1/shared/mschaffelder/venv_exp_2/lib/python3.9/site-packages (from pandas>=2.0.0->-r requirements_exp_2.txt (line 11)) (2025.2)
Requirement already satisfied: aiohappyeyeballs>=2.5.0 in /gpfs/scratch1/shared/mschaffelder/venv_exp_2/lib/python3.9/site-packages (from aiohttp!=4.0.0a0,!=4.0.0a1->fsspec[http]<=2025.3.0,>=2023.1.0->datasets>=2.14.0->-r requirements_exp_2.txt (line 4)) (2.6.1)
Requirement already satisfied: aiosignal>=1.1.2 in /gpfs/scratch1/shared/mschaffelder/venv_exp_2/lib/python3.9/site-packages (from aiohttp!=4.0.0a0,!=4.0.0a1->fsspec[http]<=2025.3.0,>=2023.1.0->datasets>=2.14.0->-r requirements_exp_2.txt (line 4)) (1.3.2)
Requirement already satisfied: async-timeout<6.0,>=4.0 in /gpfs/scratch1/shared/mschaffelder/venv_exp_2/lib/python3.9/site-packages (from aiohttp!=4.0.0a0,!=4.0.0a1->fsspec[http]<=2025.3.0,>=2023.1.0->datasets>=2.14.0->-r requirements_exp_2.txt (line 4)) (5.0.1)
Requirement already satisfied: attrs>=17.3.0 in /gpfs/scratch1/shared/mschaffelder/venv_exp_2/lib/python3.9/site-packages (from aiohttp!=4.0.0a0,!=4.0.0a1->fsspec[http]<=2025.3.0,>=2023.1.0->datasets>=2.14.0->-r requirements_exp_2.txt (line 4)) (25.3.0)
Requirement already satisfied: frozenlist>=1.1.1 in /gpfs/scratch1/shared/mschaffelder/venv_exp_2/lib/python3.9/site-packages (from aiohttp!=4.0.0a0,!=4.0.0a1->fsspec[http]<=2025.3.0,>=2023.1.0->datasets>=2.14.0->-r requirements_exp_2.txt (line 4)) (1.6.0)
Requirement already satisfied: multidict<7.0,>=4.5 in /gpfs/scratch1/shared/mschaffelder/venv_exp_2/lib/python3.9/site-packages (from aiohttp!=4.0.0a0,!=4.0.0a1->fsspec[http]<=2025.3.0,>=2023.1.0->datasets>=2.14.0->-r requirements_exp_2.txt (line 4)) (6.4.4)
Requirement already satisfied: propcache>=0.2.0 in /gpfs/scratch1/shared/mschaffelder/venv_exp_2/lib/python3.9/site-packages (from aiohttp!=4.0.0a0,!=4.0.0a1->fsspec[http]<=2025.3.0,>=2023.1.0->datasets>=2.14.0->-r requirements_exp_2.txt (line 4)) (0.3.1)
Requirement already satisfied: yarl<2.0,>=1.17.0 in /gpfs/scratch1/shared/mschaffelder/venv_exp_2/lib/python3.9/site-packages (from aiohttp!=4.0.0a0,!=4.0.0a1->fsspec[http]<=2025.3.0,>=2023.1.0->datasets>=2.14.0->-r requirements_exp_2.txt (line 4)) (1.20.0)
Requirement already satisfied: idna>=2.0 in /gpfs/scratch1/shared/mschaffelder/venv_exp_2/lib/python3.9/site-packages (from yarl<2.0,>=1.17.0->aiohttp!=4.0.0a0,!=4.0.0a1->fsspec[http]<=2025.3.0,>=2023.1.0->datasets>=2.14.0->-r requirements_exp_2.txt (line 4)) (3.10)
Requirement already satisfied: six>=1.5 in /gpfs/scratch1/shared/mschaffelder/venv_exp_2/lib/python3.9/site-packages (from python-dateutil>=2.8.2->pandas>=2.0.0->-r requirements_exp_2.txt (line 11)) (1.17.0)
Requirement already satisfied: charset-normalizer<4,>=2 in /gpfs/scratch1/shared/mschaffelder/venv_exp_2/lib/python3.9/site-packages (from requests->transformers>=4.35.0->-r requirements_exp_2.txt (line 3)) (3.4.2)
Requirement already satisfied: urllib3<3,>=1.21.1 in /gpfs/scratch1/shared/mschaffelder/venv_exp_2/lib/python3.9/site-packages (from requests->transformers>=4.35.0->-r requirements_exp_2.txt (line 3)) (2.4.0)
Requirement already satisfied: certifi>=2017.4.17 in /gpfs/scratch1/shared/mschaffelder/venv_exp_2/lib/python3.9/site-packages (from requests->transformers>=4.35.0->-r requirements_exp_2.txt (line 3)) (2025.4.26)
Requirement already satisfied: mpmath<1.4,>=1.1.0 in /gpfs/scratch1/shared/mschaffelder/venv_exp_2/lib/python3.9/site-packages (from sympy>=1.13.3->torch>=2.0.0->-r requirements_exp_2.txt (line 2)) (1.3.0)
Requirement already satisfied: MarkupSafe>=2.0 in /gpfs/scratch1/shared/mschaffelder/venv_exp_2/lib/python3.9/site-packages (from jinja2->torch>=2.0.0->-r requirements_exp_2.txt (line 2)) (3.0.2)
CUDA_VISIBLE_DEVICES: 0
Available GPUs: GPU 0: NVIDIA H100 (UUID: GPU-89d65a6c-3332-f5c7-c881-5410b54f33e0)
Using existing Hugging Face token from cache...
python: can't open file '/gpfs/scratch1/shared/mschaffelder/code/exp_2/judgement_llama_human.py': [Errno 2] No such file or directory

JOB STATISTICS
==============
Job ID: 12215547
Cluster: snellius
User/Group: mschaffelder/mschaffelder
State: FAILED (exit code 2)
Nodes: 1
Cores per node: 16
CPU Utilized: 00:00:03
CPU Efficiency: 1.17% of 00:04:16 core-walltime
Job Wall-clock time: 00:00:16
Memory Utilized: 1.62 MB
Memory Efficiency: 0.00% of 50.00 GB (50.00 GB/node)
