Requirement already satisfied: torch in /gpfs/scratch1/shared/mschaffelder/venv/lib/python3.12/site-packages (from -r requirements.txt (line 1)) (2.7.0)
Requirement already satisfied: peft>=0.5.0 in /gpfs/scratch1/shared/mschaffelder/venv/lib/python3.12/site-packages (from -r requirements.txt (line 2)) (0.15.2)
Requirement already satisfied: transformers>=4.36.0 in /gpfs/scratch1/shared/mschaffelder/venv/lib/python3.12/site-packages (from -r requirements.txt (line 3)) (4.51.3)
Requirement already satisfied: datasets>=2.14.0 in /gpfs/scratch1/shared/mschaffelder/venv/lib/python3.12/site-packages (from -r requirements.txt (line 4)) (3.5.1)
Requirement already satisfied: sentencepiece>=0.1.99 in /gpfs/scratch1/shared/mschaffelder/venv/lib/python3.12/site-packages (from -r requirements.txt (line 5)) (0.2.0)
Requirement already satisfied: huggingface_hub>=0.17.0 in /gpfs/scratch1/shared/mschaffelder/venv/lib/python3.12/site-packages (from -r requirements.txt (line 6)) (0.30.2)
Requirement already satisfied: bitsandbytes in /gpfs/scratch1/shared/mschaffelder/venv/lib/python3.12/site-packages (from -r requirements.txt (line 7)) (0.45.5)
Requirement already satisfied: tensorboard in /gpfs/scratch1/shared/mschaffelder/venv/lib/python3.12/site-packages (from -r requirements.txt (line 8)) (2.19.0)
Collecting flash-attn==2.7.2.post1 (from -r requirements.txt (line 9))
  Using cached flash_attn-2.7.2.post1.tar.gz (3.1 MB)
  Preparing metadata (setup.py): started
  Preparing metadata (setup.py): finished with status 'error'
  error: subprocess-exited-with-error
  
  × python setup.py egg_info did not run successfully.
  │ exit code: 1
  ╰─> [23 lines of output]
      fatal: not a git repository (or any parent up to mount point /gpfs)
      Stopping at filesystem boundary (GIT_DISCOVERY_ACROSS_FILESYSTEM not set).
      /gpfs/scratch1/nodespecific/gcn135/mschaffelder.11898508/pip-install-msry4omk/flash-attn_4ae2117eefb145bb8b2da38907c7f1e7/setup.py:99: UserWarning: flash_attn was requested, but nvcc was not found.  Are you sure your environment has nvcc available?  If you're installing within a container from https://hub.docker.com/r/pytorch/pytorch, only images whose names contain 'devel' will provide nvcc.
        warnings.warn(
      Traceback (most recent call last):
        File "<string>", line 2, in <module>
        File "<pip-setuptools-caller>", line 35, in <module>
        File "/gpfs/scratch1/nodespecific/gcn135/mschaffelder.11898508/pip-install-msry4omk/flash-attn_4ae2117eefb145bb8b2da38907c7f1e7/setup.py", line 177, in <module>
          CUDAExtension(
        File "/gpfs/scratch1/shared/mschaffelder/venv/lib/python3.12/site-packages/torch/utils/cpp_extension.py", line 1279, in CUDAExtension
          library_dirs += library_paths(device_type="cuda")
                          ^^^^^^^^^^^^^^^^^^^^^^^^^^^^^^^^^
        File "/gpfs/scratch1/shared/mschaffelder/venv/lib/python3.12/site-packages/torch/utils/cpp_extension.py", line 1490, in library_paths
          if (not os.path.exists(_join_cuda_home(lib_dir)) and
                                 ^^^^^^^^^^^^^^^^^^^^^^^^
        File "/gpfs/scratch1/shared/mschaffelder/venv/lib/python3.12/site-packages/torch/utils/cpp_extension.py", line 2889, in _join_cuda_home
          raise OSError('CUDA_HOME environment variable is not set. '
      OSError: CUDA_HOME environment variable is not set. Please set it to your CUDA install root.
      
      
      torch.__version__  = 2.7.0+cu126
      
      
      [end of output]
  
  note: This error originates from a subprocess, and is likely not a problem with pip.
error: metadata-generation-failed

× Encountered error while generating package metadata.
╰─> See above for output.

note: This is an issue with the package mentioned above, not pip.
hint: See above for details.
CUDA_VISIBLE_DEVICES: 0,1,2,3
Available GPUs: GPU 0: NVIDIA H100 (UUID: GPU-4f7e2bd2-1e3a-572a-51ba-45fe3c74426c)
GPU 1: NVIDIA H100 (UUID: GPU-8294be71-f47e-94c1-5b7d-77935c86b442)
GPU 2: NVIDIA H100 (UUID: GPU-cb842ae5-40e0-c26e-b8b2-3f49d0b4a91c)
GPU 3: NVIDIA H100 (UUID: GPU-24a382bb-aabc-0a31-6aae-f7a3482fa713)
The token has not been saved to the git credentials helper. Pass `add_to_git_credential=True` in this function directly or `--add-to-git-credential` if using via `huggingface-cli` if you want to set the git credential as well.
Token is valid (permission: fineGrained).
The token `MaxBook Air` has been saved to /home/mschaffelder/.cache/huggingface/stored_tokens
Your token has been saved to /home/mschaffelder/.cache/huggingface/token
Login successful.
The current active token is: `MaxBook Air`
importing libraries
importing libraries
importing libraries
importing libraries
done importing libraries
loading tokenizer
done importing libraries
loading tokenizer
done importing libraries
loading tokenizer
done importing libraries
loading tokenizer
loading model
loading model
loading model
loading model
Traceback (most recent call last):
  File "/gpfs/scratch1/shared/mschaffelder/code/finetuning/finetuning_70b.py", line 29, in <module>
    model = AutoModelForCausalLM.from_pretrained(
            ^^^^^^^^^^^^^^^^^^^^^^^^^^^^^^^^^^^^^
  File "/gpfs/scratch1/shared/mschaffelder/venv/lib/python3.12/site-packages/transformers/models/auto/auto_factory.py", line 571, in from_pretrained
    return model_class.from_pretrained(
           ^^^^^^^^^^^^^^^^^^^^^^^^^^^^
  File "/gpfs/scratch1/shared/mschaffelder/venv/lib/python3.12/site-packages/transformers/modeling_utils.py", line 279, in _wrapper
    return func(*args, **kwargs)
           ^^^^^^^^^^^^^^^^^^^^^
  File "/gpfs/scratch1/shared/mschaffelder/venv/lib/python3.12/site-packages/transformers/modeling_utils.py", line 4336, in from_pretrained
    config = cls._autoset_attn_implementation(
             ^^^^^^^^^^^^^^^^^^^^^^^^^^^^^^^^^
  File "/gpfs/scratch1/shared/mschaffelder/venv/lib/python3.12/site-packages/transformers/modeling_utils.py", line 2109, in _autoset_attn_implementation
    cls._check_and_enable_flash_attn_2(
  File "/gpfs/scratch1/shared/mschaffelder/venv/lib/python3.12/site-packages/transformers/modeling_utils.py", line 2252, in _check_and_enable_flash_attn_2
    raise ImportError(f"{preface} the package flash_attn seems to be not installed. {install_message}")
ImportError: FlashAttention2 has been toggled on, but it cannot be used due to the following error: the package flash_attn seems to be not installed. Please refer to the documentation of https://huggingface.co/docs/transformers/perf_infer_gpu_one#flashattention-2 to install Flash Attention 2.
Traceback (most recent call last):
  File "/gpfs/scratch1/shared/mschaffelder/code/finetuning/finetuning_70b.py", line 29, in <module>
    model = AutoModelForCausalLM.from_pretrained(
            ^^^^^^^^^^^^^^^^^^^^^^^^^^^^^^^^^^^^^
  File "/gpfs/scratch1/shared/mschaffelder/venv/lib/python3.12/site-packages/transformers/models/auto/auto_factory.py", line 571, in from_pretrained
    return model_class.from_pretrained(
           ^^^^^^^^^^^^^^^^^^^^^^^^^^^^
  File "/gpfs/scratch1/shared/mschaffelder/venv/lib/python3.12/site-packages/transformers/modeling_utils.py", line 279, in _wrapper
    return func(*args, **kwargs)
           ^^^^^^^^^^^^^^^^^^^^^
  File "/gpfs/scratch1/shared/mschaffelder/venv/lib/python3.12/site-packages/transformers/modeling_utils.py", line 4336, in from_pretrained
    config = cls._autoset_attn_implementation(
             ^^^^^^^^^^^^^^^^^^^^^^^^^^^^^^^^^
  File "/gpfs/scratch1/shared/mschaffelder/venv/lib/python3.12/site-packages/transformers/modeling_utils.py", line 2109, in _autoset_attn_implementation
    cls._check_and_enable_flash_attn_2(
  File "/gpfs/scratch1/shared/mschaffelder/venv/lib/python3.12/site-packages/transformers/modeling_utils.py", line 2252, in _check_and_enable_flash_attn_2
    raise ImportError(f"{preface} the package flash_attn seems to be not installed. {install_message}")
ImportError: FlashAttention2 has been toggled on, but it cannot be used due to the following error: the package flash_attn seems to be not installed. Please refer to the documentation of https://huggingface.co/docs/transformers/perf_infer_gpu_one#flashattention-2 to install Flash Attention 2.
Traceback (most recent call last):
  File "/gpfs/scratch1/shared/mschaffelder/code/finetuning/finetuning_70b.py", line 29, in <module>
    model = AutoModelForCausalLM.from_pretrained(
            ^^^^^^^^^^^^^^^^^^^^^^^^^^^^^^^^^^^^^
  File "/gpfs/scratch1/shared/mschaffelder/venv/lib/python3.12/site-packages/transformers/models/auto/auto_factory.py", line 571, in from_pretrained
    return model_class.from_pretrained(
           ^^^^^^^^^^^^^^^^^^^^^^^^^^^^
  File "/gpfs/scratch1/shared/mschaffelder/venv/lib/python3.12/site-packages/transformers/modeling_utils.py", line 279, in _wrapper
    return func(*args, **kwargs)
           ^^^^^^^^^^^^^^^^^^^^^
  File "/gpfs/scratch1/shared/mschaffelder/venv/lib/python3.12/site-packages/transformers/modeling_utils.py", line 4336, in from_pretrained
    config = cls._autoset_attn_implementation(
             ^^^^^^^^^^^^^^^^^^^^^^^^^^^^^^^^^
  File "/gpfs/scratch1/shared/mschaffelder/venv/lib/python3.12/site-packages/transformers/modeling_utils.py", line 2109, in _autoset_attn_implementation
    cls._check_and_enable_flash_attn_2(
  File "/gpfs/scratch1/shared/mschaffelder/venv/lib/python3.12/site-packages/transformers/modeling_utils.py", line 2252, in _check_and_enable_flash_attn_2
    raise ImportError(f"{preface} the package flash_attn seems to be not installed. {install_message}")
ImportError: FlashAttention2 has been toggled on, but it cannot be used due to the following error: the package flash_attn seems to be not installed. Please refer to the documentation of https://huggingface.co/docs/transformers/perf_infer_gpu_one#flashattention-2 to install Flash Attention 2.
Traceback (most recent call last):
  File "/gpfs/scratch1/shared/mschaffelder/code/finetuning/finetuning_70b.py", line 29, in <module>
    model = AutoModelForCausalLM.from_pretrained(
            ^^^^^^^^^^^^^^^^^^^^^^^^^^^^^^^^^^^^^
  File "/gpfs/scratch1/shared/mschaffelder/venv/lib/python3.12/site-packages/transformers/models/auto/auto_factory.py", line 571, in from_pretrained
    return model_class.from_pretrained(
           ^^^^^^^^^^^^^^^^^^^^^^^^^^^^
  File "/gpfs/scratch1/shared/mschaffelder/venv/lib/python3.12/site-packages/transformers/modeling_utils.py", line 279, in _wrapper
    return func(*args, **kwargs)
           ^^^^^^^^^^^^^^^^^^^^^
  File "/gpfs/scratch1/shared/mschaffelder/venv/lib/python3.12/site-packages/transformers/modeling_utils.py", line 4336, in from_pretrained
    config = cls._autoset_attn_implementation(
             ^^^^^^^^^^^^^^^^^^^^^^^^^^^^^^^^^
  File "/gpfs/scratch1/shared/mschaffelder/venv/lib/python3.12/site-packages/transformers/modeling_utils.py", line 2109, in _autoset_attn_implementation
    cls._check_and_enable_flash_attn_2(
  File "/gpfs/scratch1/shared/mschaffelder/venv/lib/python3.12/site-packages/transformers/modeling_utils.py", line 2252, in _check_and_enable_flash_attn_2
    raise ImportError(f"{preface} the package flash_attn seems to be not installed. {install_message}")
ImportError: FlashAttention2 has been toggled on, but it cannot be used due to the following error: the package flash_attn seems to be not installed. Please refer to the documentation of https://huggingface.co/docs/transformers/perf_infer_gpu_one#flashattention-2 to install Flash Attention 2.
W0516 23:37:55.313000 3127610 torch/distributed/elastic/multiprocessing/api.py:900] Sending process 3127623 closing signal SIGTERM
E0516 23:37:55.377000 3127610 torch/distributed/elastic/multiprocessing/api.py:874] failed (exitcode: 1) local_rank: 1 (pid: 3127624) of binary: /gpfs/scratch1/shared/mschaffelder/venv/bin/python
Traceback (most recent call last):
  File "/gpfs/scratch1/shared/mschaffelder/venv/bin/torchrun", line 8, in <module>
    sys.exit(main())
             ^^^^^^
  File "/gpfs/scratch1/shared/mschaffelder/venv/lib/python3.12/site-packages/torch/distributed/elastic/multiprocessing/errors/__init__.py", line 355, in wrapper
    return f(*args, **kwargs)
           ^^^^^^^^^^^^^^^^^^
  File "/gpfs/scratch1/shared/mschaffelder/venv/lib/python3.12/site-packages/torch/distributed/run.py", line 892, in main
    run(args)
  File "/gpfs/scratch1/shared/mschaffelder/venv/lib/python3.12/site-packages/torch/distributed/run.py", line 883, in run
    elastic_launch(
  File "/gpfs/scratch1/shared/mschaffelder/venv/lib/python3.12/site-packages/torch/distributed/launcher/api.py", line 139, in __call__
    return launch_agent(self._config, self._entrypoint, list(args))
           ^^^^^^^^^^^^^^^^^^^^^^^^^^^^^^^^^^^^^^^^^^^^^^^^^^^^^^^^
  File "/gpfs/scratch1/shared/mschaffelder/venv/lib/python3.12/site-packages/torch/distributed/launcher/api.py", line 270, in launch_agent
    raise ChildFailedError(
torch.distributed.elastic.multiprocessing.errors.ChildFailedError: 
============================================================
finetuning_70b.py FAILED
------------------------------------------------------------
Failures:
[1]:
  time      : 2025-05-16_23:37:55
  host      : gcn135.local.snellius.surf.nl
  rank      : 2 (local_rank: 2)
  exitcode  : 1 (pid: 3127625)
  error_file: <N/A>
  traceback : To enable traceback see: https://pytorch.org/docs/stable/elastic/errors.html
[2]:
  time      : 2025-05-16_23:37:55
  host      : gcn135.local.snellius.surf.nl
  rank      : 3 (local_rank: 3)
  exitcode  : 1 (pid: 3127626)
  error_file: <N/A>
  traceback : To enable traceback see: https://pytorch.org/docs/stable/elastic/errors.html
------------------------------------------------------------
Root Cause (first observed failure):
[0]:
  time      : 2025-05-16_23:37:55
  host      : gcn135.local.snellius.surf.nl
  rank      : 1 (local_rank: 1)
  exitcode  : 1 (pid: 3127624)
  error_file: <N/A>
  traceback : To enable traceback see: https://pytorch.org/docs/stable/elastic/errors.html
============================================================

JOB STATISTICS
==============
Job ID: 11898508
Cluster: snellius
User/Group: mschaffelder/mschaffelder
State: FAILED (exit code 1)
Nodes: 1
Cores per node: 64
CPU Utilized: 00:00:35
CPU Efficiency: 2.38% of 00:24:32 core-walltime
Job Wall-clock time: 00:00:23
Memory Utilized: 1.77 MB
Memory Efficiency: 0.00% of 50.00 GB (50.00 GB/node)
