Traceback (most recent call last):
  File "/gpfs/scratch1/shared/mschaffelder/code/data_analysis/perplexity.py", line 2, in <module>
    from transformers import AutoModelForCausalLM, AutoTokenizer
  File "/gpfs/scratch1/shared/mschaffelder/venv/lib/python3.12/site-packages/transformers/__init__.py", line 26, in <module>
    from . import dependency_versions_check
  File "/gpfs/scratch1/shared/mschaffelder/venv/lib/python3.12/site-packages/transformers/dependency_versions_check.py", line 16, in <module>
    from .utils.versions import require_version, require_version_core
  File "/gpfs/scratch1/shared/mschaffelder/venv/lib/python3.12/site-packages/transformers/utils/__init__.py", line 25, in <module>
    from .chat_template_utils import DocstringParsingException, TypeHintParsingException, get_json_schema
  File "/gpfs/scratch1/shared/mschaffelder/venv/lib/python3.12/site-packages/transformers/utils/chat_template_utils.py", line 40, in <module>
    from torch import Tensor
ImportError: cannot import name 'Tensor' from 'torch' (unknown location)

JOB STATISTICS
==============
Job ID: 11450751
Cluster: snellius
User/Group: mschaffelder/mschaffelder
State: FAILED (exit code 1)
Nodes: 1
Cores per node: 16
CPU Utilized: 00:00:01
CPU Efficiency: 0.30% of 00:05:36 core-walltime
Job Wall-clock time: 00:00:21
Memory Utilized: 1.50 MB
Memory Efficiency: 0.00% of 94.00 GB (94.00 GB/node)
