Lmod has detected the following error: The following module(s) are unknown:
"Python/3.10.4-GCCcore-11.3.0"

Please check the spelling or version number. Also try "module spider ..."
It is also possible your cache file is out-of-date; it may help to try:
  $ module --ignore_cache load "Python/3.10.4-GCCcore-11.3.0"

Also make sure that all modulefiles written in TCL start with the string
#%Module



Creating Python virtual environment  at /scratch-shared/mschaffelder/ using Python 3.9.18
Activating virtual environment: /scratch-shared/mschaffelder/
Requirement already satisfied: pip in /gpfs/scratch1/shared/mschaffelder/lib/python3.9/site-packages (21.2.3)
Collecting pip
  Downloading pip-25.1.1-py3-none-any.whl (1.8 MB)
Installing collected packages: pip
  Attempting uninstall: pip
    Found existing installation: pip 21.2.3
    Uninstalling pip-21.2.3:
      Successfully uninstalled pip-21.2.3
Successfully installed pip-25.1.1
Collecting torch (from -r requirements_exp_3.txt (line 1))
  Downloading torch-2.7.0-cp39-cp39-manylinux_2_28_x86_64.whl.metadata (29 kB)
Collecting transformers (from -r requirements_exp_3.txt (line 2))
  Downloading transformers-4.52.3-py3-none-any.whl.metadata (40 kB)
Collecting peft (from -r requirements_exp_3.txt (line 3))
  Downloading peft-0.15.2-py3-none-any.whl.metadata (13 kB)
Collecting accelerate (from -r requirements_exp_3.txt (line 4))
  Downloading accelerate-1.7.0-py3-none-any.whl.metadata (19 kB)
Collecting bitsandbytes (from -r requirements_exp_3.txt (line 5))
  Downloading bitsandbytes-0.46.0-py3-none-manylinux_2_24_x86_64.whl.metadata (10 kB)
Collecting sentencepiece (from -r requirements_exp_3.txt (line 6))
  Downloading sentencepiece-0.2.0-cp39-cp39-manylinux_2_17_x86_64.manylinux2014_x86_64.whl.metadata (7.7 kB)
Collecting huggingface_hub (from -r requirements_exp_3.txt (line 7))
  Downloading huggingface_hub-0.32.2-py3-none-any.whl.metadata (14 kB)
Collecting filelock (from torch->-r requirements_exp_3.txt (line 1))
  Downloading filelock-3.18.0-py3-none-any.whl.metadata (2.9 kB)
Collecting typing-extensions>=4.10.0 (from torch->-r requirements_exp_3.txt (line 1))
  Downloading typing_extensions-4.13.2-py3-none-any.whl.metadata (3.0 kB)
Collecting sympy>=1.13.3 (from torch->-r requirements_exp_3.txt (line 1))
  Downloading sympy-1.14.0-py3-none-any.whl.metadata (12 kB)
Collecting networkx (from torch->-r requirements_exp_3.txt (line 1))
  Downloading networkx-3.2.1-py3-none-any.whl.metadata (5.2 kB)
Collecting jinja2 (from torch->-r requirements_exp_3.txt (line 1))
  Downloading jinja2-3.1.6-py3-none-any.whl.metadata (2.9 kB)
Collecting fsspec (from torch->-r requirements_exp_3.txt (line 1))
  Downloading fsspec-2025.5.1-py3-none-any.whl.metadata (11 kB)
Collecting nvidia-cuda-nvrtc-cu12==12.6.77 (from torch->-r requirements_exp_3.txt (line 1))
  Downloading nvidia_cuda_nvrtc_cu12-12.6.77-py3-none-manylinux2014_x86_64.whl.metadata (1.5 kB)
Collecting nvidia-cuda-runtime-cu12==12.6.77 (from torch->-r requirements_exp_3.txt (line 1))
  Downloading nvidia_cuda_runtime_cu12-12.6.77-py3-none-manylinux2014_x86_64.manylinux_2_17_x86_64.whl.metadata (1.5 kB)
Collecting nvidia-cuda-cupti-cu12==12.6.80 (from torch->-r requirements_exp_3.txt (line 1))
  Downloading nvidia_cuda_cupti_cu12-12.6.80-py3-none-manylinux2014_x86_64.manylinux_2_17_x86_64.whl.metadata (1.6 kB)
Collecting nvidia-cudnn-cu12==9.5.1.17 (from torch->-r requirements_exp_3.txt (line 1))
  Downloading nvidia_cudnn_cu12-9.5.1.17-py3-none-manylinux_2_28_x86_64.whl.metadata (1.6 kB)
Collecting nvidia-cublas-cu12==12.6.4.1 (from torch->-r requirements_exp_3.txt (line 1))
  Downloading nvidia_cublas_cu12-12.6.4.1-py3-none-manylinux2014_x86_64.manylinux_2_17_x86_64.whl.metadata (1.5 kB)
Collecting nvidia-cufft-cu12==11.3.0.4 (from torch->-r requirements_exp_3.txt (line 1))
  Downloading nvidia_cufft_cu12-11.3.0.4-py3-none-manylinux2014_x86_64.manylinux_2_17_x86_64.whl.metadata (1.5 kB)
Collecting nvidia-curand-cu12==10.3.7.77 (from torch->-r requirements_exp_3.txt (line 1))
  Downloading nvidia_curand_cu12-10.3.7.77-py3-none-manylinux2014_x86_64.manylinux_2_17_x86_64.whl.metadata (1.5 kB)
Collecting nvidia-cusolver-cu12==11.7.1.2 (from torch->-r requirements_exp_3.txt (line 1))
  Downloading nvidia_cusolver_cu12-11.7.1.2-py3-none-manylinux2014_x86_64.manylinux_2_17_x86_64.whl.metadata (1.6 kB)
Collecting nvidia-cusparse-cu12==12.5.4.2 (from torch->-r requirements_exp_3.txt (line 1))
  Downloading nvidia_cusparse_cu12-12.5.4.2-py3-none-manylinux2014_x86_64.manylinux_2_17_x86_64.whl.metadata (1.6 kB)
Collecting nvidia-cusparselt-cu12==0.6.3 (from torch->-r requirements_exp_3.txt (line 1))
  Downloading nvidia_cusparselt_cu12-0.6.3-py3-none-manylinux2014_x86_64.whl.metadata (6.8 kB)
Collecting nvidia-nccl-cu12==2.26.2 (from torch->-r requirements_exp_3.txt (line 1))
  Downloading nvidia_nccl_cu12-2.26.2-py3-none-manylinux2014_x86_64.manylinux_2_17_x86_64.whl.metadata (2.0 kB)
Collecting nvidia-nvtx-cu12==12.6.77 (from torch->-r requirements_exp_3.txt (line 1))
  Downloading nvidia_nvtx_cu12-12.6.77-py3-none-manylinux2014_x86_64.manylinux_2_17_x86_64.whl.metadata (1.6 kB)
Collecting nvidia-nvjitlink-cu12==12.6.85 (from torch->-r requirements_exp_3.txt (line 1))
  Downloading nvidia_nvjitlink_cu12-12.6.85-py3-none-manylinux2010_x86_64.manylinux_2_12_x86_64.whl.metadata (1.5 kB)
Collecting nvidia-cufile-cu12==1.11.1.6 (from torch->-r requirements_exp_3.txt (line 1))
  Downloading nvidia_cufile_cu12-1.11.1.6-py3-none-manylinux2014_x86_64.manylinux_2_17_x86_64.whl.metadata (1.5 kB)
Collecting triton==3.3.0 (from torch->-r requirements_exp_3.txt (line 1))
  Downloading triton-3.3.0-cp39-cp39-manylinux_2_27_x86_64.manylinux_2_28_x86_64.whl.metadata (1.5 kB)
Requirement already satisfied: setuptools>=40.8.0 in /gpfs/scratch1/shared/mschaffelder/lib/python3.9/site-packages (from triton==3.3.0->torch->-r requirements_exp_3.txt (line 1)) (53.0.0)
Collecting numpy>=1.17 (from transformers->-r requirements_exp_3.txt (line 2))
  Downloading numpy-2.0.2-cp39-cp39-manylinux_2_17_x86_64.manylinux2014_x86_64.whl.metadata (60 kB)
Collecting packaging>=20.0 (from transformers->-r requirements_exp_3.txt (line 2))
  Downloading packaging-25.0-py3-none-any.whl.metadata (3.3 kB)
Collecting pyyaml>=5.1 (from transformers->-r requirements_exp_3.txt (line 2))
  Downloading PyYAML-6.0.2-cp39-cp39-manylinux_2_17_x86_64.manylinux2014_x86_64.whl.metadata (2.1 kB)
Collecting regex!=2019.12.17 (from transformers->-r requirements_exp_3.txt (line 2))
  Downloading regex-2024.11.6-cp39-cp39-manylinux_2_17_x86_64.manylinux2014_x86_64.whl.metadata (40 kB)
Collecting requests (from transformers->-r requirements_exp_3.txt (line 2))
  Downloading requests-2.32.3-py3-none-any.whl.metadata (4.6 kB)
Collecting tokenizers<0.22,>=0.21 (from transformers->-r requirements_exp_3.txt (line 2))
  Downloading tokenizers-0.21.1-cp39-abi3-manylinux_2_17_x86_64.manylinux2014_x86_64.whl.metadata (6.8 kB)
Collecting safetensors>=0.4.3 (from transformers->-r requirements_exp_3.txt (line 2))
  Downloading safetensors-0.5.3-cp38-abi3-manylinux_2_17_x86_64.manylinux2014_x86_64.whl.metadata (3.8 kB)
Collecting tqdm>=4.27 (from transformers->-r requirements_exp_3.txt (line 2))
  Downloading tqdm-4.67.1-py3-none-any.whl.metadata (57 kB)
Collecting hf-xet<2.0.0,>=1.1.2 (from huggingface_hub->-r requirements_exp_3.txt (line 7))
  Downloading hf_xet-1.1.2-cp37-abi3-manylinux_2_17_x86_64.manylinux2014_x86_64.whl.metadata (879 bytes)
Collecting psutil (from peft->-r requirements_exp_3.txt (line 3))
  Downloading psutil-7.0.0-cp36-abi3-manylinux_2_12_x86_64.manylinux2010_x86_64.manylinux_2_17_x86_64.manylinux2014_x86_64.whl.metadata (22 kB)
Collecting mpmath<1.4,>=1.1.0 (from sympy>=1.13.3->torch->-r requirements_exp_3.txt (line 1))
  Downloading mpmath-1.3.0-py3-none-any.whl.metadata (8.6 kB)
Collecting MarkupSafe>=2.0 (from jinja2->torch->-r requirements_exp_3.txt (line 1))
  Downloading MarkupSafe-3.0.2-cp39-cp39-manylinux_2_17_x86_64.manylinux2014_x86_64.whl.metadata (4.0 kB)
Collecting charset-normalizer<4,>=2 (from requests->transformers->-r requirements_exp_3.txt (line 2))
  Downloading charset_normalizer-3.4.2-cp39-cp39-manylinux_2_17_x86_64.manylinux2014_x86_64.whl.metadata (35 kB)
Collecting idna<4,>=2.5 (from requests->transformers->-r requirements_exp_3.txt (line 2))
  Downloading idna-3.10-py3-none-any.whl.metadata (10 kB)
Collecting urllib3<3,>=1.21.1 (from requests->transformers->-r requirements_exp_3.txt (line 2))
  Downloading urllib3-2.4.0-py3-none-any.whl.metadata (6.5 kB)
Collecting certifi>=2017.4.17 (from requests->transformers->-r requirements_exp_3.txt (line 2))
  Downloading certifi-2025.4.26-py3-none-any.whl.metadata (2.5 kB)
Downloading torch-2.7.0-cp39-cp39-manylinux_2_28_x86_64.whl (865.2 MB)
   ━━━━━━━━━━━━━━━━━━━━━━━━━━━━━━━━━━━━━━━━ 865.2/865.2 MB 82.2 MB/s eta 0:00:00
Downloading nvidia_cublas_cu12-12.6.4.1-py3-none-manylinux2014_x86_64.manylinux_2_17_x86_64.whl (393.1 MB)
   ━━━━━━━━━━━━━━━━━━━━━━━━━━━━━━━━━━━━━━━ 393.1/393.1 MB 123.5 MB/s eta 0:00:00
Downloading nvidia_cuda_cupti_cu12-12.6.80-py3-none-manylinux2014_x86_64.manylinux_2_17_x86_64.whl (8.9 MB)
   ━━━━━━━━━━━━━━━━━━━━━━━━━━━━━━━━━━━━━━━━ 8.9/8.9 MB 160.0 MB/s eta 0:00:00
Downloading nvidia_cuda_nvrtc_cu12-12.6.77-py3-none-manylinux2014_x86_64.whl (23.7 MB)
   ━━━━━━━━━━━━━━━━━━━━━━━━━━━━━━━━━━━━━━━━ 23.7/23.7 MB 119.7 MB/s eta 0:00:00
Downloading nvidia_cuda_runtime_cu12-12.6.77-py3-none-manylinux2014_x86_64.manylinux_2_17_x86_64.whl (897 kB)
   ━━━━━━━━━━━━━━━━━━━━━━━━━━━━━━━━━━━━━━━━ 897.7/897.7 kB 81.5 MB/s eta 0:00:00
Downloading nvidia_cudnn_cu12-9.5.1.17-py3-none-manylinux_2_28_x86_64.whl (571.0 MB)
   ━━━━━━━━━━━━━━━━━━━━━━━━━━━━━━━━━━━━━━━ 571.0/571.0 MB 122.4 MB/s eta 0:00:00
Downloading nvidia_cufft_cu12-11.3.0.4-py3-none-manylinux2014_x86_64.manylinux_2_17_x86_64.whl (200.2 MB)
   ━━━━━━━━━━━━━━━━━━━━━━━━━━━━━━━━━━━━━━━━ 200.2/200.2 MB 93.9 MB/s eta 0:00:00
Downloading nvidia_cufile_cu12-1.11.1.6-py3-none-manylinux2014_x86_64.manylinux_2_17_x86_64.whl (1.1 MB)
   ━━━━━━━━━━━━━━━━━━━━━━━━━━━━━━━━━━━━━━━━ 1.1/1.1 MB 100.8 MB/s eta 0:00:00
Downloading nvidia_curand_cu12-10.3.7.77-py3-none-manylinux2014_x86_64.manylinux_2_17_x86_64.whl (56.3 MB)
   ━━━━━━━━━━━━━━━━━━━━━━━━━━━━━━━━━━━━━━━━ 56.3/56.3 MB 61.0 MB/s eta 0:00:00
Downloading nvidia_cusolver_cu12-11.7.1.2-py3-none-manylinux2014_x86_64.manylinux_2_17_x86_64.whl (158.2 MB)
   ━━━━━━━━━━━━━━━━━━━━━━━━━━━━━━━━━━━━━━━ 158.2/158.2 MB 159.6 MB/s eta 0:00:00
Downloading nvidia_cusparse_cu12-12.5.4.2-py3-none-manylinux2014_x86_64.manylinux_2_17_x86_64.whl (216.6 MB)
   ━━━━━━━━━━━━━━━━━━━━━━━━━━━━━━━━━━━━━━━ 216.6/216.6 MB 161.1 MB/s eta 0:00:00
Downloading nvidia_cusparselt_cu12-0.6.3-py3-none-manylinux2014_x86_64.whl (156.8 MB)
   ━━━━━━━━━━━━━━━━━━━━━━━━━━━━━━━━━━━━━━━ 156.8/156.8 MB 157.8 MB/s eta 0:00:00
Downloading nvidia_nccl_cu12-2.26.2-py3-none-manylinux2014_x86_64.manylinux_2_17_x86_64.whl (201.3 MB)
   ━━━━━━━━━━━━━━━━━━━━━━━━━━━━━━━━━━━━━━━ 201.3/201.3 MB 153.0 MB/s eta 0:00:00
Downloading nvidia_nvjitlink_cu12-12.6.85-py3-none-manylinux2010_x86_64.manylinux_2_12_x86_64.whl (19.7 MB)
   ━━━━━━━━━━━━━━━━━━━━━━━━━━━━━━━━━━━━━━━━ 19.7/19.7 MB 92.7 MB/s eta 0:00:00
Downloading nvidia_nvtx_cu12-12.6.77-py3-none-manylinux2014_x86_64.manylinux_2_17_x86_64.whl (89 kB)
Downloading triton-3.3.0-cp39-cp39-manylinux_2_27_x86_64.manylinux_2_28_x86_64.whl (156.4 MB)
   ━━━━━━━━━━━━━━━━━━━━━━━━━━━━━━━━━━━━━━━ 156.4/156.4 MB 128.8 MB/s eta 0:00:00
Downloading transformers-4.52.3-py3-none-any.whl (10.5 MB)
   ━━━━━━━━━━━━━━━━━━━━━━━━━━━━━━━━━━━━━━━━ 10.5/10.5 MB 194.8 MB/s eta 0:00:00
Downloading huggingface_hub-0.32.2-py3-none-any.whl (509 kB)
Downloading hf_xet-1.1.2-cp37-abi3-manylinux_2_17_x86_64.manylinux2014_x86_64.whl (5.2 MB)
   ━━━━━━━━━━━━━━━━━━━━━━━━━━━━━━━━━━━━━━━━ 5.2/5.2 MB 245.9 MB/s eta 0:00:00
Downloading tokenizers-0.21.1-cp39-abi3-manylinux_2_17_x86_64.manylinux2014_x86_64.whl (3.0 MB)
   ━━━━━━━━━━━━━━━━━━━━━━━━━━━━━━━━━━━━━━━━ 3.0/3.0 MB 137.5 MB/s eta 0:00:00
Downloading peft-0.15.2-py3-none-any.whl (411 kB)
Downloading accelerate-1.7.0-py3-none-any.whl (362 kB)
Downloading numpy-2.0.2-cp39-cp39-manylinux_2_17_x86_64.manylinux2014_x86_64.whl (19.5 MB)
   ━━━━━━━━━━━━━━━━━━━━━━━━━━━━━━━━━━━━━━━━ 19.5/19.5 MB 134.2 MB/s eta 0:00:00
Downloading bitsandbytes-0.46.0-py3-none-manylinux_2_24_x86_64.whl (67.0 MB)
   ━━━━━━━━━━━━━━━━━━━━━━━━━━━━━━━━━━━━━━━━ 67.0/67.0 MB 183.1 MB/s eta 0:00:00
Downloading sentencepiece-0.2.0-cp39-cp39-manylinux_2_17_x86_64.manylinux2014_x86_64.whl (1.3 MB)
   ━━━━━━━━━━━━━━━━━━━━━━━━━━━━━━━━━━━━━━━━ 1.3/1.3 MB 101.1 MB/s eta 0:00:00
Downloading fsspec-2025.5.1-py3-none-any.whl (199 kB)
Downloading packaging-25.0-py3-none-any.whl (66 kB)
Downloading PyYAML-6.0.2-cp39-cp39-manylinux_2_17_x86_64.manylinux2014_x86_64.whl (737 kB)
   ━━━━━━━━━━━━━━━━━━━━━━━━━━━━━━━━━━━━━━━━ 737.4/737.4 kB 64.6 MB/s eta 0:00:00
Downloading regex-2024.11.6-cp39-cp39-manylinux_2_17_x86_64.manylinux2014_x86_64.whl (780 kB)
   ━━━━━━━━━━━━━━━━━━━━━━━━━━━━━━━━━━━━━━━━ 780.9/780.9 kB 71.2 MB/s eta 0:00:00
Downloading safetensors-0.5.3-cp38-abi3-manylinux_2_17_x86_64.manylinux2014_x86_64.whl (471 kB)
Downloading sympy-1.14.0-py3-none-any.whl (6.3 MB)
   ━━━━━━━━━━━━━━━━━━━━━━━━━━━━━━━━━━━━━━━━ 6.3/6.3 MB 245.0 MB/s eta 0:00:00
Downloading mpmath-1.3.0-py3-none-any.whl (536 kB)
   ━━━━━━━━━━━━━━━━━━━━━━━━━━━━━━━━━━━━━━━━ 536.2/536.2 kB 46.0 MB/s eta 0:00:00
Downloading tqdm-4.67.1-py3-none-any.whl (78 kB)
Downloading typing_extensions-4.13.2-py3-none-any.whl (45 kB)
Downloading filelock-3.18.0-py3-none-any.whl (16 kB)
Downloading jinja2-3.1.6-py3-none-any.whl (134 kB)
Downloading MarkupSafe-3.0.2-cp39-cp39-manylinux_2_17_x86_64.manylinux2014_x86_64.whl (20 kB)
Downloading networkx-3.2.1-py3-none-any.whl (1.6 MB)
   ━━━━━━━━━━━━━━━━━━━━━━━━━━━━━━━━━━━━━━━━ 1.6/1.6 MB 116.5 MB/s eta 0:00:00
Downloading psutil-7.0.0-cp36-abi3-manylinux_2_12_x86_64.manylinux2010_x86_64.manylinux_2_17_x86_64.manylinux2014_x86_64.whl (277 kB)
Downloading requests-2.32.3-py3-none-any.whl (64 kB)
Downloading charset_normalizer-3.4.2-cp39-cp39-manylinux_2_17_x86_64.manylinux2014_x86_64.whl (149 kB)
Downloading idna-3.10-py3-none-any.whl (70 kB)
Downloading urllib3-2.4.0-py3-none-any.whl (128 kB)
Downloading certifi-2025.4.26-py3-none-any.whl (159 kB)
Installing collected packages: sentencepiece, nvidia-cusparselt-cu12, mpmath, urllib3, typing-extensions, triton, tqdm, sympy, safetensors, regex, pyyaml, psutil, packaging, nvidia-nvtx-cu12, nvidia-nvjitlink-cu12, nvidia-nccl-cu12, nvidia-curand-cu12, nvidia-cufile-cu12, nvidia-cuda-runtime-cu12, nvidia-cuda-nvrtc-cu12, nvidia-cuda-cupti-cu12, nvidia-cublas-cu12, numpy, networkx, MarkupSafe, idna, hf-xet, fsspec, filelock, charset-normalizer, certifi, requests, nvidia-cusparse-cu12, nvidia-cufft-cu12, nvidia-cudnn-cu12, jinja2, nvidia-cusolver-cu12, huggingface_hub, torch, tokenizers, transformers, bitsandbytes, accelerate, peft

Successfully installed MarkupSafe-3.0.2 accelerate-1.7.0 bitsandbytes-0.46.0 certifi-2025.4.26 charset-normalizer-3.4.2 filelock-3.18.0 fsspec-2025.5.1 hf-xet-1.1.2 huggingface_hub-0.32.2 idna-3.10 jinja2-3.1.6 mpmath-1.3.0 networkx-3.2.1 numpy-2.0.2 nvidia-cublas-cu12-12.6.4.1 nvidia-cuda-cupti-cu12-12.6.80 nvidia-cuda-nvrtc-cu12-12.6.77 nvidia-cuda-runtime-cu12-12.6.77 nvidia-cudnn-cu12-9.5.1.17 nvidia-cufft-cu12-11.3.0.4 nvidia-cufile-cu12-1.11.1.6 nvidia-curand-cu12-10.3.7.77 nvidia-cusolver-cu12-11.7.1.2 nvidia-cusparse-cu12-12.5.4.2 nvidia-cusparselt-cu12-0.6.3 nvidia-nccl-cu12-2.26.2 nvidia-nvjitlink-cu12-12.6.85 nvidia-nvtx-cu12-12.6.77 packaging-25.0 peft-0.15.2 psutil-7.0.0 pyyaml-6.0.2 regex-2024.11.6 requests-2.32.3 safetensors-0.5.3 sentencepiece-0.2.0 sympy-1.14.0 tokenizers-0.21.1 torch-2.7.0 tqdm-4.67.1 transformers-4.52.3 triton-3.3.0 typing-extensions-4.13.2 urllib3-2.4.0
CUDA_VISIBLE_DEVICES: 0
Available GPUs: GPU 0: NVIDIA H100 (UUID: GPU-982a2132-61ac-434d-08a4-b13c07975dcb)
Using existing Hugging Face token from cache...
/scratch-shared/mschaffelder/lib64/python3.9/site-packages/networkx/utils/backends.py:135: RuntimeWarning: networkx backend defined more than once: nx-loopback
  backends.update(_get_backends("networkx.backends"))
CUDA is available with 1 device(s)
Device 0: NVIDIA H100
H100 GPU detected! Using device 0
Currently using device 0: NVIDIA H100
Fetching 5 files:   0%|          | 0/5 [00:00<?, ?it/s]slurmstepd: error: *** JOB 12074745 ON gcn100 CANCELLED AT 2025-05-29T14:39:25 ***

JOB STATISTICS
==============
Job ID: 12074745
Cluster: snellius
User/Group: mschaffelder/mschaffelder
State: CANCELLED (exit code 0)
Nodes: 1
Cores per node: 16
CPU Utilized: 00:01:14
CPU Efficiency: 2.40% of 00:51:28 core-walltime
Job Wall-clock time: 00:03:13
Memory Utilized: 625.53 MB
Memory Efficiency: 6.11% of 10.00 GB (10.00 GB/node)
