Activating virtual environment from /scratch-shared/mschaffelder/venv_finetune_1
Error processing line 1 of /scratch-shared/mschaffelder/venv_finetune_1/lib/python3.12/site-packages/distutils-precedence.pth:

  Traceback (most recent call last):
    File "<frozen site>", line 195, in addpackage
    File "<string>", line 1, in <module>
  AttributeError: module '_distutils_hack' has no attribute 'add_shim'

Remainder of file ignored
Error processing line 1 of /scratch-shared/mschaffelder/venv_finetune_1/lib/python3.12/site-packages/distutils-precedence.pth:

  Traceback (most recent call last):
    File "<frozen site>", line 195, in addpackage
    File "<string>", line 1, in <module>
  AttributeError: module '_distutils_hack' has no attribute 'add_shim'

Remainder of file ignored
Traceback (most recent call last):
  File "/scratch-shared/mschaffelder/venv_finetune_1/bin/pip", line 5, in <module>
    from pip._internal.cli.main import main
ModuleNotFoundError: No module named 'pip._internal.cli.main'
CUDA_VISIBLE_DEVICES: 0,1,2,3
Available GPUs: GPU 0: NVIDIA H100 (UUID: GPU-1c77a8c6-b387-5e53-985c-a604d8081808)
GPU 1: NVIDIA H100 (UUID: GPU-f177a3cc-2098-a05c-b812-df83db9a7a8d)
GPU 2: NVIDIA H100 (UUID: GPU-c7c32245-ad1e-48d4-1a56-476ef5a2f31c)
GPU 3: NVIDIA H100 (UUID: GPU-44a82272-1497-cfc8-f30f-6d344804fa50)
Using existing Hugging Face token from cache...
Ensuring model is downloaded and up-to-date...
Error processing line 1 of /scratch-shared/mschaffelder/venv_finetune_1/lib/python3.12/site-packages/distutils-precedence.pth:

  Traceback (most recent call last):
    File "<frozen site>", line 195, in addpackage
    File "<string>", line 1, in <module>
  AttributeError: module '_distutils_hack' has no attribute 'add_shim'

Remainder of file ignored
Error processing line 1 of /scratch-shared/mschaffelder/venv_finetune_1/lib/python3.12/site-packages/distutils-precedence.pth:

  Traceback (most recent call last):
    File "<frozen site>", line 195, in addpackage
    File "<string>", line 1, in <module>
  AttributeError: module '_distutils_hack' has no attribute 'add_shim'

Remainder of file ignored
Traceback (most recent call last):
  File "/scratch-shared/mschaffelder/venv_finetune_1/lib/python3.12/site-packages/torchtune/__init__.py", line 16, in <module>
    import torchao  # noqa
    ^^^^^^^^^^^^^^
  File "/scratch-shared/mschaffelder/venv_finetune_1/lib/python3.12/site-packages/torchao/__init__.py", line 6, in <module>
    import torch
  File "/scratch-shared/mschaffelder/venv_finetune_1/lib/python3.12/site-packages/torch/__init__.py", line 34, in <module>
    from typing_extensions import ParamSpec as _ParamSpec
ModuleNotFoundError: No module named 'typing_extensions'

The above exception was the direct cause of the following exception:

Traceback (most recent call last):
  File "/scratch-shared/mschaffelder/venv_finetune_1/bin/tune", line 5, in <module>
    from torchtune._cli.tune import main
  File "/scratch-shared/mschaffelder/venv_finetune_1/lib/python3.12/site-packages/torchtune/__init__.py", line 18, in <module>
    raise ImportError(
ImportError: 
        torchao not installed.
        Please follow the instructions at https://pytorch.org/torchtune/main/install.html#pre-requisites
        to install torchao.
        
Error processing line 1 of /scratch-shared/mschaffelder/venv_finetune_1/lib/python3.12/site-packages/distutils-precedence.pth:

  Traceback (most recent call last):
    File "<frozen site>", line 195, in addpackage
    File "<string>", line 1, in <module>
  AttributeError: module '_distutils_hack' has no attribute 'add_shim'

Remainder of file ignored
Error processing line 1 of /scratch-shared/mschaffelder/venv_finetune_1/lib/python3.12/site-packages/distutils-precedence.pth:

  Traceback (most recent call last):
    File "<frozen site>", line 195, in addpackage
    File "<string>", line 1, in <module>
  AttributeError: module '_distutils_hack' has no attribute 'add_shim'

Remainder of file ignored
Traceback (most recent call last):
  File "/scratch-shared/mschaffelder/venv_finetune_1/lib/python3.12/site-packages/torchtune/__init__.py", line 16, in <module>
    import torchao  # noqa
    ^^^^^^^^^^^^^^
  File "/scratch-shared/mschaffelder/venv_finetune_1/lib/python3.12/site-packages/torchao/__init__.py", line 6, in <module>
    import torch
  File "/scratch-shared/mschaffelder/venv_finetune_1/lib/python3.12/site-packages/torch/__init__.py", line 34, in <module>
    from typing_extensions import ParamSpec as _ParamSpec
ModuleNotFoundError: No module named 'typing_extensions'

The above exception was the direct cause of the following exception:

Traceback (most recent call last):
  File "/scratch-shared/mschaffelder/venv_finetune_1/bin/tune", line 5, in <module>
    from torchtune._cli.tune import main
  File "/scratch-shared/mschaffelder/venv_finetune_1/lib/python3.12/site-packages/torchtune/__init__.py", line 18, in <module>
    raise ImportError(
ImportError: 
        torchao not installed.
        Please follow the instructions at https://pytorch.org/torchtune/main/install.html#pre-requisites
        to install torchao.
        

JOB STATISTICS
==============
Job ID: 12258190
Cluster: snellius
User/Group: mschaffelder/mschaffelder
State: FAILED (exit code 1)
Nodes: 1
Cores per node: 64
CPU Utilized: 00:00:01
CPU Efficiency: 0.11% of 00:14:56 core-walltime
Job Wall-clock time: 00:00:14
Memory Utilized: 1.73 MB
Memory Efficiency: 0.00% of 100.00 GB (100.00 GB/node)
