Lmod has detected the following error: These module(s) or extension(s) exist
but cannot be loaded as requested: "CUDA/12.1.1"
   Try: "module spider CUDA/12.1.1" to see how to load the module(s).



Lmod has detected the following error: The following module(s) are unknown:
"Python/3.10.4-GCCcore-11.3.0"

Please check the spelling or version number. Also try "module spider ..."
It is also possible your cache file is out-of-date; it may help to try:
  $ module --ignore_cache load "Python/3.10.4-GCCcore-11.3.0"

Also make sure that all modulefiles written in TCL start with the string
#%Module



Creating Python virtual environment venv_finetune_llama_70b at /scratch-shared/mschaffelder/venv_finetune_llama_70b using Python 3.9.18
Activating virtual environment: /scratch-shared/mschaffelder/venv_finetune_llama_70b
Requirement already satisfied: pip in /gpfs/scratch1/shared/mschaffelder/venv_finetune_llama_70b/lib/python3.9/site-packages (21.2.3)
Collecting pip
  Using cached pip-25.1.1-py3-none-any.whl (1.8 MB)
Installing collected packages: pip
  Attempting uninstall: pip
    Found existing installation: pip 21.2.3
    Uninstalling pip-21.2.3:
      Successfully uninstalled pip-21.2.3
Successfully installed pip-25.1.1
Collecting torch>=2.0.0 (from -r requirements.txt (line 1))
  Downloading torch-2.7.1-cp39-cp39-manylinux_2_28_x86_64.whl.metadata (29 kB)
Collecting transformers>=4.42.0 (from -r requirements.txt (line 2))
  Using cached transformers-4.52.4-py3-none-any.whl.metadata (38 kB)
Collecting peft>=0.11.1 (from -r requirements.txt (line 3))
  Using cached peft-0.15.2-py3-none-any.whl.metadata (13 kB)
Collecting bitsandbytes>=0.43.1 (from -r requirements.txt (line 4))
  Using cached bitsandbytes-0.46.0-py3-none-manylinux_2_24_x86_64.whl.metadata (10 kB)
Collecting accelerate>=0.30.1 (from -r requirements.txt (line 5))
  Using cached accelerate-1.7.0-py3-none-any.whl.metadata (19 kB)
Collecting trl>=0.8.6 (from -r requirements.txt (line 6))
  Downloading trl-0.18.2-py3-none-any.whl.metadata (11 kB)
Collecting datasets>=2.19.1 (from -r requirements.txt (line 7))
  Using cached datasets-3.6.0-py3-none-any.whl.metadata (19 kB)
Collecting xformers>=0.0.27 (from -r requirements.txt (line 8))
  Downloading xformers-0.0.30-cp39-cp39-manylinux_2_28_x86_64.whl.metadata (1.0 kB)
Collecting flash-attn>=2.5.0 (from -r requirements.txt (line 9))
  Downloading flash_attn-2.8.0.post2.tar.gz (7.9 MB)
     ━━━━━━━━━━━━━━━━━━━━━━━━━━━━━━━━━━━━━━━━ 7.9/7.9 MB 177.0 MB/s eta 0:00:00
  Installing build dependencies: started
  Installing build dependencies: finished with status 'done'
  Getting requirements to build wheel: started
  Getting requirements to build wheel: finished with status 'error'
  error: subprocess-exited-with-error
  
  × Getting requirements to build wheel did not run successfully.
  │ exit code: 1
  ╰─> [17 lines of output]
      Traceback (most recent call last):
        File "/scratch-shared/mschaffelder/venv_finetune_llama_70b/lib64/python3.9/site-packages/pip/_vendor/pyproject_hooks/_in_process/_in_process.py", line 389, in <module>
          main()
        File "/scratch-shared/mschaffelder/venv_finetune_llama_70b/lib64/python3.9/site-packages/pip/_vendor/pyproject_hooks/_in_process/_in_process.py", line 373, in main
          json_out["return_val"] = hook(**hook_input["kwargs"])
        File "/scratch-shared/mschaffelder/venv_finetune_llama_70b/lib64/python3.9/site-packages/pip/_vendor/pyproject_hooks/_in_process/_in_process.py", line 143, in get_requires_for_build_wheel
          return hook(config_settings)
        File "/gpfs/scratch1/nodespecific/gcn110/mschaffelder.12454117/pip-build-env-tql5utuf/overlay/lib/python3.9/site-packages/setuptools/build_meta.py", line 331, in get_requires_for_build_wheel
          return self._get_build_requires(config_settings, requirements=[])
        File "/gpfs/scratch1/nodespecific/gcn110/mschaffelder.12454117/pip-build-env-tql5utuf/overlay/lib/python3.9/site-packages/setuptools/build_meta.py", line 301, in _get_build_requires
          self.run_setup()
        File "/gpfs/scratch1/nodespecific/gcn110/mschaffelder.12454117/pip-build-env-tql5utuf/overlay/lib/python3.9/site-packages/setuptools/build_meta.py", line 512, in run_setup
          super().run_setup(setup_script=setup_script)
        File "/gpfs/scratch1/nodespecific/gcn110/mschaffelder.12454117/pip-build-env-tql5utuf/overlay/lib/python3.9/site-packages/setuptools/build_meta.py", line 317, in run_setup
          exec(code, locals())
        File "<string>", line 22, in <module>
      ModuleNotFoundError: No module named 'torch'
      [end of output]
  
  note: This error originates from a subprocess, and is likely not a problem with pip.
error: subprocess-exited-with-error

× Getting requirements to build wheel did not run successfully.
│ exit code: 1
╰─> See above for output.

note: This error originates from a subprocess, and is likely not a problem with pip.
CUDA_VISIBLE_DEVICES: 0,1,2,3
Available GPUs: GPU 0: NVIDIA H100 (UUID: GPU-31c03a3b-52de-edef-28a6-fa9bbe85082a)
GPU 1: NVIDIA H100 (UUID: GPU-9d287879-15c2-4739-dd48-88e28039ce8a)
GPU 2: NVIDIA H100 (UUID: GPU-80e533c6-efc6-ad89-1a64-a4e74fd538ae)
GPU 3: NVIDIA H100 (UUID: GPU-14780a82-1355-1ea2-37b7-18562f1005d2)
Using existing Hugging Face token from cache...
Creating accelerate config...
Accelerate config created at /home/mschaffelder/.cache/huggingface/accelerate/default_config.yaml
/var/spool/slurm/slurmd/job12454117/slurm_script: line 107: accelerate: command not found
Fine-tuning job completed.

JOB STATISTICS
==============
Job ID: 12454117
Cluster: snellius
User/Group: mschaffelder/mschaffelder
State: COMPLETED (exit code 0)
Nodes: 1
Cores per node: 64
CPU Utilized: 00:00:11
CPU Efficiency: 0.66% of 00:27:44 core-walltime
Job Wall-clock time: 00:00:26
Memory Utilized: 1.76 MB
Memory Efficiency: 0.00% of 700.00 GB (700.00 GB/node)
