No CUDA module loaded
No Python module loaded
Activating virtual environment: /scratch-shared/mschaffelder/venv_finetune_llama_70b
Starting manual consolidation from checkpoint: /scratch-shared/mschaffelder/data/ft_models/llama_70b_single_source/checkpoint-318
/scratch-shared/mschaffelder/venv_finetune_llama_70b/lib64/python3.9/site-packages/networkx/utils/backends.py:135: RuntimeWarning: networkx backend defined more than once: nx-loopback
  backends.update(_get_backends("networkx.backends"))
/scratch-shared/mschaffelder/venv_finetune_llama_70b/lib64/python3.9/site-packages/networkx/utils/backends.py:135: RuntimeWarning: networkx backend defined more than once: nx-loopback
  backends.update(_get_backends("networkx.backends"))
/scratch-shared/mschaffelder/venv_finetune_llama_70b/lib64/python3.9/site-packages/networkx/utils/backends.py:135: RuntimeWarning: networkx backend defined more than once: nx-loopback
  backends.update(_get_backends("networkx.backends"))
/scratch-shared/mschaffelder/venv_finetune_llama_70b/lib64/python3.9/site-packages/networkx/utils/backends.py:135: RuntimeWarning: networkx backend defined more than once: nx-loopback
  backends.update(_get_backends("networkx.backends"))
[rank0]: Traceback (most recent call last):
[rank0]:   File "/gpfs/scratch1/shared/mschaffelder/code/finetuning/llama_70b/manual_consolidate.py", line 78, in <module>
[rank0]:     main() 
[rank0]:   File "/gpfs/scratch1/shared/mschaffelder/code/finetuning/llama_70b/manual_consolidate.py", line 23, in main
[rank0]:     with accelerator.init_empty_weights():
[rank0]: AttributeError: 'Accelerator' object has no attribute 'init_empty_weights'
[rank0]:[W619 13:13:55.105660053 ProcessGroupNCCL.cpp:1476] Warning: WARNING: destroy_process_group() was not called before program exit, which can leak resources. For more info, please see https://pytorch.org/docs/stable/distributed.html#shutdown (function operator())
[rank2]: Traceback (most recent call last):
[rank2]:   File "/gpfs/scratch1/shared/mschaffelder/code/finetuning/llama_70b/manual_consolidate.py", line 78, in <module>
[rank2]:     main() 
[rank2]:   File "/gpfs/scratch1/shared/mschaffelder/code/finetuning/llama_70b/manual_consolidate.py", line 23, in main
[rank2]:     with accelerator.init_empty_weights():
[rank2]: AttributeError: 'Accelerator' object has no attribute 'init_empty_weights'
[rank3]: Traceback (most recent call last):
[rank3]:   File "/gpfs/scratch1/shared/mschaffelder/code/finetuning/llama_70b/manual_consolidate.py", line 78, in <module>
[rank3]:     main() 
[rank3]:   File "/gpfs/scratch1/shared/mschaffelder/code/finetuning/llama_70b/manual_consolidate.py", line 23, in main
[rank3]:     with accelerator.init_empty_weights():
[rank3]: AttributeError: 'Accelerator' object has no attribute 'init_empty_weights'
[rank1]: Traceback (most recent call last):
[rank1]:   File "/gpfs/scratch1/shared/mschaffelder/code/finetuning/llama_70b/manual_consolidate.py", line 78, in <module>
[rank1]:     main() 
[rank1]:   File "/gpfs/scratch1/shared/mschaffelder/code/finetuning/llama_70b/manual_consolidate.py", line 23, in main
[rank1]:     with accelerator.init_empty_weights():
[rank1]: AttributeError: 'Accelerator' object has no attribute 'init_empty_weights'
W0619 13:13:55.758548 3081214 /gpfs/scratch1/shared/mschaffelder/venv_finetune_llama_70b/lib/python3.9/site-packages/torch/distributed/elastic/multiprocessing/api.py:900] Sending process 3085413 closing signal SIGTERM
W0619 13:13:55.759364 3081214 /gpfs/scratch1/shared/mschaffelder/venv_finetune_llama_70b/lib/python3.9/site-packages/torch/distributed/elastic/multiprocessing/api.py:900] Sending process 3085414 closing signal SIGTERM
W0619 13:13:55.759644 3081214 /gpfs/scratch1/shared/mschaffelder/venv_finetune_llama_70b/lib/python3.9/site-packages/torch/distributed/elastic/multiprocessing/api.py:900] Sending process 3085415 closing signal SIGTERM
E0619 13:13:56.301254 3081214 /gpfs/scratch1/shared/mschaffelder/venv_finetune_llama_70b/lib/python3.9/site-packages/torch/distributed/elastic/multiprocessing/api.py:874] failed (exitcode: 1) local_rank: 0 (pid: 3085412) of binary: /scratch-shared/mschaffelder/venv_finetune_llama_70b/bin/python
Traceback (most recent call last):
  File "/scratch-shared/mschaffelder/venv_finetune_llama_70b/bin/accelerate", line 8, in <module>
    sys.exit(main())
  File "/scratch-shared/mschaffelder/venv_finetune_llama_70b/lib64/python3.9/site-packages/accelerate/commands/accelerate_cli.py", line 50, in main
    args.func(args)
  File "/scratch-shared/mschaffelder/venv_finetune_llama_70b/lib64/python3.9/site-packages/accelerate/commands/launch.py", line 1185, in launch_command
    multi_gpu_launcher(args)
  File "/scratch-shared/mschaffelder/venv_finetune_llama_70b/lib64/python3.9/site-packages/accelerate/commands/launch.py", line 815, in multi_gpu_launcher
    distrib_run.run(args)
  File "/scratch-shared/mschaffelder/venv_finetune_llama_70b/lib64/python3.9/site-packages/torch/distributed/run.py", line 883, in run
    elastic_launch(
  File "/scratch-shared/mschaffelder/venv_finetune_llama_70b/lib64/python3.9/site-packages/torch/distributed/launcher/api.py", line 139, in __call__
    return launch_agent(self._config, self._entrypoint, list(args))
  File "/scratch-shared/mschaffelder/venv_finetune_llama_70b/lib64/python3.9/site-packages/torch/distributed/launcher/api.py", line 270, in launch_agent
    raise ChildFailedError(
torch.distributed.elastic.multiprocessing.errors.ChildFailedError: 
============================================================
manual_consolidate.py FAILED
------------------------------------------------------------
Failures:
  <NO_OTHER_FAILURES>
------------------------------------------------------------
Root Cause (first observed failure):
[0]:
  time      : 2025-06-19_13:13:55
  host      : gcn97.local.snellius.surf.nl
  rank      : 0 (local_rank: 0)
  exitcode  : 1 (pid: 3085412)
  error_file: <N/A>
  traceback : To enable traceback see: https://pytorch.org/docs/stable/elastic/errors.html
============================================================
Manual consolidation job finished.

JOB STATISTICS
==============
Job ID: 12495617
Cluster: snellius
User/Group: mschaffelder/mschaffelder
State: COMPLETED (exit code 0)
Nodes: 1
Cores per node: 64
CPU Utilized: 00:00:56
CPU Efficiency: 0.98% of 01:34:56 core-walltime
Job Wall-clock time: 00:01:29
Memory Utilized: 1.04 GB
Memory Efficiency: 0.15% of 700.00 GB (700.00 GB/node)
