No CUDA module loaded
No Python module loaded
Virtual environment venv_finetune_llama_70b already exists at /scratch-shared/mschaffelder/venv_finetune_llama_70b.
Activating virtual environment: /scratch-shared/mschaffelder/venv_finetune_llama_70b
Requirement already satisfied: pip in /gpfs/scratch1/shared/mschaffelder/venv_finetune_llama_70b/lib/python3.9/site-packages (25.1.1)
Requirement already satisfied: torch==2.7.0 in /gpfs/scratch1/shared/mschaffelder/venv_finetune_llama_70b/lib/python3.9/site-packages (from -r requirements.txt (line 1)) (2.7.0)
Requirement already satisfied: transformers>=4.42.0 in /gpfs/scratch1/shared/mschaffelder/venv_finetune_llama_70b/lib/python3.9/site-packages (from -r requirements.txt (line 2)) (4.52.4)
Requirement already satisfied: peft>=0.11.1 in /gpfs/scratch1/shared/mschaffelder/venv_finetune_llama_70b/lib/python3.9/site-packages (from -r requirements.txt (line 3)) (0.15.2)
Requirement already satisfied: bitsandbytes>=0.43.1 in /gpfs/scratch1/shared/mschaffelder/venv_finetune_llama_70b/lib/python3.9/site-packages (from -r requirements.txt (line 4)) (0.46.0)
Requirement already satisfied: accelerate>=0.30.1 in /gpfs/scratch1/shared/mschaffelder/venv_finetune_llama_70b/lib/python3.9/site-packages (from -r requirements.txt (line 5)) (1.7.0)
Requirement already satisfied: trl<0.20.0,>=0.8.6 in /gpfs/scratch1/shared/mschaffelder/venv_finetune_llama_70b/lib/python3.9/site-packages (from -r requirements.txt (line 6)) (0.18.2)
Requirement already satisfied: datasets>=2.19.1 in /gpfs/scratch1/shared/mschaffelder/venv_finetune_llama_70b/lib/python3.9/site-packages (from -r requirements.txt (line 7)) (3.6.0)
Requirement already satisfied: importlib_metadata>=4.0.0 in /gpfs/scratch1/shared/mschaffelder/venv_finetune_llama_70b/lib/python3.9/site-packages (from -r requirements.txt (line 8)) (8.7.0)
Requirement already satisfied: filelock in /gpfs/scratch1/shared/mschaffelder/venv_finetune_llama_70b/lib/python3.9/site-packages (from torch==2.7.0->-r requirements.txt (line 1)) (3.18.0)
Requirement already satisfied: typing-extensions>=4.10.0 in /gpfs/scratch1/shared/mschaffelder/venv_finetune_llama_70b/lib/python3.9/site-packages (from torch==2.7.0->-r requirements.txt (line 1)) (4.14.0)
Requirement already satisfied: sympy>=1.13.3 in /gpfs/scratch1/shared/mschaffelder/venv_finetune_llama_70b/lib/python3.9/site-packages (from torch==2.7.0->-r requirements.txt (line 1)) (1.14.0)
Requirement already satisfied: networkx in /gpfs/scratch1/shared/mschaffelder/venv_finetune_llama_70b/lib/python3.9/site-packages (from torch==2.7.0->-r requirements.txt (line 1)) (3.2.1)
Requirement already satisfied: jinja2 in /gpfs/scratch1/shared/mschaffelder/venv_finetune_llama_70b/lib/python3.9/site-packages (from torch==2.7.0->-r requirements.txt (line 1)) (3.1.6)
Requirement already satisfied: fsspec in /gpfs/scratch1/shared/mschaffelder/venv_finetune_llama_70b/lib/python3.9/site-packages (from torch==2.7.0->-r requirements.txt (line 1)) (2025.3.0)
Requirement already satisfied: nvidia-cuda-nvrtc-cu12==12.6.77 in /gpfs/scratch1/shared/mschaffelder/venv_finetune_llama_70b/lib/python3.9/site-packages (from torch==2.7.0->-r requirements.txt (line 1)) (12.6.77)
Requirement already satisfied: nvidia-cuda-runtime-cu12==12.6.77 in /gpfs/scratch1/shared/mschaffelder/venv_finetune_llama_70b/lib/python3.9/site-packages (from torch==2.7.0->-r requirements.txt (line 1)) (12.6.77)
Requirement already satisfied: nvidia-cuda-cupti-cu12==12.6.80 in /gpfs/scratch1/shared/mschaffelder/venv_finetune_llama_70b/lib/python3.9/site-packages (from torch==2.7.0->-r requirements.txt (line 1)) (12.6.80)
Requirement already satisfied: nvidia-cudnn-cu12==9.5.1.17 in /gpfs/scratch1/shared/mschaffelder/venv_finetune_llama_70b/lib/python3.9/site-packages (from torch==2.7.0->-r requirements.txt (line 1)) (9.5.1.17)
Requirement already satisfied: nvidia-cublas-cu12==12.6.4.1 in /gpfs/scratch1/shared/mschaffelder/venv_finetune_llama_70b/lib/python3.9/site-packages (from torch==2.7.0->-r requirements.txt (line 1)) (12.6.4.1)
Requirement already satisfied: nvidia-cufft-cu12==11.3.0.4 in /gpfs/scratch1/shared/mschaffelder/venv_finetune_llama_70b/lib/python3.9/site-packages (from torch==2.7.0->-r requirements.txt (line 1)) (11.3.0.4)
Requirement already satisfied: nvidia-curand-cu12==10.3.7.77 in /gpfs/scratch1/shared/mschaffelder/venv_finetune_llama_70b/lib/python3.9/site-packages (from torch==2.7.0->-r requirements.txt (line 1)) (10.3.7.77)
Requirement already satisfied: nvidia-cusolver-cu12==11.7.1.2 in /gpfs/scratch1/shared/mschaffelder/venv_finetune_llama_70b/lib/python3.9/site-packages (from torch==2.7.0->-r requirements.txt (line 1)) (11.7.1.2)
Requirement already satisfied: nvidia-cusparse-cu12==12.5.4.2 in /gpfs/scratch1/shared/mschaffelder/venv_finetune_llama_70b/lib/python3.9/site-packages (from torch==2.7.0->-r requirements.txt (line 1)) (12.5.4.2)
Requirement already satisfied: nvidia-cusparselt-cu12==0.6.3 in /gpfs/scratch1/shared/mschaffelder/venv_finetune_llama_70b/lib/python3.9/site-packages (from torch==2.7.0->-r requirements.txt (line 1)) (0.6.3)
Requirement already satisfied: nvidia-nccl-cu12==2.26.2 in /gpfs/scratch1/shared/mschaffelder/venv_finetune_llama_70b/lib/python3.9/site-packages (from torch==2.7.0->-r requirements.txt (line 1)) (2.26.2)
Requirement already satisfied: nvidia-nvtx-cu12==12.6.77 in /gpfs/scratch1/shared/mschaffelder/venv_finetune_llama_70b/lib/python3.9/site-packages (from torch==2.7.0->-r requirements.txt (line 1)) (12.6.77)
Requirement already satisfied: nvidia-nvjitlink-cu12==12.6.85 in /gpfs/scratch1/shared/mschaffelder/venv_finetune_llama_70b/lib/python3.9/site-packages (from torch==2.7.0->-r requirements.txt (line 1)) (12.6.85)
Requirement already satisfied: nvidia-cufile-cu12==1.11.1.6 in /gpfs/scratch1/shared/mschaffelder/venv_finetune_llama_70b/lib/python3.9/site-packages (from torch==2.7.0->-r requirements.txt (line 1)) (1.11.1.6)
Requirement already satisfied: triton==3.3.0 in /gpfs/scratch1/shared/mschaffelder/venv_finetune_llama_70b/lib/python3.9/site-packages (from torch==2.7.0->-r requirements.txt (line 1)) (3.3.0)
Requirement already satisfied: setuptools>=40.8.0 in /gpfs/scratch1/shared/mschaffelder/venv_finetune_llama_70b/lib/python3.9/site-packages (from triton==3.3.0->torch==2.7.0->-r requirements.txt (line 1)) (80.9.0)
Requirement already satisfied: huggingface-hub<1.0,>=0.30.0 in /gpfs/scratch1/shared/mschaffelder/venv_finetune_llama_70b/lib/python3.9/site-packages (from transformers>=4.42.0->-r requirements.txt (line 2)) (0.33.0)
Requirement already satisfied: numpy>=1.17 in /gpfs/scratch1/shared/mschaffelder/venv_finetune_llama_70b/lib/python3.9/site-packages (from transformers>=4.42.0->-r requirements.txt (line 2)) (2.0.2)
Requirement already satisfied: packaging>=20.0 in /gpfs/scratch1/shared/mschaffelder/venv_finetune_llama_70b/lib/python3.9/site-packages (from transformers>=4.42.0->-r requirements.txt (line 2)) (25.0)
Requirement already satisfied: pyyaml>=5.1 in /gpfs/scratch1/shared/mschaffelder/venv_finetune_llama_70b/lib/python3.9/site-packages (from transformers>=4.42.0->-r requirements.txt (line 2)) (6.0.2)
Requirement already satisfied: regex!=2019.12.17 in /gpfs/scratch1/shared/mschaffelder/venv_finetune_llama_70b/lib/python3.9/site-packages (from transformers>=4.42.0->-r requirements.txt (line 2)) (2024.11.6)
Requirement already satisfied: requests in /gpfs/scratch1/shared/mschaffelder/venv_finetune_llama_70b/lib/python3.9/site-packages (from transformers>=4.42.0->-r requirements.txt (line 2)) (2.32.4)
Requirement already satisfied: tokenizers<0.22,>=0.21 in /gpfs/scratch1/shared/mschaffelder/venv_finetune_llama_70b/lib/python3.9/site-packages (from transformers>=4.42.0->-r requirements.txt (line 2)) (0.21.1)
Requirement already satisfied: safetensors>=0.4.3 in /gpfs/scratch1/shared/mschaffelder/venv_finetune_llama_70b/lib/python3.9/site-packages (from transformers>=4.42.0->-r requirements.txt (line 2)) (0.5.3)
Requirement already satisfied: tqdm>=4.27 in /gpfs/scratch1/shared/mschaffelder/venv_finetune_llama_70b/lib/python3.9/site-packages (from transformers>=4.42.0->-r requirements.txt (line 2)) (4.67.1)
Requirement already satisfied: hf-xet<2.0.0,>=1.1.2 in /gpfs/scratch1/shared/mschaffelder/venv_finetune_llama_70b/lib/python3.9/site-packages (from huggingface-hub<1.0,>=0.30.0->transformers>=4.42.0->-r requirements.txt (line 2)) (1.1.4)
Requirement already satisfied: psutil in /gpfs/scratch1/shared/mschaffelder/venv_finetune_llama_70b/lib/python3.9/site-packages (from peft>=0.11.1->-r requirements.txt (line 3)) (7.0.0)
Requirement already satisfied: pyarrow>=15.0.0 in /gpfs/scratch1/shared/mschaffelder/venv_finetune_llama_70b/lib/python3.9/site-packages (from datasets>=2.19.1->-r requirements.txt (line 7)) (20.0.0)
Requirement already satisfied: dill<0.3.9,>=0.3.0 in /gpfs/scratch1/shared/mschaffelder/venv_finetune_llama_70b/lib/python3.9/site-packages (from datasets>=2.19.1->-r requirements.txt (line 7)) (0.3.8)
Requirement already satisfied: pandas in /gpfs/scratch1/shared/mschaffelder/venv_finetune_llama_70b/lib/python3.9/site-packages (from datasets>=2.19.1->-r requirements.txt (line 7)) (2.3.0)
Requirement already satisfied: xxhash in /gpfs/scratch1/shared/mschaffelder/venv_finetune_llama_70b/lib/python3.9/site-packages (from datasets>=2.19.1->-r requirements.txt (line 7)) (3.5.0)
Requirement already satisfied: multiprocess<0.70.17 in /gpfs/scratch1/shared/mschaffelder/venv_finetune_llama_70b/lib/python3.9/site-packages (from datasets>=2.19.1->-r requirements.txt (line 7)) (0.70.16)
Requirement already satisfied: aiohttp!=4.0.0a0,!=4.0.0a1 in /gpfs/scratch1/shared/mschaffelder/venv_finetune_llama_70b/lib/python3.9/site-packages (from fsspec[http]<=2025.3.0,>=2023.1.0->datasets>=2.19.1->-r requirements.txt (line 7)) (3.12.13)
Requirement already satisfied: zipp>=3.20 in /gpfs/scratch1/shared/mschaffelder/venv_finetune_llama_70b/lib/python3.9/site-packages (from importlib_metadata>=4.0.0->-r requirements.txt (line 8)) (3.23.0)
Requirement already satisfied: aiohappyeyeballs>=2.5.0 in /gpfs/scratch1/shared/mschaffelder/venv_finetune_llama_70b/lib/python3.9/site-packages (from aiohttp!=4.0.0a0,!=4.0.0a1->fsspec[http]<=2025.3.0,>=2023.1.0->datasets>=2.19.1->-r requirements.txt (line 7)) (2.6.1)
Requirement already satisfied: aiosignal>=1.1.2 in /gpfs/scratch1/shared/mschaffelder/venv_finetune_llama_70b/lib/python3.9/site-packages (from aiohttp!=4.0.0a0,!=4.0.0a1->fsspec[http]<=2025.3.0,>=2023.1.0->datasets>=2.19.1->-r requirements.txt (line 7)) (1.3.2)
Requirement already satisfied: async-timeout<6.0,>=4.0 in /gpfs/scratch1/shared/mschaffelder/venv_finetune_llama_70b/lib/python3.9/site-packages (from aiohttp!=4.0.0a0,!=4.0.0a1->fsspec[http]<=2025.3.0,>=2023.1.0->datasets>=2.19.1->-r requirements.txt (line 7)) (5.0.1)
Requirement already satisfied: attrs>=17.3.0 in /gpfs/scratch1/shared/mschaffelder/venv_finetune_llama_70b/lib/python3.9/site-packages (from aiohttp!=4.0.0a0,!=4.0.0a1->fsspec[http]<=2025.3.0,>=2023.1.0->datasets>=2.19.1->-r requirements.txt (line 7)) (25.3.0)
Requirement already satisfied: frozenlist>=1.1.1 in /gpfs/scratch1/shared/mschaffelder/venv_finetune_llama_70b/lib/python3.9/site-packages (from aiohttp!=4.0.0a0,!=4.0.0a1->fsspec[http]<=2025.3.0,>=2023.1.0->datasets>=2.19.1->-r requirements.txt (line 7)) (1.7.0)
Requirement already satisfied: multidict<7.0,>=4.5 in /gpfs/scratch1/shared/mschaffelder/venv_finetune_llama_70b/lib/python3.9/site-packages (from aiohttp!=4.0.0a0,!=4.0.0a1->fsspec[http]<=2025.3.0,>=2023.1.0->datasets>=2.19.1->-r requirements.txt (line 7)) (6.4.4)
Requirement already satisfied: propcache>=0.2.0 in /gpfs/scratch1/shared/mschaffelder/venv_finetune_llama_70b/lib/python3.9/site-packages (from aiohttp!=4.0.0a0,!=4.0.0a1->fsspec[http]<=2025.3.0,>=2023.1.0->datasets>=2.19.1->-r requirements.txt (line 7)) (0.3.2)
Requirement already satisfied: yarl<2.0,>=1.17.0 in /gpfs/scratch1/shared/mschaffelder/venv_finetune_llama_70b/lib/python3.9/site-packages (from aiohttp!=4.0.0a0,!=4.0.0a1->fsspec[http]<=2025.3.0,>=2023.1.0->datasets>=2.19.1->-r requirements.txt (line 7)) (1.20.1)
Requirement already satisfied: idna>=2.0 in /gpfs/scratch1/shared/mschaffelder/venv_finetune_llama_70b/lib/python3.9/site-packages (from yarl<2.0,>=1.17.0->aiohttp!=4.0.0a0,!=4.0.0a1->fsspec[http]<=2025.3.0,>=2023.1.0->datasets>=2.19.1->-r requirements.txt (line 7)) (3.10)
Requirement already satisfied: charset_normalizer<4,>=2 in /gpfs/scratch1/shared/mschaffelder/venv_finetune_llama_70b/lib/python3.9/site-packages (from requests->transformers>=4.42.0->-r requirements.txt (line 2)) (3.4.2)
Requirement already satisfied: urllib3<3,>=1.21.1 in /gpfs/scratch1/shared/mschaffelder/venv_finetune_llama_70b/lib/python3.9/site-packages (from requests->transformers>=4.42.0->-r requirements.txt (line 2)) (2.4.0)
Requirement already satisfied: certifi>=2017.4.17 in /gpfs/scratch1/shared/mschaffelder/venv_finetune_llama_70b/lib/python3.9/site-packages (from requests->transformers>=4.42.0->-r requirements.txt (line 2)) (2025.6.15)
Requirement already satisfied: mpmath<1.4,>=1.1.0 in /gpfs/scratch1/shared/mschaffelder/venv_finetune_llama_70b/lib/python3.9/site-packages (from sympy>=1.13.3->torch==2.7.0->-r requirements.txt (line 1)) (1.3.0)
Requirement already satisfied: MarkupSafe>=2.0 in /gpfs/scratch1/shared/mschaffelder/venv_finetune_llama_70b/lib/python3.9/site-packages (from jinja2->torch==2.7.0->-r requirements.txt (line 1)) (3.0.2)
Requirement already satisfied: python-dateutil>=2.8.2 in /gpfs/scratch1/shared/mschaffelder/venv_finetune_llama_70b/lib/python3.9/site-packages (from pandas->datasets>=2.19.1->-r requirements.txt (line 7)) (2.9.0.post0)
Requirement already satisfied: pytz>=2020.1 in /gpfs/scratch1/shared/mschaffelder/venv_finetune_llama_70b/lib/python3.9/site-packages (from pandas->datasets>=2.19.1->-r requirements.txt (line 7)) (2025.2)
Requirement already satisfied: tzdata>=2022.7 in /gpfs/scratch1/shared/mschaffelder/venv_finetune_llama_70b/lib/python3.9/site-packages (from pandas->datasets>=2.19.1->-r requirements.txt (line 7)) (2025.2)
Requirement already satisfied: six>=1.5 in /gpfs/scratch1/shared/mschaffelder/venv_finetune_llama_70b/lib/python3.9/site-packages (from python-dateutil>=2.8.2->pandas->datasets>=2.19.1->-r requirements.txt (line 7)) (1.17.0)
CUDA_VISIBLE_DEVICES: 0,1,2,3
Available GPUs: GPU 0: NVIDIA H100 (UUID: GPU-5bb87615-979f-6cd7-3aa9-75c7cc484a94)
GPU 1: NVIDIA H100 (UUID: GPU-320f2fbc-f0fa-498d-4521-5f2bcf6dde6c)
GPU 2: NVIDIA H100 (UUID: GPU-35d8b6ed-2e77-122b-2012-4994db9708d9)
GPU 3: NVIDIA H100 (UUID: GPU-89de97d2-2752-350f-db84-1127a73f6f1a)
Using existing Hugging Face token from cache...
Creating a fresh accelerate config for DDP...
Accelerate config created at /home/mschaffelder/.cache/huggingface/accelerate/default_config.yaml
CUDA_VISIBLE_DEVICES as set by SLURM: 0,1,2,3
Traceback (most recent call last):
  File "/scratch-shared/mschaffelder/venv_finetune_llama_70b/bin/accelerate", line 8, in <module>
    sys.exit(main())
  File "/scratch-shared/mschaffelder/venv_finetune_llama_70b/lib64/python3.9/site-packages/accelerate/commands/accelerate_cli.py", line 50, in main
    args.func(args)
  File "/scratch-shared/mschaffelder/venv_finetune_llama_70b/lib64/python3.9/site-packages/accelerate/commands/launch.py", line 1176, in launch_command
    args, defaults, mp_from_config_flag = _validate_launch_command(args)
  File "/scratch-shared/mschaffelder/venv_finetune_llama_70b/lib64/python3.9/site-packages/accelerate/commands/launch.py", line 1007, in _validate_launch_command
    defaults = load_config_from_file(args.config_file)
  File "/scratch-shared/mschaffelder/venv_finetune_llama_70b/lib64/python3.9/site-packages/accelerate/commands/config/config_args.py", line 72, in load_config_from_file
    return config_class.from_yaml_file(yaml_file=config_file)
  File "/scratch-shared/mschaffelder/venv_finetune_llama_70b/lib64/python3.9/site-packages/accelerate/commands/config/config_args.py", line 160, in from_yaml_file
    return cls(**config_dict)
  File "<string>", line 34, in __init__
  File "/scratch-shared/mschaffelder/venv_finetune_llama_70b/lib64/python3.9/site-packages/accelerate/commands/config/config_args.py", line 232, in __post_init__
    return super().__post_init__()
  File "/scratch-shared/mschaffelder/venv_finetune_llama_70b/lib64/python3.9/site-packages/accelerate/commands/config/config_args.py", line 173, in __post_init__
    self.distributed_type = DistributedType(self.distributed_type)
  File "/usr/lib64/python3.9/enum.py", line 384, in __call__
    return cls.__new__(cls, value)
  File "/usr/lib64/python3.9/enum.py", line 702, in __new__
    raise ve_exc
ValueError: 'DDP' is not a valid DistributedType
Fine-tuning job completed.

JOB STATISTICS
==============
Job ID: 12459738
Cluster: snellius
User/Group: mschaffelder/mschaffelder
State: COMPLETED (exit code 0)
Nodes: 1
Cores per node: 64
CPU Utilized: 00:00:17
CPU Efficiency: 0.95% of 00:29:52 core-walltime
Job Wall-clock time: 00:00:28
Memory Utilized: 1.72 MB
Memory Efficiency: 0.00% of 700.00 GB (700.00 GB/node)
