No CUDA module loaded
No Python module loaded
Creating Python virtual environment venv_finetune_llama_8b at /scratch-shared/mschaffelder/venv_finetune_llama_8b using Python 3.9.18
Activating virtual environment: /scratch-shared/mschaffelder/venv_finetune_llama_8b
Collecting torch
  Downloading torch-2.7.1-cp39-cp39-manylinux_2_28_x86_64.whl (821.1 MB)
Collecting transformers>=4.36.0
  Downloading transformers-4.52.4-py3-none-any.whl (10.5 MB)
Collecting datasets>=2.14.0
  Downloading datasets-3.6.0-py3-none-any.whl (491 kB)
Collecting peft>=0.5.0
  Downloading peft-0.15.2-py3-none-any.whl (411 kB)
Collecting accelerate==1.7.0
  Downloading accelerate-1.7.0-py3-none-any.whl (362 kB)
Collecting trl
  Downloading trl-0.18.2-py3-none-any.whl (366 kB)
Collecting sentencepiece>=0.1.99
  Downloading sentencepiece-0.2.0-cp39-cp39-manylinux_2_17_x86_64.manylinux2014_x86_64.whl (1.3 MB)
Collecting huggingface_hub>=0.17.0
  Downloading huggingface_hub-0.33.0-py3-none-any.whl (514 kB)
Collecting tensorboard
  Downloading tensorboard-2.19.0-py3-none-any.whl (5.5 MB)
Collecting tqdm
  Downloading tqdm-4.67.1-py3-none-any.whl (78 kB)
Collecting safetensors>=0.4.3
  Downloading safetensors-0.5.3-cp38-abi3-manylinux_2_17_x86_64.manylinux2014_x86_64.whl (471 kB)
Collecting packaging>=20.0
  Downloading packaging-25.0-py3-none-any.whl (66 kB)
Collecting pyyaml
  Downloading PyYAML-6.0.2-cp39-cp39-manylinux_2_17_x86_64.manylinux2014_x86_64.whl (737 kB)
Collecting psutil
  Downloading psutil-7.0.0-cp36-abi3-manylinux_2_12_x86_64.manylinux2010_x86_64.manylinux_2_17_x86_64.manylinux2014_x86_64.whl (277 kB)
Collecting numpy<3.0.0,>=1.17
  Downloading numpy-2.0.2-cp39-cp39-manylinux_2_17_x86_64.manylinux2014_x86_64.whl (19.5 MB)
Collecting networkx
  Downloading networkx-3.2.1-py3-none-any.whl (1.6 MB)
Collecting nvidia-nvjitlink-cu12==12.6.85
  Downloading nvidia_nvjitlink_cu12-12.6.85-py3-none-manylinux2010_x86_64.manylinux_2_12_x86_64.whl (19.7 MB)
Collecting nvidia-cusparselt-cu12==0.6.3
  Downloading nvidia_cusparselt_cu12-0.6.3-py3-none-manylinux2014_x86_64.whl (156.8 MB)
Collecting jinja2
  Downloading jinja2-3.1.6-py3-none-any.whl (134 kB)
Collecting nvidia-curand-cu12==10.3.7.77
  Downloading nvidia_curand_cu12-10.3.7.77-py3-none-manylinux2014_x86_64.manylinux_2_17_x86_64.whl (56.3 MB)
Collecting fsspec
  Downloading fsspec-2025.5.1-py3-none-any.whl (199 kB)
Collecting nvidia-cufft-cu12==11.3.0.4
  Downloading nvidia_cufft_cu12-11.3.0.4-py3-none-manylinux2014_x86_64.manylinux_2_17_x86_64.whl (200.2 MB)
Collecting nvidia-cuda-nvrtc-cu12==12.6.77
  Downloading nvidia_cuda_nvrtc_cu12-12.6.77-py3-none-manylinux2014_x86_64.whl (23.7 MB)
Collecting nvidia-cufile-cu12==1.11.1.6
  Downloading nvidia_cufile_cu12-1.11.1.6-py3-none-manylinux2014_x86_64.manylinux_2_17_x86_64.whl (1.1 MB)
Collecting typing-extensions>=4.10.0
  Downloading typing_extensions-4.14.0-py3-none-any.whl (43 kB)
Collecting nvidia-nvtx-cu12==12.6.77
  Downloading nvidia_nvtx_cu12-12.6.77-py3-none-manylinux2014_x86_64.manylinux_2_17_x86_64.whl (89 kB)
Collecting nvidia-cublas-cu12==12.6.4.1
  Downloading nvidia_cublas_cu12-12.6.4.1-py3-none-manylinux2014_x86_64.manylinux_2_17_x86_64.whl (393.1 MB)
Collecting nvidia-cuda-cupti-cu12==12.6.80
  Downloading nvidia_cuda_cupti_cu12-12.6.80-py3-none-manylinux2014_x86_64.manylinux_2_17_x86_64.whl (8.9 MB)
Collecting nvidia-cusolver-cu12==11.7.1.2
  Downloading nvidia_cusolver_cu12-11.7.1.2-py3-none-manylinux2014_x86_64.manylinux_2_17_x86_64.whl (158.2 MB)
Collecting nvidia-cusparse-cu12==12.5.4.2
  Downloading nvidia_cusparse_cu12-12.5.4.2-py3-none-manylinux2014_x86_64.manylinux_2_17_x86_64.whl (216.6 MB)
Collecting nvidia-cuda-runtime-cu12==12.6.77
  Downloading nvidia_cuda_runtime_cu12-12.6.77-py3-none-manylinux2014_x86_64.manylinux_2_17_x86_64.whl (897 kB)
Collecting filelock
  Downloading filelock-3.18.0-py3-none-any.whl (16 kB)
Collecting nvidia-cudnn-cu12==9.5.1.17
  Downloading nvidia_cudnn_cu12-9.5.1.17-py3-none-manylinux_2_28_x86_64.whl (571.0 MB)
Collecting sympy>=1.13.3
  Downloading sympy-1.14.0-py3-none-any.whl (6.3 MB)
Collecting nvidia-nccl-cu12==2.26.2
  Downloading nvidia_nccl_cu12-2.26.2-py3-none-manylinux2014_x86_64.manylinux_2_17_x86_64.whl (201.3 MB)
Collecting triton==3.3.1
  Downloading triton-3.3.1-cp39-cp39-manylinux_2_27_x86_64.manylinux_2_28_x86_64.whl (155.6 MB)
Requirement already satisfied: setuptools>=40.8.0 in /gpfs/scratch1/shared/mschaffelder/venv_finetune_llama_8b/lib/python3.9/site-packages (from triton==3.3.1->torch->-r requirements.txt (line 2)) (53.0.0)
Collecting regex!=2019.12.17
  Downloading regex-2024.11.6-cp39-cp39-manylinux_2_17_x86_64.manylinux2014_x86_64.whl (780 kB)
Collecting requests
  Downloading requests-2.32.4-py3-none-any.whl (64 kB)
Collecting tokenizers<0.22,>=0.21
  Downloading tokenizers-0.21.1-cp39-abi3-manylinux_2_17_x86_64.manylinux2014_x86_64.whl (3.0 MB)
Collecting pyarrow>=15.0.0
  Downloading pyarrow-20.0.0-cp39-cp39-manylinux_2_28_x86_64.whl (42.3 MB)
Collecting pandas
  Downloading pandas-2.3.0-cp39-cp39-manylinux_2_17_x86_64.manylinux2014_x86_64.whl (12.4 MB)
Collecting multiprocess<0.70.17
  Downloading multiprocess-0.70.16-py39-none-any.whl (133 kB)
Collecting fsspec[http]<=2025.3.0,>=2023.1.0
  Downloading fsspec-2025.3.0-py3-none-any.whl (193 kB)
Collecting dill<0.3.9,>=0.3.0
  Downloading dill-0.3.8-py3-none-any.whl (116 kB)
Collecting xxhash
  Downloading xxhash-3.5.0-cp39-cp39-manylinux_2_17_x86_64.manylinux2014_x86_64.whl (193 kB)
Collecting hf-xet<2.0.0,>=1.1.2
  Downloading hf_xet-1.1.4-cp37-abi3-manylinux_2_17_x86_64.manylinux2014_x86_64.whl (3.1 MB)
Collecting markdown>=2.6.8
  Downloading markdown-3.8.1-py3-none-any.whl (106 kB)
Collecting grpcio>=1.48.2
  Downloading grpcio-1.73.0-cp39-cp39-manylinux_2_17_x86_64.manylinux2014_x86_64.whl (6.0 MB)
Collecting werkzeug>=1.0.1
  Downloading werkzeug-3.1.3-py3-none-any.whl (224 kB)
Collecting protobuf!=4.24.0,>=3.19.6
  Downloading protobuf-6.31.1-cp39-abi3-manylinux2014_x86_64.whl (321 kB)
Collecting absl-py>=0.4
  Downloading absl_py-2.3.0-py3-none-any.whl (135 kB)
Collecting six>1.9
  Downloading six-1.17.0-py2.py3-none-any.whl (11 kB)
Collecting tensorboard-data-server<0.8.0,>=0.7.0
  Downloading tensorboard_data_server-0.7.2-py3-none-manylinux_2_31_x86_64.whl (6.6 MB)
Collecting aiohttp!=4.0.0a0,!=4.0.0a1
  Downloading aiohttp-3.12.13-cp39-cp39-manylinux_2_17_x86_64.manylinux2014_x86_64.whl (1.6 MB)
Collecting propcache>=0.2.0
  Downloading propcache-0.3.2-cp39-cp39-manylinux_2_17_x86_64.manylinux2014_x86_64.whl (200 kB)
Collecting multidict<7.0,>=4.5
  Downloading multidict-6.5.0-cp39-cp39-manylinux_2_17_x86_64.manylinux2014_x86_64.whl (224 kB)
Collecting frozenlist>=1.1.1
  Downloading frozenlist-1.7.0-cp39-cp39-manylinux_2_5_x86_64.manylinux1_x86_64.manylinux_2_17_x86_64.manylinux2014_x86_64.whl (225 kB)
Collecting async-timeout<6.0,>=4.0
  Downloading async_timeout-5.0.1-py3-none-any.whl (6.2 kB)
Collecting aiohappyeyeballs>=2.5.0
  Downloading aiohappyeyeballs-2.6.1-py3-none-any.whl (15 kB)
Collecting attrs>=17.3.0
  Downloading attrs-25.3.0-py3-none-any.whl (63 kB)
Collecting yarl<2.0,>=1.17.0
  Downloading yarl-1.20.1-cp39-cp39-manylinux_2_17_x86_64.manylinux2014_x86_64.whl (327 kB)
Collecting aiosignal>=1.1.2
  Downloading aiosignal-1.3.2-py2.py3-none-any.whl (7.6 kB)
Collecting importlib-metadata>=4.4
  Downloading importlib_metadata-8.7.0-py3-none-any.whl (27 kB)
Collecting zipp>=3.20
  Downloading zipp-3.23.0-py3-none-any.whl (10 kB)
Collecting urllib3<3,>=1.21.1
  Downloading urllib3-2.5.0-py3-none-any.whl (129 kB)
Collecting charset_normalizer<4,>=2
  Downloading charset_normalizer-3.4.2-cp39-cp39-manylinux_2_17_x86_64.manylinux2014_x86_64.whl (149 kB)
Collecting idna<4,>=2.5
  Downloading idna-3.10-py3-none-any.whl (70 kB)
Collecting certifi>=2017.4.17
  Downloading certifi-2025.6.15-py3-none-any.whl (157 kB)
Collecting mpmath<1.4,>=1.1.0
  Downloading mpmath-1.3.0-py3-none-any.whl (536 kB)
Collecting MarkupSafe>=2.1.1
  Downloading MarkupSafe-3.0.2-cp39-cp39-manylinux_2_17_x86_64.manylinux2014_x86_64.whl (20 kB)
Collecting python-dateutil>=2.8.2
  Downloading python_dateutil-2.9.0.post0-py2.py3-none-any.whl (229 kB)
Collecting tzdata>=2022.7
  Downloading tzdata-2025.2-py2.py3-none-any.whl (347 kB)
Collecting pytz>=2020.1
  Downloading pytz-2025.2-py2.py3-none-any.whl (509 kB)
Installing collected packages: typing-extensions, urllib3, propcache, nvidia-nvjitlink-cu12, multidict, idna, frozenlist, charset-normalizer, certifi, yarl, tqdm, six, requests, pyyaml, packaging, nvidia-cusparse-cu12, nvidia-cublas-cu12, mpmath, MarkupSafe, hf-xet, fsspec, filelock, attrs, async-timeout, aiosignal, aiohappyeyeballs, zipp, tzdata, triton, sympy, pytz, python-dateutil, nvidia-nvtx-cu12, nvidia-nccl-cu12, nvidia-cusparselt-cu12, nvidia-cusolver-cu12, nvidia-curand-cu12, nvidia-cufile-cu12, nvidia-cufft-cu12, nvidia-cudnn-cu12, nvidia-cuda-runtime-cu12, nvidia-cuda-nvrtc-cu12, nvidia-cuda-cupti-cu12, numpy, networkx, jinja2, huggingface-hub, dill, aiohttp, xxhash, torch, tokenizers, safetensors, regex, pyarrow, psutil, pandas, multiprocess, importlib-metadata, werkzeug, transformers, tensorboard-data-server, protobuf, markdown, grpcio, datasets, accelerate, absl-py, trl, tensorboard, sentencepiece, peft
Successfully installed MarkupSafe-3.0.2 absl-py-2.3.0 accelerate-1.7.0 aiohappyeyeballs-2.6.1 aiohttp-3.12.13 aiosignal-1.3.2 async-timeout-5.0.1 attrs-25.3.0 certifi-2025.6.15 charset-normalizer-3.4.2 datasets-3.6.0 dill-0.3.8 filelock-3.18.0 frozenlist-1.7.0 fsspec-2025.3.0 grpcio-1.73.0 hf-xet-1.1.4 huggingface-hub-0.33.0 idna-3.10 importlib-metadata-8.7.0 jinja2-3.1.6 markdown-3.8.1 mpmath-1.3.0 multidict-6.5.0 multiprocess-0.70.16 networkx-3.2.1 numpy-2.0.2 nvidia-cublas-cu12-12.6.4.1 nvidia-cuda-cupti-cu12-12.6.80 nvidia-cuda-nvrtc-cu12-12.6.77 nvidia-cuda-runtime-cu12-12.6.77 nvidia-cudnn-cu12-9.5.1.17 nvidia-cufft-cu12-11.3.0.4 nvidia-cufile-cu12-1.11.1.6 nvidia-curand-cu12-10.3.7.77 nvidia-cusolver-cu12-11.7.1.2 nvidia-cusparse-cu12-12.5.4.2 nvidia-cusparselt-cu12-0.6.3 nvidia-nccl-cu12-2.26.2 nvidia-nvjitlink-cu12-12.6.85 nvidia-nvtx-cu12-12.6.77 packaging-25.0 pandas-2.3.0 peft-0.15.2 propcache-0.3.2 protobuf-6.31.1 psutil-7.0.0 pyarrow-20.0.0 python-dateutil-2.9.0.post0 pytz-2025.2 pyyaml-6.0.2 regex-2024.11.6 requests-2.32.4 safetensors-0.5.3 sentencepiece-0.2.0 six-1.17.0 sympy-1.14.0 tensorboard-2.19.0 tensorboard-data-server-0.7.2 tokenizers-0.21.1 torch-2.7.1 tqdm-4.67.1 transformers-4.52.4 triton-3.3.1 trl-0.18.2 typing-extensions-4.14.0 tzdata-2025.2 urllib3-2.5.0 werkzeug-3.1.3 xxhash-3.5.0 yarl-1.20.1 zipp-3.23.0
WARNING: You are using pip version 21.2.3; however, version 25.1.1 is available.
You should consider upgrading via the '/scratch-shared/mschaffelder/venv_finetune_llama_8b/bin/python -m pip install --upgrade pip' command.
Traceback (most recent call last):
  File "/scratch-shared/mschaffelder/venv_finetune_llama_8b/bin/accelerate", line 8, in <module>
    sys.exit(main())
  File "/scratch-shared/mschaffelder/venv_finetune_llama_8b/lib64/python3.9/site-packages/accelerate/commands/accelerate_cli.py", line 50, in main
    args.func(args)
  File "/scratch-shared/mschaffelder/venv_finetune_llama_8b/lib64/python3.9/site-packages/accelerate/commands/launch.py", line 1176, in launch_command
    args, defaults, mp_from_config_flag = _validate_launch_command(args)
  File "/scratch-shared/mschaffelder/venv_finetune_llama_8b/lib64/python3.9/site-packages/accelerate/commands/launch.py", line 1007, in _validate_launch_command
    defaults = load_config_from_file(args.config_file)
  File "/scratch-shared/mschaffelder/venv_finetune_llama_8b/lib64/python3.9/site-packages/accelerate/commands/config/config_args.py", line 72, in load_config_from_file
    return config_class.from_yaml_file(yaml_file=config_file)
  File "/scratch-shared/mschaffelder/venv_finetune_llama_8b/lib64/python3.9/site-packages/accelerate/commands/config/config_args.py", line 160, in from_yaml_file
    return cls(**config_dict)
  File "<string>", line 34, in __init__
  File "/scratch-shared/mschaffelder/venv_finetune_llama_8b/lib64/python3.9/site-packages/accelerate/commands/config/config_args.py", line 232, in __post_init__
    return super().__post_init__()
  File "/scratch-shared/mschaffelder/venv_finetune_llama_8b/lib64/python3.9/site-packages/accelerate/commands/config/config_args.py", line 173, in __post_init__
    self.distributed_type = DistributedType(self.distributed_type)
  File "/usr/lib64/python3.9/enum.py", line 384, in __call__
    return cls.__new__(cls, value)
  File "/usr/lib64/python3.9/enum.py", line 702, in __new__
    raise ve_exc
ValueError: 'DDP' is not a valid DistributedType

JOB STATISTICS
==============
Job ID: 12508796
Cluster: snellius
User/Group: mschaffelder/mschaffelder
State: FAILED (exit code 1)
Nodes: 1
Cores per node: 16
CPU Utilized: 00:01:49
CPU Efficiency: 3.59% of 00:50:40 core-walltime
Job Wall-clock time: 00:03:10
Memory Utilized: 339.60 MB
Memory Efficiency: 1.11% of 30.00 GB (30.00 GB/node)
