Activating virtual environment from /scratch-shared/mschaffelder/venv_finetune_1
Error processing line 1 of /scratch-shared/mschaffelder/venv_finetune_1/lib/python3.12/site-packages/distutils-precedence.pth:

  Traceback (most recent call last):
    File "<frozen site>", line 195, in addpackage
    File "<string>", line 1, in <module>
  AttributeError: module '_distutils_hack' has no attribute 'add_shim'

Remainder of file ignored
Error processing line 1 of /scratch-shared/mschaffelder/venv_finetune_1/lib/python3.12/site-packages/distutils-precedence.pth:

  Traceback (most recent call last):
    File "<frozen site>", line 195, in addpackage
    File "<string>", line 1, in <module>
  AttributeError: module '_distutils_hack' has no attribute 'add_shim'

Remainder of file ignored
Traceback (most recent call last):
  File "/scratch-shared/mschaffelder/venv_finetune_1/bin/pip", line 5, in <module>
    from pip._internal.cli.main import main
ModuleNotFoundError: No module named 'pip._internal.cli.main'
/var/spool/slurm/slurmd/job12508392/slurm_script: line 48: accelerate: command not found

JOB STATISTICS
==============
Job ID: 12508392
Cluster: snellius
User/Group: mschaffelder/mschaffelder
State: FAILED (exit code 127)
Nodes: 1
Cores per node: 16
CPU Utilized: 00:00:01
CPU Efficiency: 0.52% of 00:03:12 core-walltime
Job Wall-clock time: 00:00:12
Memory Utilized: 1.59 MB
Memory Efficiency: 0.01% of 30.00 GB (30.00 GB/node)
