Lmod has detected the following error: The following module(s) are unknown:
"Python/3.10.4-GCCcore-11.3.0"

Please check the spelling or version number. Also try "module spider ..."
It is also possible your cache file is out-of-date; it may help to try:
  $ module --ignore_cache load "Python/3.10.4-GCCcore-11.3.0"

Also make sure that all modulefiles written in TCL start with the string
#%Module



Creating Python virtual environment venv_exp_1 at /scratch-shared/mschaffelder/venv_exp_1 using Python 3.9.18
Activating virtual environment: /scratch-shared/mschaffelder/venv_exp_1
Requirement already satisfied: pip in /gpfs/scratch1/shared/mschaffelder/venv_exp_1/lib/python3.9/site-packages (21.2.3)
Collecting pip
  Downloading pip-25.1.1-py3-none-any.whl (1.8 MB)
Installing collected packages: pip
  Attempting uninstall: pip
    Found existing installation: pip 21.2.3
    Uninstalling pip-21.2.3:
      Successfully uninstalled pip-21.2.3
Successfully installed pip-25.1.1
Collecting torch>=2.0.0 (from -r requirements.txt (line 1))
  Downloading torch-2.7.0-cp39-cp39-manylinux_2_28_x86_64.whl.metadata (29 kB)
Collecting transformers>=4.30.0 (from -r requirements.txt (line 2))
  Downloading transformers-4.52.2-py3-none-any.whl.metadata (40 kB)
Collecting peft>=0.4.0 (from -r requirements.txt (line 3))
  Downloading peft-0.15.2-py3-none-any.whl.metadata (13 kB)
Collecting accelerate>=0.20.0 (from -r requirements.txt (line 4))
  Downloading accelerate-1.7.0-py3-none-any.whl.metadata (19 kB)
Collecting sentencepiece>=0.1.99 (from -r requirements.txt (line 5))
  Downloading sentencepiece-0.2.0-cp39-cp39-manylinux_2_17_x86_64.manylinux2014_x86_64.whl.metadata (7.7 kB)
Collecting protobuf>=3.20.0 (from -r requirements.txt (line 6))
  Downloading protobuf-6.31.0-cp39-abi3-manylinux2014_x86_64.whl.metadata (593 bytes)
Collecting typing-extensions>=4.5.0 (from -r requirements.txt (line 7))
  Downloading typing_extensions-4.13.2-py3-none-any.whl.metadata (3.0 kB)
Collecting urllib3>=2.0.0 (from -r requirements.txt (line 8))
  Downloading urllib3-2.4.0-py3-none-any.whl.metadata (6.5 kB)
Collecting huggingface-hub>=0.16.0 (from -r requirements.txt (line 9))
  Downloading huggingface_hub-0.31.4-py3-none-any.whl.metadata (13 kB)
Collecting filelock (from torch>=2.0.0->-r requirements.txt (line 1))
  Downloading filelock-3.18.0-py3-none-any.whl.metadata (2.9 kB)
Collecting sympy>=1.13.3 (from torch>=2.0.0->-r requirements.txt (line 1))
  Downloading sympy-1.14.0-py3-none-any.whl.metadata (12 kB)
Collecting networkx (from torch>=2.0.0->-r requirements.txt (line 1))
  Downloading networkx-3.2.1-py3-none-any.whl.metadata (5.2 kB)
Collecting jinja2 (from torch>=2.0.0->-r requirements.txt (line 1))
  Downloading jinja2-3.1.6-py3-none-any.whl.metadata (2.9 kB)
Collecting fsspec (from torch>=2.0.0->-r requirements.txt (line 1))
  Downloading fsspec-2025.5.0-py3-none-any.whl.metadata (11 kB)
Collecting nvidia-cuda-nvrtc-cu12==12.6.77 (from torch>=2.0.0->-r requirements.txt (line 1))
  Downloading nvidia_cuda_nvrtc_cu12-12.6.77-py3-none-manylinux2014_x86_64.whl.metadata (1.5 kB)
Collecting nvidia-cuda-runtime-cu12==12.6.77 (from torch>=2.0.0->-r requirements.txt (line 1))
  Downloading nvidia_cuda_runtime_cu12-12.6.77-py3-none-manylinux2014_x86_64.manylinux_2_17_x86_64.whl.metadata (1.5 kB)
Collecting nvidia-cuda-cupti-cu12==12.6.80 (from torch>=2.0.0->-r requirements.txt (line 1))
  Downloading nvidia_cuda_cupti_cu12-12.6.80-py3-none-manylinux2014_x86_64.manylinux_2_17_x86_64.whl.metadata (1.6 kB)
Collecting nvidia-cudnn-cu12==9.5.1.17 (from torch>=2.0.0->-r requirements.txt (line 1))
  Downloading nvidia_cudnn_cu12-9.5.1.17-py3-none-manylinux_2_28_x86_64.whl.metadata (1.6 kB)
Collecting nvidia-cublas-cu12==12.6.4.1 (from torch>=2.0.0->-r requirements.txt (line 1))
  Downloading nvidia_cublas_cu12-12.6.4.1-py3-none-manylinux2014_x86_64.manylinux_2_17_x86_64.whl.metadata (1.5 kB)
Collecting nvidia-cufft-cu12==11.3.0.4 (from torch>=2.0.0->-r requirements.txt (line 1))
  Downloading nvidia_cufft_cu12-11.3.0.4-py3-none-manylinux2014_x86_64.manylinux_2_17_x86_64.whl.metadata (1.5 kB)
Collecting nvidia-curand-cu12==10.3.7.77 (from torch>=2.0.0->-r requirements.txt (line 1))
  Downloading nvidia_curand_cu12-10.3.7.77-py3-none-manylinux2014_x86_64.manylinux_2_17_x86_64.whl.metadata (1.5 kB)
Collecting nvidia-cusolver-cu12==11.7.1.2 (from torch>=2.0.0->-r requirements.txt (line 1))
  Downloading nvidia_cusolver_cu12-11.7.1.2-py3-none-manylinux2014_x86_64.manylinux_2_17_x86_64.whl.metadata (1.6 kB)
Collecting nvidia-cusparse-cu12==12.5.4.2 (from torch>=2.0.0->-r requirements.txt (line 1))
  Downloading nvidia_cusparse_cu12-12.5.4.2-py3-none-manylinux2014_x86_64.manylinux_2_17_x86_64.whl.metadata (1.6 kB)
Collecting nvidia-cusparselt-cu12==0.6.3 (from torch>=2.0.0->-r requirements.txt (line 1))
  Downloading nvidia_cusparselt_cu12-0.6.3-py3-none-manylinux2014_x86_64.whl.metadata (6.8 kB)
Collecting nvidia-nccl-cu12==2.26.2 (from torch>=2.0.0->-r requirements.txt (line 1))
  Downloading nvidia_nccl_cu12-2.26.2-py3-none-manylinux2014_x86_64.manylinux_2_17_x86_64.whl.metadata (2.0 kB)
Collecting nvidia-nvtx-cu12==12.6.77 (from torch>=2.0.0->-r requirements.txt (line 1))
  Downloading nvidia_nvtx_cu12-12.6.77-py3-none-manylinux2014_x86_64.manylinux_2_17_x86_64.whl.metadata (1.6 kB)
Collecting nvidia-nvjitlink-cu12==12.6.85 (from torch>=2.0.0->-r requirements.txt (line 1))
  Downloading nvidia_nvjitlink_cu12-12.6.85-py3-none-manylinux2010_x86_64.manylinux_2_12_x86_64.whl.metadata (1.5 kB)
Collecting nvidia-cufile-cu12==1.11.1.6 (from torch>=2.0.0->-r requirements.txt (line 1))
  Downloading nvidia_cufile_cu12-1.11.1.6-py3-none-manylinux2014_x86_64.manylinux_2_17_x86_64.whl.metadata (1.5 kB)
Collecting triton==3.3.0 (from torch>=2.0.0->-r requirements.txt (line 1))
  Downloading triton-3.3.0-cp39-cp39-manylinux_2_27_x86_64.manylinux_2_28_x86_64.whl.metadata (1.5 kB)
Requirement already satisfied: setuptools>=40.8.0 in /gpfs/scratch1/shared/mschaffelder/venv_exp_1/lib/python3.9/site-packages (from triton==3.3.0->torch>=2.0.0->-r requirements.txt (line 1)) (53.0.0)
Collecting numpy>=1.17 (from transformers>=4.30.0->-r requirements.txt (line 2))
  Downloading numpy-2.0.2-cp39-cp39-manylinux_2_17_x86_64.manylinux2014_x86_64.whl.metadata (60 kB)
Collecting packaging>=20.0 (from transformers>=4.30.0->-r requirements.txt (line 2))
  Downloading packaging-25.0-py3-none-any.whl.metadata (3.3 kB)
Collecting pyyaml>=5.1 (from transformers>=4.30.0->-r requirements.txt (line 2))
  Downloading PyYAML-6.0.2-cp39-cp39-manylinux_2_17_x86_64.manylinux2014_x86_64.whl.metadata (2.1 kB)
Collecting regex!=2019.12.17 (from transformers>=4.30.0->-r requirements.txt (line 2))
  Downloading regex-2024.11.6-cp39-cp39-manylinux_2_17_x86_64.manylinux2014_x86_64.whl.metadata (40 kB)
Collecting requests (from transformers>=4.30.0->-r requirements.txt (line 2))
  Downloading requests-2.32.3-py3-none-any.whl.metadata (4.6 kB)
Collecting tokenizers<0.22,>=0.21 (from transformers>=4.30.0->-r requirements.txt (line 2))
  Downloading tokenizers-0.21.1-cp39-abi3-manylinux_2_17_x86_64.manylinux2014_x86_64.whl.metadata (6.8 kB)
Collecting safetensors>=0.4.3 (from transformers>=4.30.0->-r requirements.txt (line 2))
  Downloading safetensors-0.5.3-cp38-abi3-manylinux_2_17_x86_64.manylinux2014_x86_64.whl.metadata (3.8 kB)
Collecting tqdm>=4.27 (from transformers>=4.30.0->-r requirements.txt (line 2))
  Downloading tqdm-4.67.1-py3-none-any.whl.metadata (57 kB)
Collecting psutil (from peft>=0.4.0->-r requirements.txt (line 3))
  Downloading psutil-7.0.0-cp36-abi3-manylinux_2_12_x86_64.manylinux2010_x86_64.manylinux_2_17_x86_64.manylinux2014_x86_64.whl.metadata (22 kB)
Collecting mpmath<1.4,>=1.1.0 (from sympy>=1.13.3->torch>=2.0.0->-r requirements.txt (line 1))
  Downloading mpmath-1.3.0-py3-none-any.whl.metadata (8.6 kB)
Collecting MarkupSafe>=2.0 (from jinja2->torch>=2.0.0->-r requirements.txt (line 1))
  Downloading MarkupSafe-3.0.2-cp39-cp39-manylinux_2_17_x86_64.manylinux2014_x86_64.whl.metadata (4.0 kB)
Collecting charset-normalizer<4,>=2 (from requests->transformers>=4.30.0->-r requirements.txt (line 2))
  Downloading charset_normalizer-3.4.2-cp39-cp39-manylinux_2_17_x86_64.manylinux2014_x86_64.whl.metadata (35 kB)
Collecting idna<4,>=2.5 (from requests->transformers>=4.30.0->-r requirements.txt (line 2))
  Downloading idna-3.10-py3-none-any.whl.metadata (10 kB)
Collecting certifi>=2017.4.17 (from requests->transformers>=4.30.0->-r requirements.txt (line 2))
  Downloading certifi-2025.4.26-py3-none-any.whl.metadata (2.5 kB)
Downloading torch-2.7.0-cp39-cp39-manylinux_2_28_x86_64.whl (865.2 MB)
   ━━━━━━━━━━━━━━━━━━━━━━━━━━━━━━━━━━━━━━━━ 865.2/865.2 MB 44.0 MB/s eta 0:00:00
Downloading nvidia_cublas_cu12-12.6.4.1-py3-none-manylinux2014_x86_64.manylinux_2_17_x86_64.whl (393.1 MB)
   ━━━━━━━━━━━━━━━━━━━━━━━━━━━━━━━━━━━━━━━━ 393.1/393.1 MB 83.0 MB/s eta 0:00:00
Downloading nvidia_cuda_cupti_cu12-12.6.80-py3-none-manylinux2014_x86_64.manylinux_2_17_x86_64.whl (8.9 MB)
   ━━━━━━━━━━━━━━━━━━━━━━━━━━━━━━━━━━━━━━━━ 8.9/8.9 MB 191.0 MB/s eta 0:00:00
Downloading nvidia_cuda_nvrtc_cu12-12.6.77-py3-none-manylinux2014_x86_64.whl (23.7 MB)
   ━━━━━━━━━━━━━━━━━━━━━━━━━━━━━━━━━━━━━━━━ 23.7/23.7 MB 15.7 MB/s eta 0:00:00
Downloading nvidia_cuda_runtime_cu12-12.6.77-py3-none-manylinux2014_x86_64.manylinux_2_17_x86_64.whl (897 kB)
   ━━━━━━━━━━━━━━━━━━━━━━━━━━━━━━━━━━━━━━━━ 897.7/897.7 kB 87.8 MB/s eta 0:00:00
Downloading nvidia_cudnn_cu12-9.5.1.17-py3-none-manylinux_2_28_x86_64.whl (571.0 MB)
   ━━━━━━━━━━━━━━━━━━━━━━━━━━━━━━━━━━━━━━━━ 571.0/571.0 MB 68.9 MB/s eta 0:00:00
Downloading nvidia_cufft_cu12-11.3.0.4-py3-none-manylinux2014_x86_64.manylinux_2_17_x86_64.whl (200.2 MB)
   ━━━━━━━━━━━━━━━━━━━━━━━━━━━━━━━━━━━━━━━━ 200.2/200.2 MB 27.3 MB/s eta 0:00:00
Downloading nvidia_cufile_cu12-1.11.1.6-py3-none-manylinux2014_x86_64.manylinux_2_17_x86_64.whl (1.1 MB)
   ━━━━━━━━━━━━━━━━━━━━━━━━━━━━━━━━━━━━━━━━ 1.1/1.1 MB 96.0 MB/s eta 0:00:00
Downloading nvidia_curand_cu12-10.3.7.77-py3-none-manylinux2014_x86_64.manylinux_2_17_x86_64.whl (56.3 MB)
   ━━━━━━━━━━━━━━━━━━━━━━━━━━━━━━━━━━━━━━━━ 56.3/56.3 MB 52.1 MB/s eta 0:00:00
Downloading nvidia_cusolver_cu12-11.7.1.2-py3-none-manylinux2014_x86_64.manylinux_2_17_x86_64.whl (158.2 MB)
   ━━━━━━━━━━━━━━━━━━━━━━━━━━━━━━━━━━━━━━━━ 158.2/158.2 MB 63.3 MB/s eta 0:00:00
Downloading nvidia_cusparse_cu12-12.5.4.2-py3-none-manylinux2014_x86_64.manylinux_2_17_x86_64.whl (216.6 MB)
   ━━━━━━━━━━━━━━━━━━━━━━━━━━━━━━━━━━━━━━━ 216.6/216.6 MB 155.0 MB/s eta 0:00:00
Downloading nvidia_cusparselt_cu12-0.6.3-py3-none-manylinux2014_x86_64.whl (156.8 MB)
   ━━━━━━━━━━━━━━━━━━━━━━━━━━━━━━━━━━━━━━━━ 156.8/156.8 MB 87.5 MB/s eta 0:00:00
Downloading nvidia_nccl_cu12-2.26.2-py3-none-manylinux2014_x86_64.manylinux_2_17_x86_64.whl (201.3 MB)
   ━━━━━━━━━━━━━━━━━━━━━━━━━━━━━━━━━━━━━━━ 201.3/201.3 MB 123.1 MB/s eta 0:00:00
Downloading nvidia_nvjitlink_cu12-12.6.85-py3-none-manylinux2010_x86_64.manylinux_2_12_x86_64.whl (19.7 MB)
   ━━━━━━━━━━━━━━━━━━━━━━━━━━━━━━━━━━━━━━━━ 19.7/19.7 MB 10.3 MB/s eta 0:00:00
Downloading nvidia_nvtx_cu12-12.6.77-py3-none-manylinux2014_x86_64.manylinux_2_17_x86_64.whl (89 kB)
Downloading triton-3.3.0-cp39-cp39-manylinux_2_27_x86_64.manylinux_2_28_x86_64.whl (156.4 MB)
   ━━━━━━━━━━━━━━━━━━━━━━━━━━━━━━━━━━━━━━━━ 156.4/156.4 MB 78.7 MB/s eta 0:00:00
Downloading transformers-4.52.2-py3-none-any.whl (10.5 MB)
   ━━━━━━━━━━━━━━━━━━━━━━━━━━━━━━━━━━━━━━━━ 10.5/10.5 MB 212.4 MB/s eta 0:00:00
Downloading huggingface_hub-0.31.4-py3-none-any.whl (489 kB)
Downloading tokenizers-0.21.1-cp39-abi3-manylinux_2_17_x86_64.manylinux2014_x86_64.whl (3.0 MB)
   ━━━━━━━━━━━━━━━━━━━━━━━━━━━━━━━━━━━━━━━━ 3.0/3.0 MB 200.0 MB/s eta 0:00:00
Downloading peft-0.15.2-py3-none-any.whl (411 kB)
Downloading accelerate-1.7.0-py3-none-any.whl (362 kB)
Downloading numpy-2.0.2-cp39-cp39-manylinux_2_17_x86_64.manylinux2014_x86_64.whl (19.5 MB)
   ━━━━━━━━━━━━━━━━━━━━━━━━━━━━━━━━━━━━━━━━ 19.5/19.5 MB 26.0 MB/s eta 0:00:00
Downloading sentencepiece-0.2.0-cp39-cp39-manylinux_2_17_x86_64.manylinux2014_x86_64.whl (1.3 MB)
   ━━━━━━━━━━━━━━━━━━━━━━━━━━━━━━━━━━━━━━━━ 1.3/1.3 MB 120.2 MB/s eta 0:00:00
Downloading protobuf-6.31.0-cp39-abi3-manylinux2014_x86_64.whl (320 kB)
Downloading typing_extensions-4.13.2-py3-none-any.whl (45 kB)
Downloading urllib3-2.4.0-py3-none-any.whl (128 kB)
Downloading fsspec-2025.5.0-py3-none-any.whl (196 kB)
Downloading packaging-25.0-py3-none-any.whl (66 kB)
Downloading PyYAML-6.0.2-cp39-cp39-manylinux_2_17_x86_64.manylinux2014_x86_64.whl (737 kB)
   ━━━━━━━━━━━━━━━━━━━━━━━━━━━━━━━━━━━━━━━━ 737.4/737.4 kB 80.1 MB/s eta 0:00:00
Downloading regex-2024.11.6-cp39-cp39-manylinux_2_17_x86_64.manylinux2014_x86_64.whl (780 kB)
   ━━━━━━━━━━━━━━━━━━━━━━━━━━━━━━━━━━━━━━━━ 780.9/780.9 kB 87.9 MB/s eta 0:00:00
Downloading safetensors-0.5.3-cp38-abi3-manylinux_2_17_x86_64.manylinux2014_x86_64.whl (471 kB)
Downloading sympy-1.14.0-py3-none-any.whl (6.3 MB)
   ━━━━━━━━━━━━━━━━━━━━━━━━━━━━━━━━━━━━━━━━ 6.3/6.3 MB 225.4 MB/s eta 0:00:00
Downloading mpmath-1.3.0-py3-none-any.whl (536 kB)
   ━━━━━━━━━━━━━━━━━━━━━━━━━━━━━━━━━━━━━━━━ 536.2/536.2 kB 51.3 MB/s eta 0:00:00
Downloading tqdm-4.67.1-py3-none-any.whl (78 kB)
Downloading filelock-3.18.0-py3-none-any.whl (16 kB)
Downloading jinja2-3.1.6-py3-none-any.whl (134 kB)
Downloading MarkupSafe-3.0.2-cp39-cp39-manylinux_2_17_x86_64.manylinux2014_x86_64.whl (20 kB)
Downloading networkx-3.2.1-py3-none-any.whl (1.6 MB)
   ━━━━━━━━━━━━━━━━━━━━━━━━━━━━━━━━━━━━━━━━ 1.6/1.6 MB 140.1 MB/s eta 0:00:00
Downloading psutil-7.0.0-cp36-abi3-manylinux_2_12_x86_64.manylinux2010_x86_64.manylinux_2_17_x86_64.manylinux2014_x86_64.whl (277 kB)
Downloading requests-2.32.3-py3-none-any.whl (64 kB)
Downloading charset_normalizer-3.4.2-cp39-cp39-manylinux_2_17_x86_64.manylinux2014_x86_64.whl (149 kB)
Downloading idna-3.10-py3-none-any.whl (70 kB)
Downloading certifi-2025.4.26-py3-none-any.whl (159 kB)
Installing collected packages: sentencepiece, nvidia-cusparselt-cu12, mpmath, urllib3, typing-extensions, triton, tqdm, sympy, safetensors, regex, pyyaml, psutil, protobuf, packaging, nvidia-nvtx-cu12, nvidia-nvjitlink-cu12, nvidia-nccl-cu12, nvidia-curand-cu12, nvidia-cufile-cu12, nvidia-cuda-runtime-cu12, nvidia-cuda-nvrtc-cu12, nvidia-cuda-cupti-cu12, nvidia-cublas-cu12, numpy, networkx, MarkupSafe, idna, fsspec, filelock, charset-normalizer, certifi, requests, nvidia-cusparse-cu12, nvidia-cufft-cu12, nvidia-cudnn-cu12, jinja2, nvidia-cusolver-cu12, huggingface-hub, torch, tokenizers, transformers, accelerate, peft

Successfully installed MarkupSafe-3.0.2 accelerate-1.7.0 certifi-2025.4.26 charset-normalizer-3.4.2 filelock-3.18.0 fsspec-2025.5.0 huggingface-hub-0.31.4 idna-3.10 jinja2-3.1.6 mpmath-1.3.0 networkx-3.2.1 numpy-2.0.2 nvidia-cublas-cu12-12.6.4.1 nvidia-cuda-cupti-cu12-12.6.80 nvidia-cuda-nvrtc-cu12-12.6.77 nvidia-cuda-runtime-cu12-12.6.77 nvidia-cudnn-cu12-9.5.1.17 nvidia-cufft-cu12-11.3.0.4 nvidia-cufile-cu12-1.11.1.6 nvidia-curand-cu12-10.3.7.77 nvidia-cusolver-cu12-11.7.1.2 nvidia-cusparse-cu12-12.5.4.2 nvidia-cusparselt-cu12-0.6.3 nvidia-nccl-cu12-2.26.2 nvidia-nvjitlink-cu12-12.6.85 nvidia-nvtx-cu12-12.6.77 packaging-25.0 peft-0.15.2 protobuf-6.31.0 psutil-7.0.0 pyyaml-6.0.2 regex-2024.11.6 requests-2.32.3 safetensors-0.5.3 sentencepiece-0.2.0 sympy-1.14.0 tokenizers-0.21.1 torch-2.7.0 tqdm-4.67.1 transformers-4.52.2 triton-3.3.0 typing-extensions-4.13.2 urllib3-2.4.0
CUDA_VISIBLE_DEVICES: 0
Available GPUs: GPU 0: NVIDIA H100 (UUID: GPU-31c03a3b-52de-edef-28a6-fa9bbe85082a)
The token has not been saved to the git credentials helper. Pass `add_to_git_credential=True` in this function directly or `--add-to-git-credential` if using via `huggingface-cli` if you want to set the git credential as well.
Token is valid (permission: fineGrained).
The token `MaxBook Air` has been saved to /home/mschaffelder/.cache/huggingface/stored_tokens
Your token has been saved to /home/mschaffelder/.cache/huggingface/token
Login successful.
The current active token is: `MaxBook Air`
/scratch-shared/mschaffelder/venv_exp_1/lib64/python3.9/site-packages/networkx/utils/backends.py:135: RuntimeWarning: networkx backend defined more than once: nx-loopback
  backends.update(_get_backends("networkx.backends"))
Loading model and tokenizer...
Fetching 4 files:   0%|          | 0/4 [00:00<?, ?it/s]Xet Storage is enabled for this repo, but the 'hf_xet' package is not installed. Falling back to regular HTTP download. For better performance, install the package with: `pip install huggingface_hub[hf_xet]` or `pip install hf_xet`
Xet Storage is enabled for this repo, but the 'hf_xet' package is not installed. Falling back to regular HTTP download. For better performance, install the package with: `pip install huggingface_hub[hf_xet]` or `pip install hf_xet`
Xet Storage is enabled for this repo, but the 'hf_xet' package is not installed. Falling back to regular HTTP download. For better performance, install the package with: `pip install huggingface_hub[hf_xet]` or `pip install hf_xet`
Xet Storage is enabled for this repo, but the 'hf_xet' package is not installed. Falling back to regular HTTP download. For better performance, install the package with: `pip install huggingface_hub[hf_xet]` or `pip install hf_xet`
Fetching 4 files:  25%|██▌       | 1/4 [00:09<00:29,  9.80s/it]Fetching 4 files:  50%|█████     | 2/4 [00:10<00:09,  4.62s/it]Fetching 4 files: 100%|██████████| 4/4 [00:10<00:00,  2.70s/it]
Loading checkpoint shards:   0%|          | 0/4 [00:00<?, ?it/s]Loading checkpoint shards:  25%|██▌       | 1/4 [00:04<00:13,  4.61s/it]Loading checkpoint shards:  50%|█████     | 2/4 [00:08<00:08,  4.24s/it]Loading checkpoint shards:  75%|███████▌  | 3/4 [00:12<00:04,  4.02s/it]Loading checkpoint shards: 100%|██████████| 4/4 [00:13<00:00,  2.78s/it]Loading checkpoint shards: 100%|██████████| 4/4 [00:13<00:00,  3.31s/it]
Traceback (most recent call last):
  File "/gpfs/scratch1/shared/mschaffelder/code/exp_1/data_gen.py", line 80, in <module>
    main()
  File "/gpfs/scratch1/shared/mschaffelder/code/exp_1/data_gen.py", line 45, in main
    model, tokenizer = load_model_and_tokenizer(base_model_path, lora_model_path)
  File "/gpfs/scratch1/shared/mschaffelder/code/exp_1/data_gen.py", line 17, in load_model_and_tokenizer
    model = PeftModel.from_pretrained(model, lora_model_path)
  File "/scratch-shared/mschaffelder/venv_exp_1/lib64/python3.9/site-packages/peft/peft_model.py", line 541, in from_pretrained
    load_result = model.load_adapter(
  File "/scratch-shared/mschaffelder/venv_exp_1/lib64/python3.9/site-packages/peft/peft_model.py", line 1276, in load_adapter
    load_result = set_peft_model_state_dict(
  File "/scratch-shared/mschaffelder/venv_exp_1/lib64/python3.9/site-packages/peft/utils/save_and_load.py", line 448, in set_peft_model_state_dict
    load_result = model.load_state_dict(peft_model_state_dict, strict=False)
  File "/scratch-shared/mschaffelder/venv_exp_1/lib64/python3.9/site-packages/torch/nn/modules/module.py", line 2593, in load_state_dict
    raise RuntimeError(
RuntimeError: Error(s) in loading state_dict for PeftModelForCausalLM:
	size mismatch for base_model.model.model.embed_tokens.weight: copying a param with shape torch.Size([128257, 4096]) from checkpoint, the shape in current model is torch.Size([128256, 4096]).
	size mismatch for base_model.model.lm_head.weight: copying a param with shape torch.Size([128257, 4096]) from checkpoint, the shape in current model is torch.Size([128256, 4096]).

JOB STATISTICS
==============
Job ID: 11976299
Cluster: snellius
User/Group: mschaffelder/mschaffelder
State: RUNNING
Nodes: 1
Cores per node: 16
CPU Utilized: 00:00:00
CPU Efficiency: 0.00% of 04:58:08 core-walltime
Job Wall-clock time: 00:18:38
Memory Utilized: 0.00 MB
Memory Efficiency: 0.00% of 20.00 GB (20.00 GB/node)
WARNING: Efficiency statistics can only be obtained after the job has ended as seff tool is based on the accounting database data.
