Activating virtual environment from /scratch-shared/mschaffelder/venv_finetune_1
Installing packages from requirements.txt
Requirement already satisfied: torch in /scratch-shared/mschaffelder/venv_finetune_1/lib/python3.12/site-packages (from -r requirements.txt (line 1)) (2.7.0)
Requirement already satisfied: peft>=0.5.0 in /scratch-shared/mschaffelder/venv_finetune_1/lib/python3.12/site-packages (from -r requirements.txt (line 2)) (0.15.2)
Requirement already satisfied: transformers>=4.36.0 in /scratch-shared/mschaffelder/venv_finetune_1/lib/python3.12/site-packages (from -r requirements.txt (line 3)) (4.52.3)
Requirement already satisfied: datasets>=2.14.0 in /scratch-shared/mschaffelder/venv_finetune_1/lib/python3.12/site-packages (from -r requirements.txt (line 4)) (3.6.0)
Requirement already satisfied: sentencepiece>=0.1.99 in /scratch-shared/mschaffelder/venv_finetune_1/lib/python3.12/site-packages (from -r requirements.txt (line 5)) (0.2.0)
Requirement already satisfied: huggingface_hub>=0.17.0 in /scratch-shared/mschaffelder/venv_finetune_1/lib/python3.12/site-packages (from -r requirements.txt (line 6)) (0.32.0)
Requirement already satisfied: bitsandbytes in /scratch-shared/mschaffelder/venv_finetune_1/lib/python3.12/site-packages (from -r requirements.txt (line 7)) (0.45.5)
Requirement already satisfied: tensorboard in /scratch-shared/mschaffelder/venv_finetune_1/lib/python3.12/site-packages (from -r requirements.txt (line 8)) (2.19.0)
Requirement already satisfied: accelerate>=0.21.0 in /scratch-shared/mschaffelder/venv_finetune_1/lib/python3.12/site-packages (from -r requirements.txt (line 9)) (1.7.0)
Requirement already satisfied: typing_extensions in /scratch-shared/mschaffelder/venv_finetune_1/lib/python3.12/site-packages (from -r requirements.txt (line 10)) (4.13.2)
Requirement already satisfied: filelock in /scratch-shared/mschaffelder/venv_finetune_1/lib/python3.12/site-packages (from torch->-r requirements.txt (line 1)) (3.18.0)
Requirement already satisfied: setuptools in /scratch-shared/mschaffelder/venv_finetune_1/lib/python3.12/site-packages (from torch->-r requirements.txt (line 1)) (80.8.0)
Requirement already satisfied: sympy>=1.13.3 in /scratch-shared/mschaffelder/venv_finetune_1/lib/python3.12/site-packages (from torch->-r requirements.txt (line 1)) (1.14.0)
Requirement already satisfied: networkx in /scratch-shared/mschaffelder/venv_finetune_1/lib/python3.12/site-packages (from torch->-r requirements.txt (line 1)) (3.4.2)
Requirement already satisfied: jinja2 in /scratch-shared/mschaffelder/venv_finetune_1/lib/python3.12/site-packages (from torch->-r requirements.txt (line 1)) (3.1.6)
Requirement already satisfied: fsspec in /scratch-shared/mschaffelder/venv_finetune_1/lib/python3.12/site-packages (from torch->-r requirements.txt (line 1)) (2025.3.0)
Requirement already satisfied: nvidia-cuda-nvrtc-cu12==12.6.77 in /scratch-shared/mschaffelder/venv_finetune_1/lib/python3.12/site-packages (from torch->-r requirements.txt (line 1)) (12.6.77)
Requirement already satisfied: nvidia-cuda-runtime-cu12==12.6.77 in /scratch-shared/mschaffelder/venv_finetune_1/lib/python3.12/site-packages (from torch->-r requirements.txt (line 1)) (12.6.77)
Requirement already satisfied: nvidia-cuda-cupti-cu12==12.6.80 in /scratch-shared/mschaffelder/venv_finetune_1/lib/python3.12/site-packages (from torch->-r requirements.txt (line 1)) (12.6.80)
Requirement already satisfied: nvidia-cudnn-cu12==9.5.1.17 in /scratch-shared/mschaffelder/venv_finetune_1/lib/python3.12/site-packages (from torch->-r requirements.txt (line 1)) (9.5.1.17)
Requirement already satisfied: nvidia-cublas-cu12==12.6.4.1 in /scratch-shared/mschaffelder/venv_finetune_1/lib/python3.12/site-packages (from torch->-r requirements.txt (line 1)) (12.6.4.1)
Requirement already satisfied: nvidia-cufft-cu12==11.3.0.4 in /scratch-shared/mschaffelder/venv_finetune_1/lib/python3.12/site-packages (from torch->-r requirements.txt (line 1)) (11.3.0.4)
Requirement already satisfied: nvidia-curand-cu12==10.3.7.77 in /scratch-shared/mschaffelder/venv_finetune_1/lib/python3.12/site-packages (from torch->-r requirements.txt (line 1)) (10.3.7.77)
Requirement already satisfied: nvidia-cusolver-cu12==11.7.1.2 in /scratch-shared/mschaffelder/venv_finetune_1/lib/python3.12/site-packages (from torch->-r requirements.txt (line 1)) (11.7.1.2)
Requirement already satisfied: nvidia-cusparse-cu12==12.5.4.2 in /scratch-shared/mschaffelder/venv_finetune_1/lib/python3.12/site-packages (from torch->-r requirements.txt (line 1)) (12.5.4.2)
Requirement already satisfied: nvidia-cusparselt-cu12==0.6.3 in /scratch-shared/mschaffelder/venv_finetune_1/lib/python3.12/site-packages (from torch->-r requirements.txt (line 1)) (0.6.3)
Requirement already satisfied: nvidia-nccl-cu12==2.26.2 in /scratch-shared/mschaffelder/venv_finetune_1/lib/python3.12/site-packages (from torch->-r requirements.txt (line 1)) (2.26.2)
Requirement already satisfied: nvidia-nvtx-cu12==12.6.77 in /scratch-shared/mschaffelder/venv_finetune_1/lib/python3.12/site-packages (from torch->-r requirements.txt (line 1)) (12.6.77)
Requirement already satisfied: nvidia-nvjitlink-cu12==12.6.85 in /scratch-shared/mschaffelder/venv_finetune_1/lib/python3.12/site-packages (from torch->-r requirements.txt (line 1)) (12.6.85)
Requirement already satisfied: nvidia-cufile-cu12==1.11.1.6 in /scratch-shared/mschaffelder/venv_finetune_1/lib/python3.12/site-packages (from torch->-r requirements.txt (line 1)) (1.11.1.6)
Requirement already satisfied: triton==3.3.0 in /scratch-shared/mschaffelder/venv_finetune_1/lib/python3.12/site-packages (from torch->-r requirements.txt (line 1)) (3.3.0)
Requirement already satisfied: numpy>=1.17 in /scratch-shared/mschaffelder/venv_finetune_1/lib/python3.12/site-packages (from peft>=0.5.0->-r requirements.txt (line 2)) (2.2.6)
Requirement already satisfied: packaging>=20.0 in /scratch-shared/mschaffelder/venv_finetune_1/lib/python3.12/site-packages (from peft>=0.5.0->-r requirements.txt (line 2)) (25.0)
Requirement already satisfied: psutil in /scratch-shared/mschaffelder/venv_finetune_1/lib/python3.12/site-packages (from peft>=0.5.0->-r requirements.txt (line 2)) (7.0.0)
Requirement already satisfied: pyyaml in /scratch-shared/mschaffelder/venv_finetune_1/lib/python3.12/site-packages (from peft>=0.5.0->-r requirements.txt (line 2)) (6.0.2)
Requirement already satisfied: tqdm in /scratch-shared/mschaffelder/venv_finetune_1/lib/python3.12/site-packages (from peft>=0.5.0->-r requirements.txt (line 2)) (4.67.1)
Requirement already satisfied: safetensors in /scratch-shared/mschaffelder/venv_finetune_1/lib/python3.12/site-packages (from peft>=0.5.0->-r requirements.txt (line 2)) (0.5.3)
Requirement already satisfied: regex!=2019.12.17 in /scratch-shared/mschaffelder/venv_finetune_1/lib/python3.12/site-packages (from transformers>=4.36.0->-r requirements.txt (line 3)) (2024.11.6)
Requirement already satisfied: requests in /scratch-shared/mschaffelder/venv_finetune_1/lib/python3.12/site-packages (from transformers>=4.36.0->-r requirements.txt (line 3)) (2.32.3)
Requirement already satisfied: tokenizers<0.22,>=0.21 in /scratch-shared/mschaffelder/venv_finetune_1/lib/python3.12/site-packages (from transformers>=4.36.0->-r requirements.txt (line 3)) (0.21.1)
Requirement already satisfied: pyarrow>=15.0.0 in /scratch-shared/mschaffelder/venv_finetune_1/lib/python3.12/site-packages (from datasets>=2.14.0->-r requirements.txt (line 4)) (20.0.0)
Requirement already satisfied: dill<0.3.9,>=0.3.0 in /scratch-shared/mschaffelder/venv_finetune_1/lib/python3.12/site-packages (from datasets>=2.14.0->-r requirements.txt (line 4)) (0.3.8)
Requirement already satisfied: pandas in /scratch-shared/mschaffelder/venv_finetune_1/lib/python3.12/site-packages (from datasets>=2.14.0->-r requirements.txt (line 4)) (2.2.3)
Requirement already satisfied: xxhash in /scratch-shared/mschaffelder/venv_finetune_1/lib/python3.12/site-packages (from datasets>=2.14.0->-r requirements.txt (line 4)) (3.5.0)
Requirement already satisfied: multiprocess<0.70.17 in /scratch-shared/mschaffelder/venv_finetune_1/lib/python3.12/site-packages (from datasets>=2.14.0->-r requirements.txt (line 4)) (0.70.16)
Requirement already satisfied: hf-xet<2.0.0,>=1.1.2 in /scratch-shared/mschaffelder/venv_finetune_1/lib/python3.12/site-packages (from huggingface_hub>=0.17.0->-r requirements.txt (line 6)) (1.1.2)
Requirement already satisfied: absl-py>=0.4 in /scratch-shared/mschaffelder/venv_finetune_1/lib/python3.12/site-packages (from tensorboard->-r requirements.txt (line 8)) (2.2.2)
Requirement already satisfied: grpcio>=1.48.2 in /scratch-shared/mschaffelder/venv_finetune_1/lib/python3.12/site-packages (from tensorboard->-r requirements.txt (line 8)) (1.71.0)
Requirement already satisfied: markdown>=2.6.8 in /scratch-shared/mschaffelder/venv_finetune_1/lib/python3.12/site-packages (from tensorboard->-r requirements.txt (line 8)) (3.8)
Requirement already satisfied: protobuf!=4.24.0,>=3.19.6 in /scratch-shared/mschaffelder/venv_finetune_1/lib/python3.12/site-packages (from tensorboard->-r requirements.txt (line 8)) (6.31.0)
Requirement already satisfied: six>1.9 in /scratch-shared/mschaffelder/venv_finetune_1/lib/python3.12/site-packages (from tensorboard->-r requirements.txt (line 8)) (1.17.0)
Requirement already satisfied: tensorboard-data-server<0.8.0,>=0.7.0 in /scratch-shared/mschaffelder/venv_finetune_1/lib/python3.12/site-packages (from tensorboard->-r requirements.txt (line 8)) (0.7.2)
Requirement already satisfied: werkzeug>=1.0.1 in /scratch-shared/mschaffelder/venv_finetune_1/lib/python3.12/site-packages (from tensorboard->-r requirements.txt (line 8)) (3.1.3)
Requirement already satisfied: aiohttp!=4.0.0a0,!=4.0.0a1 in /scratch-shared/mschaffelder/venv_finetune_1/lib/python3.12/site-packages (from fsspec[http]<=2025.3.0,>=2023.1.0->datasets>=2.14.0->-r requirements.txt (line 4)) (3.11.18)
Requirement already satisfied: charset-normalizer<4,>=2 in /scratch-shared/mschaffelder/venv_finetune_1/lib/python3.12/site-packages (from requests->transformers>=4.36.0->-r requirements.txt (line 3)) (3.4.2)
Requirement already satisfied: idna<4,>=2.5 in /scratch-shared/mschaffelder/venv_finetune_1/lib/python3.12/site-packages (from requests->transformers>=4.36.0->-r requirements.txt (line 3)) (3.10)
Requirement already satisfied: urllib3<3,>=1.21.1 in /scratch-shared/mschaffelder/venv_finetune_1/lib/python3.12/site-packages (from requests->transformers>=4.36.0->-r requirements.txt (line 3)) (2.4.0)
Requirement already satisfied: certifi>=2017.4.17 in /scratch-shared/mschaffelder/venv_finetune_1/lib/python3.12/site-packages (from requests->transformers>=4.36.0->-r requirements.txt (line 3)) (2025.4.26)
Requirement already satisfied: mpmath<1.4,>=1.1.0 in /scratch-shared/mschaffelder/venv_finetune_1/lib/python3.12/site-packages (from sympy>=1.13.3->torch->-r requirements.txt (line 1)) (1.3.0)
Requirement already satisfied: MarkupSafe>=2.1.1 in /scratch-shared/mschaffelder/venv_finetune_1/lib/python3.12/site-packages (from werkzeug>=1.0.1->tensorboard->-r requirements.txt (line 8)) (3.0.2)
Requirement already satisfied: python-dateutil>=2.8.2 in /scratch-shared/mschaffelder/venv_finetune_1/lib/python3.12/site-packages (from pandas->datasets>=2.14.0->-r requirements.txt (line 4)) (2.9.0.post0)
Requirement already satisfied: pytz>=2020.1 in /scratch-shared/mschaffelder/venv_finetune_1/lib/python3.12/site-packages (from pandas->datasets>=2.14.0->-r requirements.txt (line 4)) (2025.2)
Requirement already satisfied: tzdata>=2022.7 in /scratch-shared/mschaffelder/venv_finetune_1/lib/python3.12/site-packages (from pandas->datasets>=2.14.0->-r requirements.txt (line 4)) (2025.2)
Requirement already satisfied: aiohappyeyeballs>=2.3.0 in /scratch-shared/mschaffelder/venv_finetune_1/lib/python3.12/site-packages (from aiohttp!=4.0.0a0,!=4.0.0a1->fsspec[http]<=2025.3.0,>=2023.1.0->datasets>=2.14.0->-r requirements.txt (line 4)) (2.6.1)
Requirement already satisfied: aiosignal>=1.1.2 in /scratch-shared/mschaffelder/venv_finetune_1/lib/python3.12/site-packages (from aiohttp!=4.0.0a0,!=4.0.0a1->fsspec[http]<=2025.3.0,>=2023.1.0->datasets>=2.14.0->-r requirements.txt (line 4)) (1.3.2)
Requirement already satisfied: attrs>=17.3.0 in /scratch-shared/mschaffelder/venv_finetune_1/lib/python3.12/site-packages (from aiohttp!=4.0.0a0,!=4.0.0a1->fsspec[http]<=2025.3.0,>=2023.1.0->datasets>=2.14.0->-r requirements.txt (line 4)) (25.3.0)
Requirement already satisfied: frozenlist>=1.1.1 in /scratch-shared/mschaffelder/venv_finetune_1/lib/python3.12/site-packages (from aiohttp!=4.0.0a0,!=4.0.0a1->fsspec[http]<=2025.3.0,>=2023.1.0->datasets>=2.14.0->-r requirements.txt (line 4)) (1.6.0)
Requirement already satisfied: multidict<7.0,>=4.5 in /scratch-shared/mschaffelder/venv_finetune_1/lib/python3.12/site-packages (from aiohttp!=4.0.0a0,!=4.0.0a1->fsspec[http]<=2025.3.0,>=2023.1.0->datasets>=2.14.0->-r requirements.txt (line 4)) (6.4.4)
Requirement already satisfied: propcache>=0.2.0 in /scratch-shared/mschaffelder/venv_finetune_1/lib/python3.12/site-packages (from aiohttp!=4.0.0a0,!=4.0.0a1->fsspec[http]<=2025.3.0,>=2023.1.0->datasets>=2.14.0->-r requirements.txt (line 4)) (0.3.1)
Requirement already satisfied: yarl<2.0,>=1.17.0 in /scratch-shared/mschaffelder/venv_finetune_1/lib/python3.12/site-packages (from aiohttp!=4.0.0a0,!=4.0.0a1->fsspec[http]<=2025.3.0,>=2023.1.0->datasets>=2.14.0->-r requirements.txt (line 4)) (1.20.0)

[notice] A new release of pip is available: 24.0 -> 25.1.1
[notice] To update, run: pip install --upgrade pip
CUDA_VISIBLE_DEVICES: 0,1,2,3
Available GPUs: GPU 0: NVIDIA H100 (UUID: GPU-d0f39c7c-76e7-2c25-1053-5e7fab11b8e0)
GPU 1: NVIDIA H100 (UUID: GPU-a9285a8e-271c-001d-9f16-41e03a54f26c)
GPU 2: NVIDIA H100 (UUID: GPU-ed52b69f-a713-cb5d-3dc6-73dc7855f8f4)
GPU 3: NVIDIA H100 (UUID: GPU-a68b98b7-771a-fbab-1306-dec17535e1ad)
The token has not been saved to the git credentials helper. Pass `add_to_git_credential=True` in this function directly or `--add-to-git-credential` if using via `huggingface-cli` if you want to set the git credential as well.
Token is valid (permission: fineGrained).
The token `MaxBook Air` has been saved to /home/mschaffelder/.cache/huggingface/stored_tokens
Your token has been saved to /home/mschaffelder/.cache/huggingface/token
Login successful.
The current active token is: `MaxBook Air`
importing libraries
importing libraries
importing libraries
importing libraries
done importing libraries
done importing librariesAttempting to load tokenizer from local path: /scratch-shared/mschaffelder/hf_cache/meta-llama_Llama-3.1-70B-Instruct
done importing libraries
done importing librariesAttempting to load tokenizer from local path: /scratch-shared/mschaffelder/hf_cache/meta-llama_Llama-3.1-70B-Instruct


Attempting to load tokenizer from local path: /scratch-shared/mschaffelder/hf_cache/meta-llama_Llama-3.1-70B-InstructAttempting to load tokenizer from local path: /scratch-shared/mschaffelder/hf_cache/meta-llama_Llama-3.1-70B-Instruct

Attempting to load model from local path: /scratch-shared/mschaffelder/hf_cache/meta-llama_Llama-3.1-70B-Instruct
Attempting to load model from local path: /scratch-shared/mschaffelder/hf_cache/meta-llama_Llama-3.1-70B-Instruct
Attempting to load model from local path: /scratch-shared/mschaffelder/hf_cache/meta-llama_Llama-3.1-70B-Instruct
Attempting to load model from local path: /scratch-shared/mschaffelder/hf_cache/meta-llama_Llama-3.1-70B-Instruct
Loading checkpoint shards:   0%|          | 0/30 [00:00<?, ?it/s]Loading checkpoint shards:   0%|          | 0/30 [00:00<?, ?it/s]Loading checkpoint shards:   0%|          | 0/30 [00:00<?, ?it/s]Loading checkpoint shards:   0%|          | 0/30 [00:00<?, ?it/s]Traceback (most recent call last):
  File "/gpfs/scratch1/shared/mschaffelder/code/finetuning/finetuning_70b.py", line 47, in <module>
    model = AutoModelForCausalLM.from_pretrained(
            ^^^^^^^^^^^^^^^^^^^^^^^^^^^^^^^^^^^^^
  File "/scratch-shared/mschaffelder/venv_finetune_1/lib/python3.12/site-packages/transformers/models/auto/auto_factory.py", line 571, in from_pretrained
    return model_class.from_pretrained(
           ^^^^^^^^^^^^^^^^^^^^^^^^^^^^
  File "/scratch-shared/mschaffelder/venv_finetune_1/lib/python3.12/site-packages/transformers/modeling_utils.py", line 309, in _wrapper
    return func(*args, **kwargs)
           ^^^^^^^^^^^^^^^^^^^^^
  File "/scratch-shared/mschaffelder/venv_finetune_1/lib/python3.12/site-packages/transformers/modeling_utils.py", line 4573, in from_pretrained
    ) = cls._load_pretrained_model(
        ^^^^^^^^^^^^^^^^^^^^^^^^^^^
  File "/scratch-shared/mschaffelder/venv_finetune_1/lib/python3.12/site-packages/transformers/modeling_utils.py", line 4990, in _load_pretrained_model
    caching_allocator_warmup(model_to_load, expanded_device_map, hf_quantizer)
  File "/scratch-shared/mschaffelder/venv_finetune_1/lib/python3.12/site-packages/transformers/modeling_utils.py", line 6063, in caching_allocator_warmup
    _ = torch.empty(byte_count // factor, dtype=torch.float16, device=device, requires_grad=False)
        ^^^^^^^^^^^^^^^^^^^^^^^^^^^^^^^^^^^^^^^^^^^^^^^^^^^^^^^^^^^^^^^^^^^^^^^^^^^^^^^^^^^^^^^^^^
torch.OutOfMemoryError: CUDA out of memory. Tried to allocate 44.93 GiB. GPU 0 has a total capacity of 93.11 GiB of which 27.04 GiB is free. Process 3360650 has 13.90 GiB memory in use. Process 3360649 has 29.12 GiB memory in use. Process 3360652 has 22.15 GiB memory in use. Including non-PyTorch memory, this process has 518.00 MiB memory in use. Of the allocated memory 0 bytes is allocated by PyTorch, and 0 bytes is reserved by PyTorch but unallocated. If reserved but unallocated memory is large try setting PYTORCH_CUDA_ALLOC_CONF=expandable_segments:True to avoid fragmentation.  See documentation for Memory Management  (https://pytorch.org/docs/stable/notes/cuda.html#environment-variables)
Traceback (most recent call last):
  File "/gpfs/scratch1/shared/mschaffelder/code/finetuning/finetuning_70b.py", line 47, in <module>
    model = AutoModelForCausalLM.from_pretrained(
            ^^^^^^^^^^^^^^^^^^^^^^^^^^^^^^^^^^^^^
  File "/scratch-shared/mschaffelder/venv_finetune_1/lib/python3.12/site-packages/transformers/models/auto/auto_factory.py", line 571, in from_pretrained
    return model_class.from_pretrained(
           ^^^^^^^^^^^^^^^^^^^^^^^^^^^^
  File "/scratch-shared/mschaffelder/venv_finetune_1/lib/python3.12/site-packages/transformers/modeling_utils.py", line 309, in _wrapper
    return func(*args, **kwargs)
           ^^^^^^^^^^^^^^^^^^^^^
  File "/scratch-shared/mschaffelder/venv_finetune_1/lib/python3.12/site-packages/transformers/modeling_utils.py", line 4573, in from_pretrained
    ) = cls._load_pretrained_model(
        ^^^^^^^^^^^^^^^^^^^^^^^^^^^
  File "/scratch-shared/mschaffelder/venv_finetune_1/lib/python3.12/site-packages/transformers/modeling_utils.py", line 4990, in _load_pretrained_model
    caching_allocator_warmup(model_to_load, expanded_device_map, hf_quantizer)
  File "/scratch-shared/mschaffelder/venv_finetune_1/lib/python3.12/site-packages/transformers/modeling_utils.py", line 6063, in caching_allocator_warmup
    _ = torch.empty(byte_count // factor, dtype=torch.float16, device=device, requires_grad=False)
        ^^^^^^^^^^^^^^^^^^^^^^^^^^^^^^^^^^^^^^^^^^^^^^^^^^^^^^^^^^^^^^^^^^^^^^^^^^^^^^^^^^^^^^^^^^
torch.OutOfMemoryError: CUDA out of memory. Tried to allocate 44.29 GiB. GPU 0 has a total capacity of 93.11 GiB of which 70.24 GiB is free. Including non-PyTorch memory, this process has 518.00 MiB memory in use. Process 3360649 has 14.57 GiB memory in use. Process 3360652 has 6.85 GiB memory in use. Process 3360651 has 518.00 MiB memory in use. Of the allocated memory 0 bytes is allocated by PyTorch, and 0 bytes is reserved by PyTorch but unallocated. If reserved but unallocated memory is large try setting PYTORCH_CUDA_ALLOC_CONF=expandable_segments:True to avoid fragmentation.  See documentation for Memory Management  (https://pytorch.org/docs/stable/notes/cuda.html#environment-variables)
Traceback (most recent call last):
  File "/gpfs/scratch1/shared/mschaffelder/code/finetuning/finetuning_70b.py", line 47, in <module>
    model = AutoModelForCausalLM.from_pretrained(
            ^^^^^^^^^^^^^^^^^^^^^^^^^^^^^^^^^^^^^
  File "/scratch-shared/mschaffelder/venv_finetune_1/lib/python3.12/site-packages/transformers/models/auto/auto_factory.py", line 571, in from_pretrained
    return model_class.from_pretrained(
           ^^^^^^^^^^^^^^^^^^^^^^^^^^^^
  File "/scratch-shared/mschaffelder/venv_finetune_1/lib/python3.12/site-packages/transformers/modeling_utils.py", line 309, in _wrapper
    return func(*args, **kwargs)
           ^^^^^^^^^^^^^^^^^^^^^
  File "/scratch-shared/mschaffelder/venv_finetune_1/lib/python3.12/site-packages/transformers/modeling_utils.py", line 4573, in from_pretrained
    ) = cls._load_pretrained_model(
        ^^^^^^^^^^^^^^^^^^^^^^^^^^^
  File "/scratch-shared/mschaffelder/venv_finetune_1/lib/python3.12/site-packages/transformers/modeling_utils.py", line 4990, in _load_pretrained_model
    caching_allocator_warmup(model_to_load, expanded_device_map, hf_quantizer)
  File "/scratch-shared/mschaffelder/venv_finetune_1/lib/python3.12/site-packages/transformers/modeling_utils.py", line 6063, in caching_allocator_warmup
    _ = torch.empty(byte_count // factor, dtype=torch.float16, device=device, requires_grad=False)
        ^^^^^^^^^^^^^^^^^^^^^^^^^^^^^^^^^^^^^^^^^^^^^^^^^^^^^^^^^^^^^^^^^^^^^^^^^^^^^^^^^^^^^^^^^^
torch.OutOfMemoryError: CUDA out of memory. Tried to allocate 44.57 GiB. GPU 0 has a total capacity of 93.11 GiB of which 83.33 GiB is free. Process 3360650 has 518.00 MiB memory in use. Process 3360649 has 7.97 GiB memory in use. Including non-PyTorch memory, this process has 518.00 MiB memory in use. Process 3360651 has 518.00 MiB memory in use. Of the allocated memory 0 bytes is allocated by PyTorch, and 0 bytes is reserved by PyTorch but unallocated. If reserved but unallocated memory is large try setting PYTORCH_CUDA_ALLOC_CONF=expandable_segments:True to avoid fragmentation.  See documentation for Memory Management  (https://pytorch.org/docs/stable/notes/cuda.html#environment-variables)
Traceback (most recent call last):
  File "/gpfs/scratch1/shared/mschaffelder/code/finetuning/finetuning_70b.py", line 47, in <module>
    model = AutoModelForCausalLM.from_pretrained(
            ^^^^^^^^^^^^^^^^^^^^^^^^^^^^^^^^^^^^^
  File "/scratch-shared/mschaffelder/venv_finetune_1/lib/python3.12/site-packages/transformers/models/auto/auto_factory.py", line 571, in from_pretrained
    return model_class.from_pretrained(
           ^^^^^^^^^^^^^^^^^^^^^^^^^^^^
  File "/scratch-shared/mschaffelder/venv_finetune_1/lib/python3.12/site-packages/transformers/modeling_utils.py", line 309, in _wrapper
    return func(*args, **kwargs)
           ^^^^^^^^^^^^^^^^^^^^^
  File "/scratch-shared/mschaffelder/venv_finetune_1/lib/python3.12/site-packages/transformers/modeling_utils.py", line 4573, in from_pretrained
    ) = cls._load_pretrained_model(
        ^^^^^^^^^^^^^^^^^^^^^^^^^^^
  File "/scratch-shared/mschaffelder/venv_finetune_1/lib/python3.12/site-packages/transformers/modeling_utils.py", line 4990, in _load_pretrained_model
    caching_allocator_warmup(model_to_load, expanded_device_map, hf_quantizer)
  File "/scratch-shared/mschaffelder/venv_finetune_1/lib/python3.12/site-packages/transformers/modeling_utils.py", line 6063, in caching_allocator_warmup
    _ = torch.empty(byte_count // factor, dtype=torch.float16, device=device, requires_grad=False)
        ^^^^^^^^^^^^^^^^^^^^^^^^^^^^^^^^^^^^^^^^^^^^^^^^^^^^^^^^^^^^^^^^^^^^^^^^^^^^^^^^^^^^^^^^^^
torch.OutOfMemoryError: CUDA out of memory. Tried to allocate 44.32 GiB. GPU 0 has a total capacity of 93.11 GiB of which 91.06 GiB is free. Process 3360650 has 518.00 MiB memory in use. Including non-PyTorch memory, this process has 518.00 MiB memory in use. Process 3360652 has 518.00 MiB memory in use. Process 3360651 has 518.00 MiB memory in use. Of the allocated memory 0 bytes is allocated by PyTorch, and 0 bytes is reserved by PyTorch but unallocated. If reserved but unallocated memory is large try setting PYTORCH_CUDA_ALLOC_CONF=expandable_segments:True to avoid fragmentation.  See documentation for Memory Management  (https://pytorch.org/docs/stable/notes/cuda.html#environment-variables)
Loading checkpoint shards:   0%|          | 0/30 [00:01<?, ?it/s]
Loading checkpoint shards:   0%|          | 0/30 [00:01<?, ?it/s]
Loading checkpoint shards:   0%|          | 0/30 [00:01<?, ?it/s]
Loading checkpoint shards:   0%|          | 0/30 [00:01<?, ?it/s]
W0524 18:34:02.743000 3360519 /gpfs/scratch1/shared/mschaffelder/venv_finetune_1/lib/python3.12/site-packages/torch/distributed/elastic/multiprocessing/api.py:900] Sending process 3360649 closing signal SIGTERM
W0524 18:34:02.745000 3360519 /gpfs/scratch1/shared/mschaffelder/venv_finetune_1/lib/python3.12/site-packages/torch/distributed/elastic/multiprocessing/api.py:900] Sending process 3360650 closing signal SIGTERM
W0524 18:34:02.746000 3360519 /gpfs/scratch1/shared/mschaffelder/venv_finetune_1/lib/python3.12/site-packages/torch/distributed/elastic/multiprocessing/api.py:900] Sending process 3360652 closing signal SIGTERM
E0524 18:34:03.174000 3360519 /gpfs/scratch1/shared/mschaffelder/venv_finetune_1/lib/python3.12/site-packages/torch/distributed/elastic/multiprocessing/api.py:874] failed (exitcode: 1) local_rank: 2 (pid: 3360651) of binary: /scratch-shared/mschaffelder/venv_finetune_1/bin/python
Traceback (most recent call last):
  File "/scratch-shared/mschaffelder/venv_finetune_1/bin/torchrun", line 8, in <module>
    sys.exit(main())
             ^^^^^^
  File "/scratch-shared/mschaffelder/venv_finetune_1/lib/python3.12/site-packages/torch/distributed/elastic/multiprocessing/errors/__init__.py", line 355, in wrapper
    return f(*args, **kwargs)
           ^^^^^^^^^^^^^^^^^^
  File "/scratch-shared/mschaffelder/venv_finetune_1/lib/python3.12/site-packages/torch/distributed/run.py", line 892, in main
    run(args)
  File "/scratch-shared/mschaffelder/venv_finetune_1/lib/python3.12/site-packages/torch/distributed/run.py", line 883, in run
    elastic_launch(
  File "/scratch-shared/mschaffelder/venv_finetune_1/lib/python3.12/site-packages/torch/distributed/launcher/api.py", line 139, in __call__
    return launch_agent(self._config, self._entrypoint, list(args))
           ^^^^^^^^^^^^^^^^^^^^^^^^^^^^^^^^^^^^^^^^^^^^^^^^^^^^^^^^
  File "/scratch-shared/mschaffelder/venv_finetune_1/lib/python3.12/site-packages/torch/distributed/launcher/api.py", line 270, in launch_agent
    raise ChildFailedError(
torch.distributed.elastic.multiprocessing.errors.ChildFailedError: 
============================================================
finetuning_70b.py FAILED
------------------------------------------------------------
Failures:
  <NO_OTHER_FAILURES>
------------------------------------------------------------
Root Cause (first observed failure):
[0]:
  time      : 2025-05-24_18:34:02
  host      : gcn125.local.snellius.surf.nl
  rank      : 2 (local_rank: 2)
  exitcode  : 1 (pid: 3360651)
  error_file: <N/A>
  traceback : To enable traceback see: https://pytorch.org/docs/stable/elastic/errors.html
============================================================

JOB STATISTICS
==============
Job ID: 12013797
Cluster: snellius
User/Group: mschaffelder/mschaffelder
State: FAILED (exit code 1)
Nodes: 1
Cores per node: 64
CPU Utilized: 00:00:48
CPU Efficiency: 0.18% of 07:36:32 core-walltime
Job Wall-clock time: 00:07:08
Memory Utilized: 1.52 GB
Memory Efficiency: 3.05% of 50.00 GB (50.00 GB/node)
