Requirement already satisfied: torch in /gpfs/scratch1/shared/mschaffelder/.venv/lib64/python3.11/site-packages (from -r requirements.txt (line 1)) (2.6.0)
Collecting peft>=0.5.0 (from -r requirements.txt (line 2))
  Downloading peft-0.15.2-py3-none-any.whl.metadata (13 kB)
Requirement already satisfied: transformers>=4.33.0 in /gpfs/scratch1/shared/mschaffelder/.venv/lib64/python3.11/site-packages (from -r requirements.txt (line 3)) (4.51.3)
Collecting datasets>=2.14.0 (from -r requirements.txt (line 4))
  Downloading datasets-3.5.1-py3-none-any.whl.metadata (19 kB)
Requirement already satisfied: filelock in /gpfs/scratch1/shared/mschaffelder/.venv/lib64/python3.11/site-packages (from torch->-r requirements.txt (line 1)) (3.18.0)
Requirement already satisfied: typing-extensions>=4.10.0 in /gpfs/scratch1/shared/mschaffelder/.venv/lib64/python3.11/site-packages (from torch->-r requirements.txt (line 1)) (4.13.2)
Requirement already satisfied: networkx in /gpfs/scratch1/shared/mschaffelder/.venv/lib64/python3.11/site-packages (from torch->-r requirements.txt (line 1)) (3.4.2)
Requirement already satisfied: jinja2 in /gpfs/scratch1/shared/mschaffelder/.venv/lib64/python3.11/site-packages (from torch->-r requirements.txt (line 1)) (3.1.6)
Requirement already satisfied: fsspec in /gpfs/scratch1/shared/mschaffelder/.venv/lib64/python3.11/site-packages (from torch->-r requirements.txt (line 1)) (2025.3.2)
Requirement already satisfied: nvidia-cuda-nvrtc-cu12==12.4.127 in /gpfs/scratch1/shared/mschaffelder/.venv/lib64/python3.11/site-packages (from torch->-r requirements.txt (line 1)) (12.4.127)
Requirement already satisfied: nvidia-cuda-runtime-cu12==12.4.127 in /gpfs/scratch1/shared/mschaffelder/.venv/lib64/python3.11/site-packages (from torch->-r requirements.txt (line 1)) (12.4.127)
Requirement already satisfied: nvidia-cuda-cupti-cu12==12.4.127 in /gpfs/scratch1/shared/mschaffelder/.venv/lib64/python3.11/site-packages (from torch->-r requirements.txt (line 1)) (12.4.127)
Requirement already satisfied: nvidia-cudnn-cu12==9.1.0.70 in /gpfs/scratch1/shared/mschaffelder/.venv/lib64/python3.11/site-packages (from torch->-r requirements.txt (line 1)) (9.1.0.70)
Requirement already satisfied: nvidia-cublas-cu12==12.4.5.8 in /gpfs/scratch1/shared/mschaffelder/.venv/lib64/python3.11/site-packages (from torch->-r requirements.txt (line 1)) (12.4.5.8)
Requirement already satisfied: nvidia-cufft-cu12==11.2.1.3 in /gpfs/scratch1/shared/mschaffelder/.venv/lib64/python3.11/site-packages (from torch->-r requirements.txt (line 1)) (11.2.1.3)
Requirement already satisfied: nvidia-curand-cu12==10.3.5.147 in /gpfs/scratch1/shared/mschaffelder/.venv/lib64/python3.11/site-packages (from torch->-r requirements.txt (line 1)) (10.3.5.147)
Requirement already satisfied: nvidia-cusolver-cu12==11.6.1.9 in /gpfs/scratch1/shared/mschaffelder/.venv/lib64/python3.11/site-packages (from torch->-r requirements.txt (line 1)) (11.6.1.9)
Requirement already satisfied: nvidia-cusparse-cu12==12.3.1.170 in /gpfs/scratch1/shared/mschaffelder/.venv/lib64/python3.11/site-packages (from torch->-r requirements.txt (line 1)) (12.3.1.170)
Requirement already satisfied: nvidia-cusparselt-cu12==0.6.2 in /gpfs/scratch1/shared/mschaffelder/.venv/lib64/python3.11/site-packages (from torch->-r requirements.txt (line 1)) (0.6.2)
Requirement already satisfied: nvidia-nccl-cu12==2.21.5 in /gpfs/scratch1/shared/mschaffelder/.venv/lib64/python3.11/site-packages (from torch->-r requirements.txt (line 1)) (2.21.5)
Requirement already satisfied: nvidia-nvtx-cu12==12.4.127 in /gpfs/scratch1/shared/mschaffelder/.venv/lib64/python3.11/site-packages (from torch->-r requirements.txt (line 1)) (12.4.127)
Requirement already satisfied: nvidia-nvjitlink-cu12==12.4.127 in /gpfs/scratch1/shared/mschaffelder/.venv/lib64/python3.11/site-packages (from torch->-r requirements.txt (line 1)) (12.4.127)
Requirement already satisfied: triton==3.2.0 in /gpfs/scratch1/shared/mschaffelder/.venv/lib64/python3.11/site-packages (from torch->-r requirements.txt (line 1)) (3.2.0)
Requirement already satisfied: sympy==1.13.1 in /gpfs/scratch1/shared/mschaffelder/.venv/lib64/python3.11/site-packages (from torch->-r requirements.txt (line 1)) (1.13.1)
Requirement already satisfied: mpmath<1.4,>=1.1.0 in /gpfs/scratch1/shared/mschaffelder/.venv/lib64/python3.11/site-packages (from sympy==1.13.1->torch->-r requirements.txt (line 1)) (1.3.0)
Requirement already satisfied: numpy>=1.17 in /gpfs/scratch1/shared/mschaffelder/.venv/lib64/python3.11/site-packages (from peft>=0.5.0->-r requirements.txt (line 2)) (2.2.5)
Requirement already satisfied: packaging>=20.0 in /gpfs/scratch1/shared/mschaffelder/.venv/lib64/python3.11/site-packages (from peft>=0.5.0->-r requirements.txt (line 2)) (25.0)
Requirement already satisfied: psutil in /gpfs/scratch1/shared/mschaffelder/.venv/lib64/python3.11/site-packages (from peft>=0.5.0->-r requirements.txt (line 2)) (7.0.0)
Requirement already satisfied: pyyaml in /gpfs/scratch1/shared/mschaffelder/.venv/lib64/python3.11/site-packages (from peft>=0.5.0->-r requirements.txt (line 2)) (6.0.2)
Requirement already satisfied: tqdm in /gpfs/scratch1/shared/mschaffelder/.venv/lib64/python3.11/site-packages (from peft>=0.5.0->-r requirements.txt (line 2)) (4.67.1)
Requirement already satisfied: accelerate>=0.21.0 in /gpfs/scratch1/shared/mschaffelder/.venv/lib64/python3.11/site-packages (from peft>=0.5.0->-r requirements.txt (line 2)) (1.6.0)
Requirement already satisfied: safetensors in /gpfs/scratch1/shared/mschaffelder/.venv/lib64/python3.11/site-packages (from peft>=0.5.0->-r requirements.txt (line 2)) (0.5.3)
Requirement already satisfied: huggingface_hub>=0.25.0 in /gpfs/scratch1/shared/mschaffelder/.venv/lib64/python3.11/site-packages (from peft>=0.5.0->-r requirements.txt (line 2)) (0.30.2)
Requirement already satisfied: regex!=2019.12.17 in /gpfs/scratch1/shared/mschaffelder/.venv/lib64/python3.11/site-packages (from transformers>=4.33.0->-r requirements.txt (line 3)) (2024.11.6)
Requirement already satisfied: requests in /gpfs/scratch1/shared/mschaffelder/.venv/lib64/python3.11/site-packages (from transformers>=4.33.0->-r requirements.txt (line 3)) (2.32.3)
Requirement already satisfied: tokenizers<0.22,>=0.21 in /gpfs/scratch1/shared/mschaffelder/.venv/lib64/python3.11/site-packages (from transformers>=4.33.0->-r requirements.txt (line 3)) (0.21.1)
Collecting pyarrow>=15.0.0 (from datasets>=2.14.0->-r requirements.txt (line 4))
  Downloading pyarrow-20.0.0-cp311-cp311-manylinux_2_28_x86_64.whl.metadata (3.3 kB)
Collecting dill<0.3.9,>=0.3.0 (from datasets>=2.14.0->-r requirements.txt (line 4))
  Downloading dill-0.3.8-py3-none-any.whl.metadata (10 kB)
Requirement already satisfied: pandas in /gpfs/scratch1/shared/mschaffelder/.venv/lib64/python3.11/site-packages (from datasets>=2.14.0->-r requirements.txt (line 4)) (2.2.3)
Collecting xxhash (from datasets>=2.14.0->-r requirements.txt (line 4))
  Downloading xxhash-3.5.0-cp311-cp311-manylinux_2_17_x86_64.manylinux2014_x86_64.whl.metadata (12 kB)
Collecting multiprocess<0.70.17 (from datasets>=2.14.0->-r requirements.txt (line 4))
  Downloading multiprocess-0.70.16-py311-none-any.whl.metadata (7.2 kB)
Collecting fsspec (from torch->-r requirements.txt (line 1))
  Downloading fsspec-2025.3.0-py3-none-any.whl.metadata (11 kB)
Collecting aiohttp (from datasets>=2.14.0->-r requirements.txt (line 4))
  Downloading aiohttp-3.11.18-cp311-cp311-manylinux_2_17_x86_64.manylinux2014_x86_64.whl.metadata (7.7 kB)
Collecting aiohappyeyeballs>=2.3.0 (from aiohttp->datasets>=2.14.0->-r requirements.txt (line 4))
  Downloading aiohappyeyeballs-2.6.1-py3-none-any.whl.metadata (5.9 kB)
Collecting aiosignal>=1.1.2 (from aiohttp->datasets>=2.14.0->-r requirements.txt (line 4))
  Downloading aiosignal-1.3.2-py2.py3-none-any.whl.metadata (3.8 kB)
Requirement already satisfied: attrs>=17.3.0 in /gpfs/scratch1/shared/mschaffelder/.venv/lib64/python3.11/site-packages (from aiohttp->datasets>=2.14.0->-r requirements.txt (line 4)) (25.3.0)
Collecting frozenlist>=1.1.1 (from aiohttp->datasets>=2.14.0->-r requirements.txt (line 4))
  Downloading frozenlist-1.6.0-cp311-cp311-manylinux_2_5_x86_64.manylinux1_x86_64.manylinux_2_17_x86_64.manylinux2014_x86_64.whl.metadata (16 kB)
Collecting multidict<7.0,>=4.5 (from aiohttp->datasets>=2.14.0->-r requirements.txt (line 4))
  Downloading multidict-6.4.3-cp311-cp311-manylinux_2_17_x86_64.manylinux2014_x86_64.whl.metadata (5.3 kB)
Collecting propcache>=0.2.0 (from aiohttp->datasets>=2.14.0->-r requirements.txt (line 4))
  Downloading propcache-0.3.1-cp311-cp311-manylinux_2_17_x86_64.manylinux2014_x86_64.whl.metadata (10 kB)
Collecting yarl<2.0,>=1.17.0 (from aiohttp->datasets>=2.14.0->-r requirements.txt (line 4))
  Downloading yarl-1.20.0-cp311-cp311-manylinux_2_17_x86_64.manylinux2014_x86_64.whl.metadata (72 kB)
Requirement already satisfied: idna>=2.0 in /gpfs/scratch1/shared/mschaffelder/.venv/lib64/python3.11/site-packages (from yarl<2.0,>=1.17.0->aiohttp->datasets>=2.14.0->-r requirements.txt (line 4)) (3.10)
Requirement already satisfied: charset-normalizer<4,>=2 in /gpfs/scratch1/shared/mschaffelder/.venv/lib64/python3.11/site-packages (from requests->transformers>=4.33.0->-r requirements.txt (line 3)) (3.4.1)
Requirement already satisfied: urllib3<3,>=1.21.1 in /gpfs/scratch1/shared/mschaffelder/.venv/lib64/python3.11/site-packages (from requests->transformers>=4.33.0->-r requirements.txt (line 3)) (2.4.0)
Requirement already satisfied: certifi>=2017.4.17 in /gpfs/scratch1/shared/mschaffelder/.venv/lib64/python3.11/site-packages (from requests->transformers>=4.33.0->-r requirements.txt (line 3)) (2025.1.31)
Requirement already satisfied: MarkupSafe>=2.0 in /gpfs/scratch1/shared/mschaffelder/.venv/lib64/python3.11/site-packages (from jinja2->torch->-r requirements.txt (line 1)) (3.0.2)
Requirement already satisfied: python-dateutil>=2.8.2 in /gpfs/scratch1/shared/mschaffelder/.venv/lib64/python3.11/site-packages (from pandas->datasets>=2.14.0->-r requirements.txt (line 4)) (2.9.0.post0)
Requirement already satisfied: pytz>=2020.1 in /gpfs/scratch1/shared/mschaffelder/.venv/lib64/python3.11/site-packages (from pandas->datasets>=2.14.0->-r requirements.txt (line 4)) (2025.2)
Requirement already satisfied: tzdata>=2022.7 in /gpfs/scratch1/shared/mschaffelder/.venv/lib64/python3.11/site-packages (from pandas->datasets>=2.14.0->-r requirements.txt (line 4)) (2025.2)
Requirement already satisfied: six>=1.5 in /gpfs/scratch1/shared/mschaffelder/.venv/lib64/python3.11/site-packages (from python-dateutil>=2.8.2->pandas->datasets>=2.14.0->-r requirements.txt (line 4)) (1.17.0)
Downloading peft-0.15.2-py3-none-any.whl (411 kB)
Downloading datasets-3.5.1-py3-none-any.whl (491 kB)
Downloading dill-0.3.8-py3-none-any.whl (116 kB)
Downloading fsspec-2025.3.0-py3-none-any.whl (193 kB)
Downloading multiprocess-0.70.16-py311-none-any.whl (143 kB)
Downloading aiohttp-3.11.18-cp311-cp311-manylinux_2_17_x86_64.manylinux2014_x86_64.whl (1.7 MB)
   ━━━━━━━━━━━━━━━━━━━━━━━━━━━━━━━━━━━━━━━━ 1.7/1.7 MB 68.4 MB/s eta 0:00:00
Downloading multidict-6.4.3-cp311-cp311-manylinux_2_17_x86_64.manylinux2014_x86_64.whl (223 kB)
Downloading yarl-1.20.0-cp311-cp311-manylinux_2_17_x86_64.manylinux2014_x86_64.whl (358 kB)
Downloading aiohappyeyeballs-2.6.1-py3-none-any.whl (15 kB)
Downloading aiosignal-1.3.2-py2.py3-none-any.whl (7.6 kB)
Downloading frozenlist-1.6.0-cp311-cp311-manylinux_2_5_x86_64.manylinux1_x86_64.manylinux_2_17_x86_64.manylinux2014_x86_64.whl (313 kB)
Downloading propcache-0.3.1-cp311-cp311-manylinux_2_17_x86_64.manylinux2014_x86_64.whl (232 kB)
Downloading pyarrow-20.0.0-cp311-cp311-manylinux_2_28_x86_64.whl (42.3 MB)
   ━━━━━━━━━━━━━━━━━━━━━━━━━━━━━━━━━━━━━━━━ 42.3/42.3 MB 69.4 MB/s eta 0:00:00
Downloading xxhash-3.5.0-cp311-cp311-manylinux_2_17_x86_64.manylinux2014_x86_64.whl (194 kB)
Installing collected packages: xxhash, pyarrow, propcache, multidict, fsspec, frozenlist, dill, aiohappyeyeballs, yarl, multiprocess, aiosignal, aiohttp, peft, datasets
  Attempting uninstall: fsspec
    Found existing installation: fsspec 2025.3.2
    Uninstalling fsspec-2025.3.2:
      Successfully uninstalled fsspec-2025.3.2

Successfully installed aiohappyeyeballs-2.6.1 aiohttp-3.11.18 aiosignal-1.3.2 datasets-3.5.1 dill-0.3.8 frozenlist-1.6.0 fsspec-2025.3.0 multidict-6.4.3 multiprocess-0.70.16 peft-0.15.2 propcache-0.3.1 pyarrow-20.0.0 xxhash-3.5.0 yarl-1.20.0

[notice] A new release of pip is available: 25.1 -> 25.1.1
[notice] To update, run: pip install --upgrade pip
CUDA_VISIBLE_DEVICES: 0
Available GPUs: GPU 0: NVIDIA H100 (UUID: GPU-736320b8-7a31-9f31-2dae-4c6e35369028)
Traceback (most recent call last):
  File "/gpfs/scratch1/shared/mschaffelder/code/finetuning/finetuning_local.py", line 4, in <module>
    from peft import LoraConfig, get_peft_model, prepare_model_for_int8_training
ImportError: cannot import name 'prepare_model_for_int8_training' from 'peft' (/gpfs/scratch1/shared/mschaffelder/.venv/lib64/python3.11/site-packages/peft/__init__.py)

JOB STATISTICS
==============
Job ID: 11549165
Cluster: snellius
User/Group: mschaffelder/mschaffelder
State: FAILED (exit code 1)
Nodes: 1
Cores per node: 16
CPU Utilized: 00:00:11
CPU Efficiency: 0.39% of 00:46:40 core-walltime
Job Wall-clock time: 00:02:55
Memory Utilized: 474.68 MB
Memory Efficiency: 0.52% of 90.00 GB (90.00 GB/node)
