No CUDA module loaded
No Python module loaded
ipex flag is deprecated, will be removed in Accelerate v1.10. From 2.7.0, PyTorch has all needed optimizations for Intel CPU and XPU.
/scratch-shared/mschaffelder/venv_finetune_llama_8b/lib64/python3.9/site-packages/networkx/utils/backends.py:135: RuntimeWarning: networkx backend defined more than once: nx-loopback
  backends.update(_get_backends("networkx.backends"))
/scratch-shared/mschaffelder/venv_finetune_llama_8b/lib64/python3.9/site-packages/networkx/utils/backends.py:135: RuntimeWarning: networkx backend defined more than once: nx-loopback
  backends.update(_get_backends("networkx.backends"))
Loading checkpoint shards:   0%|          | 0/4 [00:00<?, ?it/s]Loading checkpoint shards:   0%|          | 0/4 [00:00<?, ?it/s]Loading checkpoint shards:  75%|███████▌  | 3/4 [00:00<00:00, 19.38it/s]Loading checkpoint shards:  75%|███████▌  | 3/4 [00:00<00:00, 19.38it/s]Loading checkpoint shards: 100%|██████████| 4/4 [00:00<00:00, 24.63it/s]Loading checkpoint shards: 100%|██████████| 4/4 [00:00<00:00, 24.63it/s]

trainable params: 41,943,040 || all params: 8,072,204,288 || trainable%: 0.5196
Traceback (most recent call last):
  File "/gpfs/scratch1/shared/mschaffelder/code/finetuning/llama_8b/finetuning_8b.py", line 161, in <module>
    main()
  File "/gpfs/scratch1/shared/mschaffelder/code/finetuning/llama_8b/finetuning_8b.py", line 139, in main
    train_dataset, eval_dataset = load_and_preprocess_data(
  File "/gpfs/scratch1/shared/mschaffelder/code/finetuning/llama_8b/finetuning_8b.py", line 53, in load_and_preprocess_data
    raise FileNotFoundError(f"Training file not found: {train_file}")
FileNotFoundError: Training file not found: /scratch-shared/mschaffelder/data/finetuning/synthetic/Small/Other/dolly_train_all_multi.jsonl
trainable params: 41,943,040 || all params: 8,072,204,288 || trainable%: 0.5196
Traceback (most recent call last):
  File "/gpfs/scratch1/shared/mschaffelder/code/finetuning/llama_8b/finetuning_8b.py", line 161, in <module>
    main()
  File "/gpfs/scratch1/shared/mschaffelder/code/finetuning/llama_8b/finetuning_8b.py", line 139, in main
    train_dataset, eval_dataset = load_and_preprocess_data(
  File "/gpfs/scratch1/shared/mschaffelder/code/finetuning/llama_8b/finetuning_8b.py", line 53, in load_and_preprocess_data
    raise FileNotFoundError(f"Training file not found: {train_file}")
FileNotFoundError: Training file not found: /scratch-shared/mschaffelder/data/finetuning/synthetic/Small/Other/dolly_train_all_multi.jsonl
E0619 19:52:26.826814 3598037 /gpfs/scratch1/shared/mschaffelder/venv_finetune_llama_8b/lib/python3.9/site-packages/torch/distributed/elastic/multiprocessing/api.py:874] failed (exitcode: 1) local_rank: 0 (pid: 3604527) of binary: /scratch-shared/mschaffelder/venv_finetune_llama_8b/bin/python
Traceback (most recent call last):
  File "/scratch-shared/mschaffelder/venv_finetune_llama_8b/bin/accelerate", line 8, in <module>
    sys.exit(main())
  File "/scratch-shared/mschaffelder/venv_finetune_llama_8b/lib64/python3.9/site-packages/accelerate/commands/accelerate_cli.py", line 50, in main
    args.func(args)
  File "/scratch-shared/mschaffelder/venv_finetune_llama_8b/lib64/python3.9/site-packages/accelerate/commands/launch.py", line 1190, in launch_command
    multi_gpu_launcher(args)
  File "/scratch-shared/mschaffelder/venv_finetune_llama_8b/lib64/python3.9/site-packages/accelerate/commands/launch.py", line 815, in multi_gpu_launcher
    distrib_run.run(args)
  File "/scratch-shared/mschaffelder/venv_finetune_llama_8b/lib64/python3.9/site-packages/torch/distributed/run.py", line 883, in run
    elastic_launch(
  File "/scratch-shared/mschaffelder/venv_finetune_llama_8b/lib64/python3.9/site-packages/torch/distributed/launcher/api.py", line 139, in __call__
    return launch_agent(self._config, self._entrypoint, list(args))
  File "/scratch-shared/mschaffelder/venv_finetune_llama_8b/lib64/python3.9/site-packages/torch/distributed/launcher/api.py", line 270, in launch_agent
    raise ChildFailedError(
torch.distributed.elastic.multiprocessing.errors.ChildFailedError: 
============================================================
finetuning_8b.py FAILED
------------------------------------------------------------
Failures:
[1]:
  time      : 2025-06-19_19:52:26
  host      : gcn126.local.snellius.surf.nl
  rank      : 1 (local_rank: 1)
  exitcode  : 1 (pid: 3604528)
  error_file: <N/A>
  traceback : To enable traceback see: https://pytorch.org/docs/stable/elastic/errors.html
------------------------------------------------------------
Root Cause (first observed failure):
[0]:
  time      : 2025-06-19_19:52:26
  host      : gcn126.local.snellius.surf.nl
  rank      : 0 (local_rank: 0)
  exitcode  : 1 (pid: 3604527)
  error_file: <N/A>
  traceback : To enable traceback see: https://pytorch.org/docs/stable/elastic/errors.html
============================================================

JOB STATISTICS
==============
Job ID: 12510346
Cluster: snellius
User/Group: mschaffelder/mschaffelder
State: FAILED (exit code 1)
Nodes: 1
Cores per node: 16
CPU Utilized: 00:00:30
CPU Efficiency: 1.36% of 00:36:48 core-walltime
Job Wall-clock time: 00:02:18
Memory Utilized: 902.56 MB
Memory Efficiency: 2.94% of 30.00 GB (30.00 GB/node)
