Collecting flash-attn==2.7.4.post1
  Using cached flash_attn-2.7.4.post1.tar.gz (6.0 MB)
  Preparing metadata (pyproject.toml): started
  Preparing metadata (pyproject.toml): finished with status 'done'
ERROR: Exception:
Traceback (most recent call last):
  File "/gpfs/scratch1/shared/mschaffelder/venv_2/lib/python3.12/site-packages/pip/_internal/cli/base_command.py", line 180, in exc_logging_wrapper
    status = run_func(*args)
             ^^^^^^^^^^^^^^^
  File "/gpfs/scratch1/shared/mschaffelder/venv_2/lib/python3.12/site-packages/pip/_internal/cli/req_command.py", line 245, in wrapper
    return func(self, options, args)
           ^^^^^^^^^^^^^^^^^^^^^^^^^
  File "/gpfs/scratch1/shared/mschaffelder/venv_2/lib/python3.12/site-packages/pip/_internal/commands/install.py", line 377, in run
    requirement_set = resolver.resolve(
                      ^^^^^^^^^^^^^^^^^
  File "/gpfs/scratch1/shared/mschaffelder/venv_2/lib/python3.12/site-packages/pip/_internal/resolution/resolvelib/resolver.py", line 95, in resolve
    result = self._result = resolver.resolve(
                            ^^^^^^^^^^^^^^^^^
  File "/gpfs/scratch1/shared/mschaffelder/venv_2/lib/python3.12/site-packages/pip/_vendor/resolvelib/resolvers.py", line 546, in resolve
    state = resolution.resolve(requirements, max_rounds=max_rounds)
            ^^^^^^^^^^^^^^^^^^^^^^^^^^^^^^^^^^^^^^^^^^^^^^^^^^^^^^^
  File "/gpfs/scratch1/shared/mschaffelder/venv_2/lib/python3.12/site-packages/pip/_vendor/resolvelib/resolvers.py", line 397, in resolve
    self._add_to_criteria(self.state.criteria, r, parent=None)
  File "/gpfs/scratch1/shared/mschaffelder/venv_2/lib/python3.12/site-packages/pip/_vendor/resolvelib/resolvers.py", line 173, in _add_to_criteria
    if not criterion.candidates:
           ^^^^^^^^^^^^^^^^^^^^
  File "/gpfs/scratch1/shared/mschaffelder/venv_2/lib/python3.12/site-packages/pip/_vendor/resolvelib/structs.py", line 156, in __bool__
    return bool(self._sequence)
           ^^^^^^^^^^^^^^^^^^^^
  File "/gpfs/scratch1/shared/mschaffelder/venv_2/lib/python3.12/site-packages/pip/_internal/resolution/resolvelib/found_candidates.py", line 155, in __bool__
    return any(self)
           ^^^^^^^^^
  File "/gpfs/scratch1/shared/mschaffelder/venv_2/lib/python3.12/site-packages/pip/_internal/resolution/resolvelib/found_candidates.py", line 143, in <genexpr>
    return (c for c in iterator if id(c) not in self._incompatible_ids)
           ^^^^^^^^^^^^^^^^^^^^^^^^^^^^^^^^^^^^^^^^^^^^^^^^^^^^^^^^^^^^
  File "/gpfs/scratch1/shared/mschaffelder/venv_2/lib/python3.12/site-packages/pip/_internal/resolution/resolvelib/found_candidates.py", line 47, in _iter_built
    candidate = func()
                ^^^^^^
  File "/gpfs/scratch1/shared/mschaffelder/venv_2/lib/python3.12/site-packages/pip/_internal/resolution/resolvelib/factory.py", line 182, in _make_candidate_from_link
    base: Optional[BaseCandidate] = self._make_base_candidate_from_link(
                                    ^^^^^^^^^^^^^^^^^^^^^^^^^^^^^^^^^^^^
  File "/gpfs/scratch1/shared/mschaffelder/venv_2/lib/python3.12/site-packages/pip/_internal/resolution/resolvelib/factory.py", line 228, in _make_base_candidate_from_link
    self._link_candidate_cache[link] = LinkCandidate(
                                       ^^^^^^^^^^^^^^
  File "/gpfs/scratch1/shared/mschaffelder/venv_2/lib/python3.12/site-packages/pip/_internal/resolution/resolvelib/candidates.py", line 290, in __init__
    super().__init__(
  File "/gpfs/scratch1/shared/mschaffelder/venv_2/lib/python3.12/site-packages/pip/_internal/resolution/resolvelib/candidates.py", line 156, in __init__
    self.dist = self._prepare()
                ^^^^^^^^^^^^^^^
  File "/gpfs/scratch1/shared/mschaffelder/venv_2/lib/python3.12/site-packages/pip/_internal/resolution/resolvelib/candidates.py", line 222, in _prepare
    dist = self._prepare_distribution()
           ^^^^^^^^^^^^^^^^^^^^^^^^^^^^
  File "/gpfs/scratch1/shared/mschaffelder/venv_2/lib/python3.12/site-packages/pip/_internal/resolution/resolvelib/candidates.py", line 301, in _prepare_distribution
    return preparer.prepare_linked_requirement(self._ireq, parallel_builds=True)
           ^^^^^^^^^^^^^^^^^^^^^^^^^^^^^^^^^^^^^^^^^^^^^^^^^^^^^^^^^^^^^^^^^^^^^
  File "/gpfs/scratch1/shared/mschaffelder/venv_2/lib/python3.12/site-packages/pip/_internal/operations/prepare.py", line 525, in prepare_linked_requirement
    return self._prepare_linked_requirement(req, parallel_builds)
           ^^^^^^^^^^^^^^^^^^^^^^^^^^^^^^^^^^^^^^^^^^^^^^^^^^^^^^
  File "/gpfs/scratch1/shared/mschaffelder/venv_2/lib/python3.12/site-packages/pip/_internal/operations/prepare.py", line 640, in _prepare_linked_requirement
    dist = _get_prepared_distribution(
           ^^^^^^^^^^^^^^^^^^^^^^^^^^^
  File "/gpfs/scratch1/shared/mschaffelder/venv_2/lib/python3.12/site-packages/pip/_internal/operations/prepare.py", line 71, in _get_prepared_distribution
    abstract_dist.prepare_distribution_metadata(
  File "/gpfs/scratch1/shared/mschaffelder/venv_2/lib/python3.12/site-packages/pip/_internal/distributions/sdist.py", line 67, in prepare_distribution_metadata
    self.req.prepare_metadata()
  File "/gpfs/scratch1/shared/mschaffelder/venv_2/lib/python3.12/site-packages/pip/_internal/req/req_install.py", line 579, in prepare_metadata
    self.metadata_directory = generate_metadata(
                              ^^^^^^^^^^^^^^^^^^
  File "/gpfs/scratch1/shared/mschaffelder/venv_2/lib/python3.12/site-packages/pip/_internal/operations/build/metadata.py", line 35, in generate_metadata
    distinfo_dir = backend.prepare_metadata_for_build_wheel(metadata_dir)
                   ^^^^^^^^^^^^^^^^^^^^^^^^^^^^^^^^^^^^^^^^^^^^^^^^^^^^^^
  File "/gpfs/scratch1/shared/mschaffelder/venv_2/lib/python3.12/site-packages/pip/_internal/utils/misc.py", line 766, in prepare_metadata_for_build_wheel
    return super().prepare_metadata_for_build_wheel(
           ^^^^^^^^^^^^^^^^^^^^^^^^^^^^^^^^^^^^^^^^^
  File "/gpfs/scratch1/shared/mschaffelder/venv_2/lib/python3.12/site-packages/pip/_vendor/pyproject_hooks/_impl.py", line 186, in prepare_metadata_for_build_wheel
    return self._call_hook('prepare_metadata_for_build_wheel', {
           ^^^^^^^^^^^^^^^^^^^^^^^^^^^^^^^^^^^^^^^^^^^^^^^^^^^^^
  File "/gpfs/scratch1/shared/mschaffelder/venv_2/lib/python3.12/site-packages/pip/_vendor/pyproject_hooks/_impl.py", line 321, in _call_hook
    raise BackendUnavailable(data.get('traceback', ''))
pip._vendor.pyproject_hooks._impl.BackendUnavailable: Traceback (most recent call last):
  File "/gpfs/scratch1/shared/mschaffelder/venv_2/lib/python3.12/site-packages/pip/_vendor/pyproject_hooks/_in_process/_in_process.py", line 77, in _build_backend
    obj = import_module(mod_path)
          ^^^^^^^^^^^^^^^^^^^^^^^
  File "/sw/arch/RHEL9/EB_production/2024/software/Python/3.12.3-GCCcore-13.3.0/lib/python3.12/importlib/__init__.py", line 90, in import_module
    return _bootstrap._gcd_import(name[level:], package, level)
           ^^^^^^^^^^^^^^^^^^^^^^^^^^^^^^^^^^^^^^^^^^^^^^^^^^^^
  File "<frozen importlib._bootstrap>", line 1387, in _gcd_import
  File "<frozen importlib._bootstrap>", line 1360, in _find_and_load
  File "<frozen importlib._bootstrap>", line 1310, in _find_and_load_unlocked
  File "<frozen importlib._bootstrap>", line 488, in _call_with_frames_removed
  File "<frozen importlib._bootstrap>", line 1387, in _gcd_import
  File "<frozen importlib._bootstrap>", line 1360, in _find_and_load
  File "<frozen importlib._bootstrap>", line 1324, in _find_and_load_unlocked
ModuleNotFoundError: No module named 'setuptools'


[notice] A new release of pip is available: 24.0 -> 25.1
[notice] To update, run: pip install --upgrade pip
Traceback (most recent call last):
  File "<string>", line 1, in <module>
ModuleNotFoundError: No module named 'flash_attn'

JOB STATISTICS
==============
Job ID: 11450680
Cluster: snellius
User/Group: mschaffelder/mschaffelder
State: FAILED (exit code 1)
Nodes: 1
Cores per node: 16
CPU Utilized: 00:00:05
CPU Efficiency: 0.47% of 00:17:52 core-walltime
Job Wall-clock time: 00:01:07
Memory Utilized: 53.65 MB
Memory Efficiency: 0.06% of 90.00 GB (90.00 GB/node)
