Collecting torch
  Using cached torch-2.7.0-cp312-cp312-manylinux_2_28_x86_64.whl.metadata (29 kB)
Collecting pytest
  Using cached pytest-8.3.5-py3-none-any.whl.metadata (7.6 kB)
Collecting filelock (from torch)
  Using cached filelock-3.18.0-py3-none-any.whl.metadata (2.9 kB)
Collecting typing-extensions>=4.10.0 (from torch)
  Using cached typing_extensions-4.13.2-py3-none-any.whl.metadata (3.0 kB)
Collecting setuptools (from torch)
  Downloading setuptools-80.0.0-py3-none-any.whl.metadata (6.5 kB)
Collecting sympy>=1.13.3 (from torch)
  Downloading sympy-1.14.0-py3-none-any.whl.metadata (12 kB)
Collecting networkx (from torch)
  Using cached networkx-3.4.2-py3-none-any.whl.metadata (6.3 kB)
Collecting jinja2 (from torch)
  Using cached jinja2-3.1.6-py3-none-any.whl.metadata (2.9 kB)
Collecting fsspec (from torch)
  Using cached fsspec-2025.3.2-py3-none-any.whl.metadata (11 kB)
Collecting nvidia-cuda-nvrtc-cu12==12.6.77 (from torch)
  Using cached nvidia_cuda_nvrtc_cu12-12.6.77-py3-none-manylinux2014_x86_64.whl.metadata (1.5 kB)
Collecting nvidia-cuda-runtime-cu12==12.6.77 (from torch)
  Using cached nvidia_cuda_runtime_cu12-12.6.77-py3-none-manylinux2014_x86_64.manylinux_2_17_x86_64.whl.metadata (1.5 kB)
Collecting nvidia-cuda-cupti-cu12==12.6.80 (from torch)
  Using cached nvidia_cuda_cupti_cu12-12.6.80-py3-none-manylinux2014_x86_64.manylinux_2_17_x86_64.whl.metadata (1.6 kB)
Collecting nvidia-cudnn-cu12==9.5.1.17 (from torch)
  Using cached nvidia_cudnn_cu12-9.5.1.17-py3-none-manylinux_2_28_x86_64.whl.metadata (1.6 kB)
Collecting nvidia-cublas-cu12==12.6.4.1 (from torch)
  Using cached nvidia_cublas_cu12-12.6.4.1-py3-none-manylinux2014_x86_64.manylinux_2_17_x86_64.whl.metadata (1.5 kB)
Collecting nvidia-cufft-cu12==11.3.0.4 (from torch)
  Using cached nvidia_cufft_cu12-11.3.0.4-py3-none-manylinux2014_x86_64.manylinux_2_17_x86_64.whl.metadata (1.5 kB)
Collecting nvidia-curand-cu12==10.3.7.77 (from torch)
  Using cached nvidia_curand_cu12-10.3.7.77-py3-none-manylinux2014_x86_64.manylinux_2_17_x86_64.whl.metadata (1.5 kB)
Collecting nvidia-cusolver-cu12==11.7.1.2 (from torch)
  Using cached nvidia_cusolver_cu12-11.7.1.2-py3-none-manylinux2014_x86_64.manylinux_2_17_x86_64.whl.metadata (1.6 kB)
Collecting nvidia-cusparse-cu12==12.5.4.2 (from torch)
  Using cached nvidia_cusparse_cu12-12.5.4.2-py3-none-manylinux2014_x86_64.manylinux_2_17_x86_64.whl.metadata (1.6 kB)
Collecting nvidia-cusparselt-cu12==0.6.3 (from torch)
  Using cached nvidia_cusparselt_cu12-0.6.3-py3-none-manylinux2014_x86_64.whl.metadata (6.8 kB)
Collecting nvidia-nccl-cu12==2.26.2 (from torch)
  Using cached nvidia_nccl_cu12-2.26.2-py3-none-manylinux2014_x86_64.manylinux_2_17_x86_64.whl.metadata (2.0 kB)
Collecting nvidia-nvtx-cu12==12.6.77 (from torch)
  Using cached nvidia_nvtx_cu12-12.6.77-py3-none-manylinux2014_x86_64.manylinux_2_17_x86_64.whl.metadata (1.6 kB)
Collecting nvidia-nvjitlink-cu12==12.6.85 (from torch)
  Using cached nvidia_nvjitlink_cu12-12.6.85-py3-none-manylinux2010_x86_64.manylinux_2_12_x86_64.whl.metadata (1.5 kB)
Collecting nvidia-cufile-cu12==1.11.1.6 (from torch)
  Using cached nvidia_cufile_cu12-1.11.1.6-py3-none-manylinux2014_x86_64.manylinux_2_17_x86_64.whl.metadata (1.5 kB)
Collecting triton==3.3.0 (from torch)
  Using cached triton-3.3.0-cp312-cp312-manylinux_2_27_x86_64.manylinux_2_28_x86_64.whl.metadata (1.5 kB)
Collecting iniconfig (from pytest)
  Using cached iniconfig-2.1.0-py3-none-any.whl.metadata (2.7 kB)
Collecting packaging (from pytest)
  Using cached packaging-25.0-py3-none-any.whl.metadata (3.3 kB)
Collecting pluggy<2,>=1.5 (from pytest)
  Using cached pluggy-1.5.0-py3-none-any.whl.metadata (4.8 kB)
Collecting mpmath<1.4,>=1.1.0 (from sympy>=1.13.3->torch)
  Using cached mpmath-1.3.0-py3-none-any.whl.metadata (8.6 kB)
Collecting MarkupSafe>=2.0 (from jinja2->torch)
  Using cached MarkupSafe-3.0.2-cp312-cp312-manylinux_2_17_x86_64.manylinux2014_x86_64.whl.metadata (4.0 kB)
Using cached torch-2.7.0-cp312-cp312-manylinux_2_28_x86_64.whl (865.0 MB)
Using cached nvidia_cublas_cu12-12.6.4.1-py3-none-manylinux2014_x86_64.manylinux_2_17_x86_64.whl (393.1 MB)
Using cached nvidia_cuda_cupti_cu12-12.6.80-py3-none-manylinux2014_x86_64.manylinux_2_17_x86_64.whl (8.9 MB)
Using cached nvidia_cuda_nvrtc_cu12-12.6.77-py3-none-manylinux2014_x86_64.whl (23.7 MB)
Using cached nvidia_cuda_runtime_cu12-12.6.77-py3-none-manylinux2014_x86_64.manylinux_2_17_x86_64.whl (897 kB)
Using cached nvidia_cudnn_cu12-9.5.1.17-py3-none-manylinux_2_28_x86_64.whl (571.0 MB)
Using cached nvidia_cufft_cu12-11.3.0.4-py3-none-manylinux2014_x86_64.manylinux_2_17_x86_64.whl (200.2 MB)
Using cached nvidia_cufile_cu12-1.11.1.6-py3-none-manylinux2014_x86_64.manylinux_2_17_x86_64.whl (1.1 MB)
Using cached nvidia_curand_cu12-10.3.7.77-py3-none-manylinux2014_x86_64.manylinux_2_17_x86_64.whl (56.3 MB)
Using cached nvidia_cusolver_cu12-11.7.1.2-py3-none-manylinux2014_x86_64.manylinux_2_17_x86_64.whl (158.2 MB)
Using cached nvidia_cusparse_cu12-12.5.4.2-py3-none-manylinux2014_x86_64.manylinux_2_17_x86_64.whl (216.6 MB)
Using cached nvidia_cusparselt_cu12-0.6.3-py3-none-manylinux2014_x86_64.whl (156.8 MB)
Using cached nvidia_nccl_cu12-2.26.2-py3-none-manylinux2014_x86_64.manylinux_2_17_x86_64.whl (201.3 MB)
Using cached nvidia_nvjitlink_cu12-12.6.85-py3-none-manylinux2010_x86_64.manylinux_2_12_x86_64.whl (19.7 MB)
Using cached nvidia_nvtx_cu12-12.6.77-py3-none-manylinux2014_x86_64.manylinux_2_17_x86_64.whl (89 kB)
Using cached triton-3.3.0-cp312-cp312-manylinux_2_27_x86_64.manylinux_2_28_x86_64.whl (156.5 MB)
Using cached pytest-8.3.5-py3-none-any.whl (343 kB)
Using cached pluggy-1.5.0-py3-none-any.whl (20 kB)
Downloading setuptools-80.0.0-py3-none-any.whl (1.2 MB)
   ━━━━━━━━━━━━━━━━━━━━━━━━━━━━━━━━━━━━━━━━ 1.2/1.2 MB 40.4 MB/s eta 0:00:00
Downloading sympy-1.14.0-py3-none-any.whl (6.3 MB)
   ━━━━━━━━━━━━━━━━━━━━━━━━━━━━━━━━━━━━━━━━ 6.3/6.3 MB 41.3 MB/s eta 0:00:00
Using cached typing_extensions-4.13.2-py3-none-any.whl (45 kB)
Using cached filelock-3.18.0-py3-none-any.whl (16 kB)
Using cached fsspec-2025.3.2-py3-none-any.whl (194 kB)
Using cached iniconfig-2.1.0-py3-none-any.whl (6.0 kB)
Using cached jinja2-3.1.6-py3-none-any.whl (134 kB)
Using cached networkx-3.4.2-py3-none-any.whl (1.7 MB)
Using cached packaging-25.0-py3-none-any.whl (66 kB)
Using cached MarkupSafe-3.0.2-cp312-cp312-manylinux_2_17_x86_64.manylinux2014_x86_64.whl (23 kB)
Using cached mpmath-1.3.0-py3-none-any.whl (536 kB)
Installing collected packages: nvidia-cusparselt-cu12, mpmath, typing-extensions, sympy, setuptools, pluggy, packaging, nvidia-nvtx-cu12, nvidia-nvjitlink-cu12, nvidia-nccl-cu12, nvidia-curand-cu12, nvidia-cufile-cu12, nvidia-cuda-runtime-cu12, nvidia-cuda-nvrtc-cu12, nvidia-cuda-cupti-cu12, nvidia-cublas-cu12, networkx, MarkupSafe, iniconfig, fsspec, filelock, triton, pytest, nvidia-cusparse-cu12, nvidia-cufft-cu12, nvidia-cudnn-cu12, jinja2, nvidia-cusolver-cu12, torch
Successfully installed MarkupSafe-3.0.2 filelock-3.18.0 fsspec-2025.3.2 iniconfig-2.1.0 jinja2-3.1.6 mpmath-1.3.0 networkx-3.4.2 nvidia-cublas-cu12-12.6.4.1 nvidia-cuda-cupti-cu12-12.6.80 nvidia-cuda-nvrtc-cu12-12.6.77 nvidia-cuda-runtime-cu12-12.6.77 nvidia-cudnn-cu12-9.5.1.17 nvidia-cufft-cu12-11.3.0.4 nvidia-cufile-cu12-1.11.1.6 nvidia-curand-cu12-10.3.7.77 nvidia-cusolver-cu12-11.7.1.2 nvidia-cusparse-cu12-12.5.4.2 nvidia-cusparselt-cu12-0.6.3 nvidia-nccl-cu12-2.26.2 nvidia-nvjitlink-cu12-12.6.85 nvidia-nvtx-cu12-12.6.77 packaging-25.0 pluggy-1.5.0 pytest-8.3.5 setuptools-80.0.0 sympy-1.14.0 torch-2.7.0 triton-3.3.0 typing-extensions-4.13.2

[notice] A new release of pip is available: 24.0 -> 25.0.1
[notice] To update, run: pip install --upgrade pip
Cloning into 'flash-attention'...
/gpfs/scratch1/shared/mschaffelder/venv/lib/python3.12/site-packages/torch/_subclasses/functional_tensor.py:276: UserWarning: Failed to initialize NumPy: No module named 'numpy' (Triggered internally at /pytorch/torch/csrc/utils/tensor_numpy.cpp:81.)
  cpu = _conversion_method_template(device=torch.device("cpu"))
Submodule 'csrc/cutlass' (https://github.com/NVIDIA/cutlass.git) registered for path '../csrc/cutlass'
Cloning into '/gpfs/scratch1/shared/mschaffelder/flash-attention/csrc/cutlass'...
Submodule path '../csrc/cutlass': checked out '62750a2b75c802660e4894434dc55e839f322277'
/gpfs/scratch1/shared/mschaffelder/venv/lib/python3.12/site-packages/setuptools/dist.py:334: InformationOnly: Normalizing '3.0.0.b1' to '3.0.0b1'
  self.metadata.version = self._normalize_version(self.metadata.version)
/gpfs/scratch1/shared/mschaffelder/venv/lib/python3.12/site-packages/setuptools/dist.py:759: SetuptoolsDeprecationWarning: License classifiers are deprecated.
!!

        ********************************************************************************
        Please consider removing the following classifiers in favor of a SPDX license expression:

        License :: OSI Approved :: Apache Software License

        See https://packaging.python.org/en/latest/guides/writing-pyproject-toml/#license for details.
        ********************************************************************************

!!
  self._finalize_license_expression()


torch.__version__  = 2.7.0+cu126


copy /home/mschaffelder/.flashattn/nvidia/nvcc/cuda_nvcc-linux-x86_64-12.6.85-archive/bin to /gpfs/scratch1/shared/mschaffelder/flash-attention/hopper/../third_party/nvidia/backend/bin ...
copy /home/mschaffelder/.flashattn/nvidia/ptxas/cuda_nvcc-linux-x86_64-12.8.93-archive/bin/ptxas to /gpfs/scratch1/shared/mschaffelder/flash-attention/hopper/../third_party/nvidia/backend/bin ...
copy /home/mschaffelder/.flashattn/nvidia/ptxas/cuda_nvcc-linux-x86_64-12.8.93-archive/nvvm/bin to /gpfs/scratch1/shared/mschaffelder/flash-attention/hopper/../third_party/nvidia/backend/nvvm/bin ...
running install
/gpfs/scratch1/shared/mschaffelder/venv/lib/python3.12/site-packages/setuptools/_distutils/cmd.py:90: SetuptoolsDeprecationWarning: setup.py install is deprecated.
!!

        ********************************************************************************
        Please avoid running ``setup.py`` directly.
        Instead, use pypa/build, pypa/installer or other
        standards-based tools.

        See https://blog.ganssle.io/articles/2021/10/setup-py-deprecated.html for details.
        ********************************************************************************

!!
  self.initialize_options()
Traceback (most recent call last):
  File "/gpfs/scratch1/shared/mschaffelder/flash-attention/hopper/setup.py", line 621, in <module>
    setup(
  File "/gpfs/scratch1/shared/mschaffelder/venv/lib/python3.12/site-packages/setuptools/__init__.py", line 117, in setup
    return distutils.core.setup(**attrs)
           ^^^^^^^^^^^^^^^^^^^^^^^^^^^^^
  File "/gpfs/scratch1/shared/mschaffelder/venv/lib/python3.12/site-packages/setuptools/_distutils/core.py", line 186, in setup
    return run_commands(dist)
           ^^^^^^^^^^^^^^^^^^
  File "/gpfs/scratch1/shared/mschaffelder/venv/lib/python3.12/site-packages/setuptools/_distutils/core.py", line 202, in run_commands
    dist.run_commands()
  File "/gpfs/scratch1/shared/mschaffelder/venv/lib/python3.12/site-packages/setuptools/_distutils/dist.py", line 1002, in run_commands
    self.run_command(cmd)
  File "/gpfs/scratch1/shared/mschaffelder/venv/lib/python3.12/site-packages/setuptools/dist.py", line 1104, in run_command
    super().run_command(command)
  File "/gpfs/scratch1/shared/mschaffelder/venv/lib/python3.12/site-packages/setuptools/_distutils/dist.py", line 1021, in run_command
    cmd_obj.run()
  File "/gpfs/scratch1/shared/mschaffelder/venv/lib/python3.12/site-packages/setuptools/command/install.py", line 105, in run
    self.do_egg_install()
  File "/gpfs/scratch1/shared/mschaffelder/venv/lib/python3.12/site-packages/setuptools/command/install.py", line 143, in do_egg_install
    raise NotImplementedError("Support for egg-based install has been removed.")
NotImplementedError: Support for egg-based install has been removed.
cp: cannot stat '../tests/test_utils': No such file or directory
sed: can't read test_utils.py: No such file or directory

==================================== ERRORS ====================================
_____________________ ERROR collecting test_flash_attn.py ______________________
ImportError while importing test module '/gpfs/scratch1/shared/mschaffelder/flash-attention/hopper/test_flash_attn.py'.
Hint: make sure your test modules/packages have valid Python names.
Traceback:
/sw/arch/RHEL9/EB_production/2024/software/Python/3.12.3-GCCcore-13.3.0/lib/python3.12/importlib/__init__.py:90: in import_module
    return _bootstrap._gcd_import(name[level:], package, level)
test_flash_attn.py:9: in <module>
    from einops import rearrange, repeat
E   ModuleNotFoundError: No module named 'einops'
=============================== warnings summary ===============================
../../venv/lib/python3.12/site-packages/torch/_subclasses/functional_tensor.py:276
  /gpfs/scratch1/shared/mschaffelder/venv/lib/python3.12/site-packages/torch/_subclasses/functional_tensor.py:276: UserWarning: Failed to initialize NumPy: No module named 'numpy' (Triggered internally at /pytorch/torch/csrc/utils/tensor_numpy.cpp:81.)
    cpu = _conversion_method_template(device=torch.device("cpu"))

-- Docs: https://docs.pytest.org/en/stable/how-to/capture-warnings.html
=========================== short test summary info ============================
ERROR test_flash_attn.py
!!!!!!!!!!!!!!!!!!!! Interrupted: 1 error during collection !!!!!!!!!!!!!!!!!!!!
1 warning, 1 error in 1.34s

JOB STATISTICS
==============
Job ID: 11427161
Cluster: snellius
User/Group: mschaffelder/mschaffelder
State: RUNNING
Nodes: 1
Cores per node: 16
CPU Utilized: 00:00:00
CPU Efficiency: 0.00% of 00:24:48 core-walltime
Job Wall-clock time: 00:01:33
Memory Utilized: 0.00 MB
Memory Efficiency: 0.00% of 180.00 GB (180.00 GB/node)
WARNING: Efficiency statistics can only be obtained after the job has ended as seff tool is based on the accounting database data.
