Collecting torch
  Using cached torch-2.7.0-cp312-cp312-manylinux_2_28_x86_64.whl.metadata (29 kB)
Collecting pytest
  Using cached pytest-8.3.5-py3-none-any.whl.metadata (7.6 kB)
Collecting einops
  Downloading einops-0.8.1-py3-none-any.whl.metadata (13 kB)
Collecting numpy
  Using cached numpy-2.2.5-cp312-cp312-manylinux_2_17_x86_64.manylinux2014_x86_64.whl.metadata (62 kB)
Collecting filelock (from torch)
  Using cached filelock-3.18.0-py3-none-any.whl.metadata (2.9 kB)
Collecting typing-extensions>=4.10.0 (from torch)
  Using cached typing_extensions-4.13.2-py3-none-any.whl.metadata (3.0 kB)
Collecting setuptools (from torch)
  Using cached setuptools-80.0.0-py3-none-any.whl.metadata (6.5 kB)
Collecting sympy>=1.13.3 (from torch)
  Using cached sympy-1.14.0-py3-none-any.whl.metadata (12 kB)
Collecting networkx (from torch)
  Using cached networkx-3.4.2-py3-none-any.whl.metadata (6.3 kB)
Collecting jinja2 (from torch)
  Using cached jinja2-3.1.6-py3-none-any.whl.metadata (2.9 kB)
Collecting fsspec (from torch)
  Using cached fsspec-2025.3.2-py3-none-any.whl.metadata (11 kB)
Collecting nvidia-cuda-nvrtc-cu12==12.6.77 (from torch)
  Using cached nvidia_cuda_nvrtc_cu12-12.6.77-py3-none-manylinux2014_x86_64.whl.metadata (1.5 kB)
Collecting nvidia-cuda-runtime-cu12==12.6.77 (from torch)
  Using cached nvidia_cuda_runtime_cu12-12.6.77-py3-none-manylinux2014_x86_64.manylinux_2_17_x86_64.whl.metadata (1.5 kB)
Collecting nvidia-cuda-cupti-cu12==12.6.80 (from torch)
  Using cached nvidia_cuda_cupti_cu12-12.6.80-py3-none-manylinux2014_x86_64.manylinux_2_17_x86_64.whl.metadata (1.6 kB)
Collecting nvidia-cudnn-cu12==9.5.1.17 (from torch)
  Using cached nvidia_cudnn_cu12-9.5.1.17-py3-none-manylinux_2_28_x86_64.whl.metadata (1.6 kB)
Collecting nvidia-cublas-cu12==12.6.4.1 (from torch)
  Using cached nvidia_cublas_cu12-12.6.4.1-py3-none-manylinux2014_x86_64.manylinux_2_17_x86_64.whl.metadata (1.5 kB)
Collecting nvidia-cufft-cu12==11.3.0.4 (from torch)
  Using cached nvidia_cufft_cu12-11.3.0.4-py3-none-manylinux2014_x86_64.manylinux_2_17_x86_64.whl.metadata (1.5 kB)
Collecting nvidia-curand-cu12==10.3.7.77 (from torch)
  Using cached nvidia_curand_cu12-10.3.7.77-py3-none-manylinux2014_x86_64.manylinux_2_17_x86_64.whl.metadata (1.5 kB)
Collecting nvidia-cusolver-cu12==11.7.1.2 (from torch)
  Using cached nvidia_cusolver_cu12-11.7.1.2-py3-none-manylinux2014_x86_64.manylinux_2_17_x86_64.whl.metadata (1.6 kB)
Collecting nvidia-cusparse-cu12==12.5.4.2 (from torch)
  Using cached nvidia_cusparse_cu12-12.5.4.2-py3-none-manylinux2014_x86_64.manylinux_2_17_x86_64.whl.metadata (1.6 kB)
Collecting nvidia-cusparselt-cu12==0.6.3 (from torch)
  Using cached nvidia_cusparselt_cu12-0.6.3-py3-none-manylinux2014_x86_64.whl.metadata (6.8 kB)
Collecting nvidia-nccl-cu12==2.26.2 (from torch)
  Using cached nvidia_nccl_cu12-2.26.2-py3-none-manylinux2014_x86_64.manylinux_2_17_x86_64.whl.metadata (2.0 kB)
Collecting nvidia-nvtx-cu12==12.6.77 (from torch)
  Using cached nvidia_nvtx_cu12-12.6.77-py3-none-manylinux2014_x86_64.manylinux_2_17_x86_64.whl.metadata (1.6 kB)
Collecting nvidia-nvjitlink-cu12==12.6.85 (from torch)
  Using cached nvidia_nvjitlink_cu12-12.6.85-py3-none-manylinux2010_x86_64.manylinux_2_12_x86_64.whl.metadata (1.5 kB)
Collecting nvidia-cufile-cu12==1.11.1.6 (from torch)
  Using cached nvidia_cufile_cu12-1.11.1.6-py3-none-manylinux2014_x86_64.manylinux_2_17_x86_64.whl.metadata (1.5 kB)
Collecting triton==3.3.0 (from torch)
  Using cached triton-3.3.0-cp312-cp312-manylinux_2_27_x86_64.manylinux_2_28_x86_64.whl.metadata (1.5 kB)
Collecting iniconfig (from pytest)
  Using cached iniconfig-2.1.0-py3-none-any.whl.metadata (2.7 kB)
Collecting packaging (from pytest)
  Using cached packaging-25.0-py3-none-any.whl.metadata (3.3 kB)
Collecting pluggy<2,>=1.5 (from pytest)
  Using cached pluggy-1.5.0-py3-none-any.whl.metadata (4.8 kB)
Collecting mpmath<1.4,>=1.1.0 (from sympy>=1.13.3->torch)
  Using cached mpmath-1.3.0-py3-none-any.whl.metadata (8.6 kB)
Collecting MarkupSafe>=2.0 (from jinja2->torch)
  Using cached MarkupSafe-3.0.2-cp312-cp312-manylinux_2_17_x86_64.manylinux2014_x86_64.whl.metadata (4.0 kB)
Using cached torch-2.7.0-cp312-cp312-manylinux_2_28_x86_64.whl (865.0 MB)
Using cached nvidia_cublas_cu12-12.6.4.1-py3-none-manylinux2014_x86_64.manylinux_2_17_x86_64.whl (393.1 MB)
Using cached nvidia_cuda_cupti_cu12-12.6.80-py3-none-manylinux2014_x86_64.manylinux_2_17_x86_64.whl (8.9 MB)
Using cached nvidia_cuda_nvrtc_cu12-12.6.77-py3-none-manylinux2014_x86_64.whl (23.7 MB)
Using cached nvidia_cuda_runtime_cu12-12.6.77-py3-none-manylinux2014_x86_64.manylinux_2_17_x86_64.whl (897 kB)
Using cached nvidia_cudnn_cu12-9.5.1.17-py3-none-manylinux_2_28_x86_64.whl (571.0 MB)
Using cached nvidia_cufft_cu12-11.3.0.4-py3-none-manylinux2014_x86_64.manylinux_2_17_x86_64.whl (200.2 MB)
Using cached nvidia_cufile_cu12-1.11.1.6-py3-none-manylinux2014_x86_64.manylinux_2_17_x86_64.whl (1.1 MB)
Using cached nvidia_curand_cu12-10.3.7.77-py3-none-manylinux2014_x86_64.manylinux_2_17_x86_64.whl (56.3 MB)
Using cached nvidia_cusolver_cu12-11.7.1.2-py3-none-manylinux2014_x86_64.manylinux_2_17_x86_64.whl (158.2 MB)
Using cached nvidia_cusparse_cu12-12.5.4.2-py3-none-manylinux2014_x86_64.manylinux_2_17_x86_64.whl (216.6 MB)
Using cached nvidia_cusparselt_cu12-0.6.3-py3-none-manylinux2014_x86_64.whl (156.8 MB)
Using cached nvidia_nccl_cu12-2.26.2-py3-none-manylinux2014_x86_64.manylinux_2_17_x86_64.whl (201.3 MB)
Using cached nvidia_nvjitlink_cu12-12.6.85-py3-none-manylinux2010_x86_64.manylinux_2_12_x86_64.whl (19.7 MB)
Using cached nvidia_nvtx_cu12-12.6.77-py3-none-manylinux2014_x86_64.manylinux_2_17_x86_64.whl (89 kB)
Using cached triton-3.3.0-cp312-cp312-manylinux_2_27_x86_64.manylinux_2_28_x86_64.whl (156.5 MB)
Using cached pytest-8.3.5-py3-none-any.whl (343 kB)
Downloading einops-0.8.1-py3-none-any.whl (64 kB)
   ━━━━━━━━━━━━━━━━━━━━━━━━━━━━━━━━━━━━━━━━ 64.4/64.4 kB 8.4 MB/s eta 0:00:00
Using cached numpy-2.2.5-cp312-cp312-manylinux_2_17_x86_64.manylinux2014_x86_64.whl (16.1 MB)
Using cached pluggy-1.5.0-py3-none-any.whl (20 kB)
Using cached setuptools-80.0.0-py3-none-any.whl (1.2 MB)
Using cached sympy-1.14.0-py3-none-any.whl (6.3 MB)
Using cached typing_extensions-4.13.2-py3-none-any.whl (45 kB)
Using cached filelock-3.18.0-py3-none-any.whl (16 kB)
Using cached fsspec-2025.3.2-py3-none-any.whl (194 kB)
Using cached iniconfig-2.1.0-py3-none-any.whl (6.0 kB)
Using cached jinja2-3.1.6-py3-none-any.whl (134 kB)
Using cached networkx-3.4.2-py3-none-any.whl (1.7 MB)
Using cached packaging-25.0-py3-none-any.whl (66 kB)
Using cached MarkupSafe-3.0.2-cp312-cp312-manylinux_2_17_x86_64.manylinux2014_x86_64.whl (23 kB)
Using cached mpmath-1.3.0-py3-none-any.whl (536 kB)
Installing collected packages: nvidia-cusparselt-cu12, mpmath, typing-extensions, sympy, setuptools, pluggy, packaging, nvidia-nvtx-cu12, nvidia-nvjitlink-cu12, nvidia-nccl-cu12, nvidia-curand-cu12, nvidia-cufile-cu12, nvidia-cuda-runtime-cu12, nvidia-cuda-nvrtc-cu12, nvidia-cuda-cupti-cu12, nvidia-cublas-cu12, numpy, networkx, MarkupSafe, iniconfig, fsspec, filelock, einops, triton, pytest, nvidia-cusparse-cu12, nvidia-cufft-cu12, nvidia-cudnn-cu12, jinja2, nvidia-cusolver-cu12, torch
Successfully installed MarkupSafe-3.0.2 einops-0.8.1 filelock-3.18.0 fsspec-2025.3.2 iniconfig-2.1.0 jinja2-3.1.6 mpmath-1.3.0 networkx-3.4.2 numpy-2.2.5 nvidia-cublas-cu12-12.6.4.1 nvidia-cuda-cupti-cu12-12.6.80 nvidia-cuda-nvrtc-cu12-12.6.77 nvidia-cuda-runtime-cu12-12.6.77 nvidia-cudnn-cu12-9.5.1.17 nvidia-cufft-cu12-11.3.0.4 nvidia-cufile-cu12-1.11.1.6 nvidia-curand-cu12-10.3.7.77 nvidia-cusolver-cu12-11.7.1.2 nvidia-cusparse-cu12-12.5.4.2 nvidia-cusparselt-cu12-0.6.3 nvidia-nccl-cu12-2.26.2 nvidia-nvjitlink-cu12-12.6.85 nvidia-nvtx-cu12-12.6.77 packaging-25.0 pluggy-1.5.0 pytest-8.3.5 setuptools-80.0.0 sympy-1.14.0 torch-2.7.0 triton-3.3.0 typing-extensions-4.13.2

[notice] A new release of pip is available: 24.0 -> 25.0.1
[notice] To update, run: pip install --upgrade pip
Collecting flash-attn
  Using cached flash_attn-2.7.4.post1.tar.gz (6.0 MB)
  Preparing metadata (pyproject.toml): started
  Preparing metadata (pyproject.toml): finished with status 'error'
  error: subprocess-exited-with-error
  
  × Preparing metadata (pyproject.toml) did not run successfully.
  │ exit code: 1
  ╰─> [80 lines of output]
      /gpfs/scratch1/shared/mschaffelder/venv/lib/python3.12/site-packages/setuptools/dist.py:759: SetuptoolsDeprecationWarning: License classifiers are deprecated.
      !!
      
              ********************************************************************************
              Please consider removing the following classifiers in favor of a SPDX license expression:
      
              License :: OSI Approved :: BSD License
      
              See https://packaging.python.org/en/latest/guides/writing-pyproject-toml/#license for details.
              ********************************************************************************
      
      !!
        self._finalize_license_expression()
      
      
      torch.__version__  = 2.7.0+cu126
      
      
      running dist_info
      creating /gpfs/scratch1/nodespecific/gcn108/mschaffelder.11427292/pip-modern-metadata-nmkma_9u/flash_attn.egg-info
      writing /gpfs/scratch1/nodespecific/gcn108/mschaffelder.11427292/pip-modern-metadata-nmkma_9u/flash_attn.egg-info/PKG-INFO
      writing dependency_links to /gpfs/scratch1/nodespecific/gcn108/mschaffelder.11427292/pip-modern-metadata-nmkma_9u/flash_attn.egg-info/dependency_links.txt
      writing requirements to /gpfs/scratch1/nodespecific/gcn108/mschaffelder.11427292/pip-modern-metadata-nmkma_9u/flash_attn.egg-info/requires.txt
      writing top-level names to /gpfs/scratch1/nodespecific/gcn108/mschaffelder.11427292/pip-modern-metadata-nmkma_9u/flash_attn.egg-info/top_level.txt
      writing manifest file '/gpfs/scratch1/nodespecific/gcn108/mschaffelder.11427292/pip-modern-metadata-nmkma_9u/flash_attn.egg-info/SOURCES.txt'
      Traceback (most recent call last):
        File "/gpfs/scratch1/shared/mschaffelder/venv/lib/python3.12/site-packages/pip/_vendor/pyproject_hooks/_in_process/_in_process.py", line 353, in <module>
          main()
        File "/gpfs/scratch1/shared/mschaffelder/venv/lib/python3.12/site-packages/pip/_vendor/pyproject_hooks/_in_process/_in_process.py", line 335, in main
          json_out['return_val'] = hook(**hook_input['kwargs'])
                                   ^^^^^^^^^^^^^^^^^^^^^^^^^^^^
        File "/gpfs/scratch1/shared/mschaffelder/venv/lib/python3.12/site-packages/pip/_vendor/pyproject_hooks/_in_process/_in_process.py", line 149, in prepare_metadata_for_build_wheel
          return hook(metadata_directory, config_settings)
                 ^^^^^^^^^^^^^^^^^^^^^^^^^^^^^^^^^^^^^^^^^
        File "/gpfs/scratch1/shared/mschaffelder/venv/lib/python3.12/site-packages/setuptools/build_meta.py", line 374, in prepare_metadata_for_build_wheel
          self.run_setup()
        File "/gpfs/scratch1/shared/mschaffelder/venv/lib/python3.12/site-packages/setuptools/build_meta.py", line 512, in run_setup
          super().run_setup(setup_script=setup_script)
        File "/gpfs/scratch1/shared/mschaffelder/venv/lib/python3.12/site-packages/setuptools/build_meta.py", line 317, in run_setup
          exec(code, locals())
        File "<string>", line 526, in <module>
        File "/gpfs/scratch1/shared/mschaffelder/venv/lib/python3.12/site-packages/setuptools/__init__.py", line 117, in setup
          return distutils.core.setup(**attrs)
                 ^^^^^^^^^^^^^^^^^^^^^^^^^^^^^
        File "/gpfs/scratch1/shared/mschaffelder/venv/lib/python3.12/site-packages/setuptools/_distutils/core.py", line 186, in setup
          return run_commands(dist)
                 ^^^^^^^^^^^^^^^^^^
        File "/gpfs/scratch1/shared/mschaffelder/venv/lib/python3.12/site-packages/setuptools/_distutils/core.py", line 202, in run_commands
          dist.run_commands()
        File "/gpfs/scratch1/shared/mschaffelder/venv/lib/python3.12/site-packages/setuptools/_distutils/dist.py", line 1002, in run_commands
          self.run_command(cmd)
        File "/gpfs/scratch1/shared/mschaffelder/venv/lib/python3.12/site-packages/setuptools/dist.py", line 1104, in run_command
          super().run_command(command)
        File "/gpfs/scratch1/shared/mschaffelder/venv/lib/python3.12/site-packages/setuptools/_distutils/dist.py", line 1021, in run_command
          cmd_obj.run()
        File "/gpfs/scratch1/shared/mschaffelder/venv/lib/python3.12/site-packages/setuptools/command/dist_info.py", line 94, in run
          self.egg_info.run()
        File "/gpfs/scratch1/shared/mschaffelder/venv/lib/python3.12/site-packages/setuptools/command/egg_info.py", line 312, in run
          self.find_sources()
        File "/gpfs/scratch1/shared/mschaffelder/venv/lib/python3.12/site-packages/setuptools/command/egg_info.py", line 320, in find_sources
          mm.run()
        File "/gpfs/scratch1/shared/mschaffelder/venv/lib/python3.12/site-packages/setuptools/command/egg_info.py", line 543, in run
          self.add_defaults()
        File "/gpfs/scratch1/shared/mschaffelder/venv/lib/python3.12/site-packages/setuptools/command/egg_info.py", line 581, in add_defaults
          sdist.add_defaults(self)
        File "/gpfs/scratch1/shared/mschaffelder/venv/lib/python3.12/site-packages/setuptools/command/sdist.py", line 109, in add_defaults
          super().add_defaults()
        File "/gpfs/scratch1/shared/mschaffelder/venv/lib/python3.12/site-packages/setuptools/_distutils/command/sdist.py", line 245, in add_defaults
          self._add_defaults_ext()
        File "/gpfs/scratch1/shared/mschaffelder/venv/lib/python3.12/site-packages/setuptools/_distutils/command/sdist.py", line 329, in _add_defaults_ext
          build_ext = self.get_finalized_command('build_ext')
                      ^^^^^^^^^^^^^^^^^^^^^^^^^^^^^^^^^^^^^^^
        File "/gpfs/scratch1/shared/mschaffelder/venv/lib/python3.12/site-packages/setuptools/_distutils/cmd.py", line 333, in get_finalized_command
          cmd_obj = self.distribution.get_command_obj(command, create)
                    ^^^^^^^^^^^^^^^^^^^^^^^^^^^^^^^^^^^^^^^^^^^^^^^^^^
        File "/gpfs/scratch1/shared/mschaffelder/venv/lib/python3.12/site-packages/setuptools/_distutils/dist.py", line 885, in get_command_obj
          cmd_obj = self.command_obj[command] = klass(self)
                                                ^^^^^^^^^^^
        File "<string>", line 510, in __init__
      ModuleNotFoundError: No module named 'psutil'
      [end of output]
  
  note: This error originates from a subprocess, and is likely not a problem with pip.
error: metadata-generation-failed

× Encountered error while generating package metadata.
╰─> See above for output.

note: This is an issue with the package mentioned above, not pip.
hint: See above for details.

[notice] A new release of pip is available: 24.0 -> 25.0.1
[notice] To update, run: pip install --upgrade pip
Traceback (most recent call last):
  File "<string>", line 1, in <module>
ModuleNotFoundError: No module named 'flash_attn'

JOB STATISTICS
==============
Job ID: 11427292
Cluster: snellius
User/Group: mschaffelder/mschaffelder
State: FAILED (exit code 1)
Nodes: 1
Cores per node: 16
CPU Utilized: 00:01:02
CPU Efficiency: 4.26% of 00:24:16 core-walltime
Job Wall-clock time: 00:01:31
Memory Utilized: 130.08 MB
Memory Efficiency: 0.07% of 180.00 GB (180.00 GB/node)
