Error: [Errno 13] Permission denied: '/gpfs/scratch1/shared/mschaffelder/venv/bin/activate.csh'
ERROR: Could not open requirements file: [Errno 2] No such file or directory: 'requirements.txt'

[notice] A new release of pip is available: 24.0 -> 25.1.1
[notice] To update, run: pip install --upgrade pip
Requirement already satisfied: torch in ./venv/lib/python3.12/site-packages (2.7.0)
Requirement already satisfied: numpy in ./venv/lib/python3.12/site-packages (2.2.5)
Requirement already satisfied: pytest in ./venv/lib/python3.12/site-packages (8.3.5)
Requirement already satisfied: packaging in ./venv/lib/python3.12/site-packages (25.0)
Requirement already satisfied: setuptools in ./venv/lib/python3.12/site-packages (80.1.0)
Requirement already satisfied: einops in ./venv/lib/python3.12/site-packages (0.8.1)
Requirement already satisfied: ninja in ./venv/lib/python3.12/site-packages (1.11.1.4)
Requirement already satisfied: filelock in ./venv/lib/python3.12/site-packages (from torch) (3.18.0)
Requirement already satisfied: typing-extensions>=4.10.0 in ./venv/lib/python3.12/site-packages (from torch) (4.13.2)
Requirement already satisfied: sympy>=1.13.3 in ./venv/lib/python3.12/site-packages (from torch) (1.14.0)
Requirement already satisfied: networkx in ./venv/lib/python3.12/site-packages (from torch) (3.4.2)
Requirement already satisfied: jinja2 in ./venv/lib/python3.12/site-packages (from torch) (3.1.6)
Requirement already satisfied: fsspec in ./venv/lib/python3.12/site-packages (from torch) (2025.3.2)
Requirement already satisfied: nvidia-cuda-nvrtc-cu12==12.6.77 in ./venv/lib/python3.12/site-packages (from torch) (12.6.77)
Requirement already satisfied: nvidia-cuda-runtime-cu12==12.6.77 in ./venv/lib/python3.12/site-packages (from torch) (12.6.77)
Requirement already satisfied: nvidia-cuda-cupti-cu12==12.6.80 in ./venv/lib/python3.12/site-packages (from torch) (12.6.80)
Requirement already satisfied: nvidia-cudnn-cu12==9.5.1.17 in ./venv/lib/python3.12/site-packages (from torch) (9.5.1.17)
Requirement already satisfied: nvidia-cublas-cu12==12.6.4.1 in ./venv/lib/python3.12/site-packages (from torch) (12.6.4.1)
Requirement already satisfied: nvidia-cufft-cu12==11.3.0.4 in ./venv/lib/python3.12/site-packages (from torch) (11.3.0.4)
Requirement already satisfied: nvidia-curand-cu12==10.3.7.77 in ./venv/lib/python3.12/site-packages (from torch) (10.3.7.77)
Requirement already satisfied: nvidia-cusolver-cu12==11.7.1.2 in ./venv/lib/python3.12/site-packages (from torch) (11.7.1.2)
Requirement already satisfied: nvidia-cusparse-cu12==12.5.4.2 in ./venv/lib/python3.12/site-packages (from torch) (12.5.4.2)
Requirement already satisfied: nvidia-cusparselt-cu12==0.6.3 in ./venv/lib/python3.12/site-packages (from torch) (0.6.3)
Requirement already satisfied: nvidia-nccl-cu12==2.26.2 in ./venv/lib/python3.12/site-packages (from torch) (2.26.2)
Requirement already satisfied: nvidia-nvtx-cu12==12.6.77 in ./venv/lib/python3.12/site-packages (from torch) (12.6.77)
Requirement already satisfied: nvidia-nvjitlink-cu12==12.6.85 in ./venv/lib/python3.12/site-packages (from torch) (12.6.85)
Requirement already satisfied: nvidia-cufile-cu12==1.11.1.6 in ./venv/lib/python3.12/site-packages (from torch) (1.11.1.6)
Requirement already satisfied: triton==3.3.0 in ./venv/lib/python3.12/site-packages (from torch) (3.3.0)
Requirement already satisfied: iniconfig in ./venv/lib/python3.12/site-packages (from pytest) (2.1.0)
Requirement already satisfied: pluggy<2,>=1.5 in ./venv/lib/python3.12/site-packages (from pytest) (1.5.0)
Requirement already satisfied: mpmath<1.4,>=1.1.0 in ./venv/lib/python3.12/site-packages (from sympy>=1.13.3->torch) (1.3.0)
Requirement already satisfied: MarkupSafe>=2.0 in ./venv/lib/python3.12/site-packages (from jinja2->torch) (3.0.2)

[notice] A new release of pip is available: 24.0 -> 25.1.1
[notice] To update, run: pip install --upgrade pip
Collecting flash-attn==2.7.2.post1
  Using cached flash_attn-2.7.2.post1.tar.gz (3.1 MB)
  Installing build dependencies: started
  Installing build dependencies: finished with status 'done'
  Getting requirements to build wheel: started
  Getting requirements to build wheel: finished with status 'error'
  error: subprocess-exited-with-error
  
  × Getting requirements to build wheel did not run successfully.
  │ exit code: 1
  ╰─> [20 lines of output]
      Traceback (most recent call last):
        File "/gpfs/scratch1/shared/mschaffelder/venv/lib/python3.12/site-packages/pip/_vendor/pyproject_hooks/_in_process/_in_process.py", line 353, in <module>
          main()
        File "/gpfs/scratch1/shared/mschaffelder/venv/lib/python3.12/site-packages/pip/_vendor/pyproject_hooks/_in_process/_in_process.py", line 335, in main
          json_out['return_val'] = hook(**hook_input['kwargs'])
                                   ^^^^^^^^^^^^^^^^^^^^^^^^^^^^
        File "/gpfs/scratch1/shared/mschaffelder/venv/lib/python3.12/site-packages/pip/_vendor/pyproject_hooks/_in_process/_in_process.py", line 118, in get_requires_for_build_wheel
          return hook(config_settings)
                 ^^^^^^^^^^^^^^^^^^^^^
        File "/gpfs/scratch1/nodespecific/gcn105/mschaffelder.11545984/pip-build-env-z_b47dgj/overlay/lib/python3.12/site-packages/setuptools/build_meta.py", line 331, in get_requires_for_build_wheel
          return self._get_build_requires(config_settings, requirements=[])
                 ^^^^^^^^^^^^^^^^^^^^^^^^^^^^^^^^^^^^^^^^^^^^^^^^^^^^^^^^^^
        File "/gpfs/scratch1/nodespecific/gcn105/mschaffelder.11545984/pip-build-env-z_b47dgj/overlay/lib/python3.12/site-packages/setuptools/build_meta.py", line 301, in _get_build_requires
          self.run_setup()
        File "/gpfs/scratch1/nodespecific/gcn105/mschaffelder.11545984/pip-build-env-z_b47dgj/overlay/lib/python3.12/site-packages/setuptools/build_meta.py", line 512, in run_setup
          super().run_setup(setup_script=setup_script)
        File "/gpfs/scratch1/nodespecific/gcn105/mschaffelder.11545984/pip-build-env-z_b47dgj/overlay/lib/python3.12/site-packages/setuptools/build_meta.py", line 317, in run_setup
          exec(code, locals())
        File "<string>", line 21, in <module>
      ModuleNotFoundError: No module named 'torch'
      [end of output]
  
  note: This error originates from a subprocess, and is likely not a problem with pip.
error: subprocess-exited-with-error

× Getting requirements to build wheel did not run successfully.
│ exit code: 1
╰─> See above for output.

note: This error originates from a subprocess, and is likely not a problem with pip.

[notice] A new release of pip is available: 24.0 -> 25.1.1
[notice] To update, run: pip install --upgrade pip

JOB STATISTICS
==============
Job ID: 11545984
Cluster: snellius
User/Group: mschaffelder/mschaffelder
State: FAILED (exit code 1)
Nodes: 1
Cores per node: 16
CPU Utilized: 00:00:08
CPU Efficiency: 0.74% of 00:18:08 core-walltime
Job Wall-clock time: 00:01:08
Memory Utilized: 56.99 MB
Memory Efficiency: 0.03% of 180.00 GB (180.00 GB/node)
